--------- beginning of main
03-22 14:39:01.327  1465  1465 I TaskManager:PackageInfo: RunningApp[Service] - pkg:tv.peel.smartremote
03-22 14:39:01.327  1465  1465 I TaskManager:PackageInfo: RunningApp[Service] - pkg:com.sec.android.pagebuddynotisvc
03-22 14:39:01.327  1465  1465 I TaskManager:PackageInfo: RunningApp[Service] - pkg:com.telecomsys.directedsms.android.SCG
03-22 14:39:01.327  1465  1465 I TaskManager:PackageInfo: RunningApp[Service] - pkg:com.android.server.telecom
03-22 14:39:01.327  1465  1465 I TaskManager:PackageInfo: RunningApp[Service] - pkg:com.android.stk
03-22 14:39:01.327  1465  1465 I TaskManager:PackageInfo: RunningApp[Service] - pkg:com.vzw.apnservice
03-22 14:39:01.327  1465  1465 I TaskManager:PackageInfo: RunningApp[Service] - pkg:android
03-22 14:39:01.327  1465  1465 I TaskManager:PackageInfo: RunningApp[Service] - pkg:com.google.android.apps.maps
03-22 14:39:01.327  1465  1465 I TaskManager:PackageInfo: RunningApp[Service] - pkg:com.ipsec.service
03-22 14:39:01.327  1465  1465 I TaskManager:PackageInfo: RunningApp[Service] - pkg:com.samsung.android.providers.context
03-22 14:39:01.327  1465  1465 I TaskManager:PackageInfo: RunningApp[Service] - pkg:com.asurion.android.verizon.vms
03-22 14:39:01.327  1465  1465 I TaskManager:PackageInfo: RunningApp[Service] - pkg:com.samsung.android.beaconmanager
03-22 14:39:01.327  1465  1465 I TaskManager:PackageInfo: RunningApp[Service] - pkg:com.samsung.accessory
03-22 14:39:01.327  1465  1465 I TaskManager:PackageInfo: RunningApp[Service] - pkg:com.android.phone
03-22 14:39:01.327  1465  1465 V TaskManager:TaskManagerRemoteService: calcCPUUsage() packageName:org.test.myapp usage:19.01528
03-22 14:39:01.327  1465  1465 V TaskManager:TaskManagerRemoteService: calcCPUUsage() packageName:com.sec.android.app.myfiles usage:0.0
03-22 14:39:01.327  1465  1465 V TaskManager:TaskManagerRemoteService: calcCPUUsage() packageName:com.android.chrome usage:0.33955857
03-22 14:39:01.327  1465  1465 V TaskManager:TaskManagerRemoteService: calcCPUUsage() packageName:com.sec.android.app.music usage:0.0
03-22 14:39:01.337  1465  1465 V TaskManager:TaskManagerRemoteService: calcCPUUsage() cpu_warning:true
03-22 14:39:01.337  1465  1465 V TaskManager:TaskManagerRemoteService: calcCPUUsage() cpu_warning_level:level2
03-22 14:39:01.337  1465  1465 V TaskManager:TaskManagerRemoteService: calcCPUUsage() mCpuWarningInfo.mMessage:Program(Sports Tracker …)Battery used by running applications
03-22 14:39:01.337  1465  1465 V TaskManager:TaskManagerRemoteService: calcCPUUsage() top_cpu_usage:19.01528
03-22 14:39:01.337  1465  1465 V TaskManager:TaskManagerRemoteService: calcCPUUsage() total_cpu_usage:19.354837
03-22 14:39:01.337  1465  1465 V TaskManager:TaskManagerRemoteService: Sending cpu warning message broadcast: Intent { act=com.sec.android.app.controlpanel.service.CPU_USAGE_WARN (has extras) }
03-22 14:39:01.337  1465  1465 V TaskManager:TaskManagerRemoteService: PrevCount : 4 , RunningCount : 4
03-22 14:39:01.337  1465  1465 V TaskManager:TaskManagerRemoteService: Sending new running_count : 4
03-22 14:39:01.357 13266 13266 V TaskCloserActivity: TaskCloserActivity onReceive() - com.sec.android.app.controlpanel.service.CPU_USAGE_WARN
03-22 14:39:01.387 13266 13266 V TaskCloserActivity: TaskCloserActivity onReceive() - com.sec.android.app.controlpanel.service.RUNNING_COUNT
03-22 14:39:01.407   315   315 D libEGL  : eglInitialize EGLDisplay = 0xbe839334
03-22 14:39:01.847   798  1281 D InputReader: Input event(5): value=1 when=13940548023000
03-22 14:39:01.847   798  1281 D InputReader: !@notifyKey(116), action=0
03-22 14:39:01.857   798  1281 D InputManager-JNI: !@interceptKeyBeforeQueueing(116), action=0, interactive=true
03-22 14:39:01.877   798  1281 D InputManager-JNI: !@handleInterceptActions(116), action=0, wmActions=0
03-22 14:39:01.997   798  1281 D InputReader: Input event(5): value=0 when=13940691447000
03-22 14:39:01.997   798  1281 D InputReader: !@notifyKey(116), action=1
03-22 14:39:01.997   798  1281 D InputManager-JNI: !@interceptKeyBeforeQueueing(116), action=1, interactive=true
03-22 14:39:02.007   798  1281 D InputManager-JNI: setInteractive(false)
03-22 14:39:02.007   798  1281 D InputManager-JNI: !@handleInterceptActions(116), action=1, wmActions=0
03-22 14:39:02.007   315   315 I SurfaceFlinger: id=408 createSurf (1080x1920),2 flag=404, DolorFade
03-22 14:39:02.017  1361  1390 I PERF    : KeyguardViewMediator - onStartedGoingToSleep() start
03-22 14:39:02.017  1361  1390 D KeyguardViewMediator: onStartedGoingToSleep(2)
03-22 14:39:02.037  1361  1390 I PERF    : KeyguardViewMediator - onStartedGoingToSleep() end
03-22 14:39:02.047  1995  1995 D SamsungIME: onStartInput: No inputType, No imeOption, isInputViewShown = false, isExtractViewShown = false, isShowInputRequested = false, isConfigChanged = false
03-22 14:39:02.067   798   954 D libEGL  : eglInitialize EGLDisplay = 0x9af2b0cc
03-22 14:39:02.067   798   954 D libEGL  : eglTerminate EGLDisplay = 0x9af2b1d4
03-22 14:39:02.107   315   315 D libEGL  : eglInitialize EGLDisplay = 0xbe839334
03-22 14:39:02.127   315   315 D libEGL  : eglInitialize EGLDisplay = 0xbe839334
03-22 14:39:02.127   362   596 D Sensorhubs: readContextData: 1, 1, 7, -1
03-22 14:39:02.127   798  1271 D SensorHubManager: onGetSensorHubDataLocked: library(4) = 1, 1, 7, -1
03-22 14:39:02.147   798  1270 D CAE     : onGetSensorHubData(SensorHubParserProvider.java:92) - onGetSensorHubData Event [event buffer len :4], AP_WAKEUP
03-22 14:39:02.147   798  1270 I CAE     : parse(SensorHubParserProvider.java:188) - buffer size = 4
03-22 14:39:02.147   798  1270 I CAE     : parse(SensorHubParserProvider.java:199) - 1, 1, 7, -1,
03-22 14:39:02.147   798  1270 D CAE     : display(ContextProvider.java:375) - ================= AUTO_ROTATION =================
03-22 14:39:02.147   798  1270 I CAE     : display(ContextProvider.java:391) - Angle=[-1]
03-22 14:39:02.147   798  1273 D SContextService: updateSContext() : event = Auto Rotation
03-22 14:39:02.187   362   596 D Sensorhubs: readContextData: 1, 1, 7, 0
03-22 14:39:02.187   798  1271 D SensorHubManager: onGetSensorHubDataLocked: library(4) = 1, 1, 7, 0
03-22 14:39:02.187   798  1270 D CAE     : onGetSensorHubData(SensorHubParserProvider.java:92) - onGetSensorHubData Event [event buffer len :4], AP_WAKEUP
03-22 14:39:02.187   798  1270 I CAE     : parse(SensorHubParserProvider.java:188) - buffer size = 4
03-22 14:39:02.187   798  1270 I CAE     : parse(SensorHubParserProvider.java:199) - 1, 1, 7, 0,
03-22 14:39:02.187   798  1270 D CAE     : display(ContextProvider.java:375) - ================= AUTO_ROTATION =================
03-22 14:39:02.187   798  1270 I CAE     : display(ContextProvider.java:391) - Angle=[0]
03-22 14:39:02.187   798  1273 D SContextService: updateSContext() : event = Auto Rotation
03-22 14:39:02.327   315   315 D libEGL  : eglInitialize EGLDisplay = 0xbe839334
03-22 14:39:02.387   798  1348 D lights  : lcd : 0 +
03-22 14:39:02.397   798  1348 D lights  : lcd : 0 -
03-22 14:39:02.437  1744  1744 D Launcher.HomeView: onPause
03-22 14:39:02.437  1744  1744 D Launcher: Launcher::setSystemUiTransparency(): getSystemUiVisibility() after setting  = 0
03-22 14:39:02.517   798   954 D SContextService: unregisterCallback() : Listener = android.hardware.scontext.SContextService$Listener@9936c3b, Service = Auto Rotation, used = 0
03-22 14:39:02.527 13266 13266 V TaskCloserActivity: TaskCloserActivity onReceive() - com.sec.android.intent.action.HOME_PAUSE
03-22 14:39:02.537  1361  1361 D PhoneStatusBar: setSystemUiVisibility vis=40008500 mask=ffffffff oldVal=8600 newVal=40008500 diff=40000300
03-22 14:39:02.557  1744  1744 D Launcher.HomeView: onStop
03-22 14:39:02.577   798   954 W CAE     : unregisterCallback(ContextAwareService.java:206) - [unregi 01] Mutex is locked for AUTO_ROTATION
03-22 14:39:02.577   798   954 V CAE     : stop(ContextProvider.java:155)
03-22 14:39:02.577   798   954 V CAE     : clear(AutoRotationRunner.java:182)
03-22 14:39:02.577   798   954 V CAE     : disable(AutoRotationRunner.java:171)
03-22 14:39:02.587   798  1307 D WifiStateMachine:  ConnectedState !CMD_RSSI_POLL  rt=13941280/66476289 46 0 "AiHiWiFi" 98:1e:19:20:71:cf rssi=-63 f=5180 sc=56 link=40 tx=0.1, 0.0, 0.0  rx=0.2 bcn=0 [on:0 tx:0 rx:0 period:3002] from screen [on:0 period:59410365] gl hn rssi=-58 ag=0 ls-=0 [56,56,56,56,56] brc=0 lrc=0 offload-stopped
03-22 14:39:02.587   798  1307 D WifiStateMachine:  L2ConnectedState !CMD_RSSI_POLL  rt=13941281/66476289 46 0 "AiHiWiFi" 98:1e:19:20:71:cf rssi=-63 f=5180 sc=56 link=40 tx=0.1, 0.0, 0.0  rx=0.2 bcn=0 [on:0 tx:0 rx:0 period:1] from screen [on:0 period:59410366] gl hn rssi=-58 ag=0 ls-=0 [56,56,56,56,56] brc=0 lrc=0 offload-stopped
03-22 14:39:02.587   798   954 I CAE     : sendCmdToSensorHub(SensorHubCommManager.java:162) - -78, 7, 0, 0,
03-22 14:39:02.587   798   954 D SensorHubManager: SendSensorHubData: send data = -78, 7, 0, 0
03-22 14:39:02.587   798  1307 D WifiNative-wlan0: doString: [SIGNAL_POLL]
03-22 14:39:02.587  1333  1333 D wpa_supplicant: wlan0: Control interface command 'SIGNAL_POLL'
03-22 14:39:02.587   362 29583 D Sensorhubs: sendContextData: -78, 7, 0, 0
03-22 14:39:02.597   315   315 D libEGL  : eglInitialize EGLDisplay = 0xbe839334
03-22 14:39:02.597  1333  1333 D wpa_supplicant: CTRL-DEBUG: global_ctrl_sock-sendto: sock=11 sndbuf=163840 outq=0 send_len=48
03-22 14:39:02.597   798   954 D CAE     : getFaultDetectionResult(AutoRotationRunner.java:195) - true
03-22 14:39:02.597   798  1307 D WifiStateMachine: fetchRssiLinkSpeedAndFrequencyNative rssi=-64 linkspeed=40 freq=5180
03-22 14:39:02.597   798   954 I CAE     : notifyCmdProcessResultObserver(ContextProvider.java:627) - CheckResult = 0, Cause = Success
03-22 14:39:02.597   798  1307 D WifiStateMachine: calculateWifiScore freq=5180 speed=40 score=56 -> txbadrate=0.00 txgoodrate=0.03 txretriesrate=0.00 rxrate=0.10 userTriggerdPenalty0
03-22 14:39:02.597   798  1307 D WifiStateMachine:  good link -> stuck count =0
03-22 14:39:02.597   798  1307 D WifiStateMachine:  badRSSI count0 lowRSSI count0 --> score 56
03-22 14:39:02.597   798   798 D EPDG -- [SMARTWIFI]: Wifi RSSI intent received -- newRssi : -64intent Intent { act=android.net.wifi.RSSI_CHANGED flg=0x4000010 bqHint=4 (has extras) }
03-22 14:39:02.597   798  3085 D EPDG -- [SMARTWIFI]: Posting runnable com.sec.epdg.EpdgService$22@e28879e
03-22 14:39:02.597   798  3085 D EPDG -- [SMARTWIFI]: mPollingRssi: -66 mLastReportedRssi: -63
03-22 14:39:02.597   798  3085 D EPDG -- [SMARTWIFI]: Polling rssi off indication is already reported
03-22 14:39:02.597   798  3085 D EPDG -- [SMARTWIFI]: isWifiRssiLessOrEqualsHandoverThreshold: received rssi is: -64 handover threshold is: -85
03-22 14:39:02.597   798  3085 D EPDG -- [SMARTWIFI]: New rssi value is: -64
03-22 14:39:02.597   798  3085 D EPDG -- [SMARTWIFI]: Rssi : -64 highrange : -66 lowrange : -80 mIsRssiInHystersis : false
03-22 14:39:02.597   798  3085 V EPDG -- [SMARTWIFI]: wifi oldest entry removed
03-22 14:39:02.597   798  3085 V EPDG -- [SMARTWIFI]: wifi entry added
03-22 14:39:02.597   798  3085 V EPDG -- [SMARTWIFI]: New entry : (-64 : 0 )
03-22 14:39:02.597   798  3085 D EPDG -- [SMARTWIFI]: isWifiSignalUpgraded: lastStrength: -63 currentStrength: -64
03-22 14:39:02.597   798  3085 D EPDG -- [SMARTWIFI]: isL2WHandoverProfilingRunning: returning: false
03-22 14:39:02.597   798  3085 D EPDG -- [SMARTWIFI]: No need to send L2WHandoverProfiling runnable
03-22 14:39:02.597   798  3085 D EPDG -- [SMARTWIFI]: No need to run ping : (lastStrength-63 : mWeakWifiLevel3 : mWifiGoodDbValue-65 : mWifiBadDbValue-80 : currentStrength)-64
03-22 14:39:02.597   798  3085 D EPDG -- [SMARTWIFI]: isWifiSignalDegraded: lastStrength: -63 currentStrength: -64
03-22 14:39:02.607   798  3085 D EPDG -- [SMARTWIFI]: getHandoverThresholdMet: value is: false
03-22 14:39:02.607   798   954 D CAE     : doCommendProcess(ContextAwareService.java:433) - complete notify the operation result.
03-22 14:39:02.617   798   954 I CAE     : displayUsedCountForService(ContextAwareService.java:525) - totalCnt = 0, serviceCount = 0, subCollectionCount = 0
03-22 14:39:02.617   798   954 D CAE     : showListenerList(ContextAwareService.java:366) - ===== Context Aware Service List =====
03-22 14:39:02.617   798   954 I CAE     : showListenerList(ContextAwareService.java:375) - Listener : com.samsung.android.contextaware.manager.ContextAwareService$Listener@d2eb44e, Service : ACTIVITY_TRACKER_CURRENT_INFO(1)
03-22 14:39:02.617   798   954 I CAE     : showListenerList(ContextAwareService.java:375) - Listener : com.samsung.android.contextaware.manager.ContextAwareService$Listener@d2eb44e, Service : ACTIVITY_TRACKER(1)
03-22 14:39:02.617   798   954 W CAE     : unregisterCallback(ContextAwareService.java:241) - [unregi 02] Mutex is unlocked for AUTO_ROTATION
03-22 14:39:02.617   798   954 D SContextService: 	.unregisterCallback : 2, client=
03-22 14:39:02.617   798   954 D SContextService: ===== SContext Service List =====
03-22 14:39:02.617   798   954 D SContextService: Listener : android.hardware.scontext.SContextService$Listener@c2b4964, Service : Activity Tracker
03-22 14:39:02.617   798   954 D SContextManager:   .unregisterListener : listener = com.android.server.policy.WindowOrientationListener$OrientationSensorJudge@d1fd82, service=Auto Rotation
03-22 14:39:02.617   798   954 V KeyguardServiceDelegate: onScreenTurnedOff()
03-22 14:39:02.617  1361 13021 D KeyguardViewMediator: notifyScreenTurnedOff
03-22 14:39:02.617  1361  1361 I PERF    : KeyguardViewMediator - handleNotifyScreenTurnedOff() start
03-22 14:39:02.617  1361  1361 D KeyguardViewMediator: handleNotifyScreenTurnedOff
03-22 14:39:02.617  1361  1361 I PERF    : KeyguardViewMediator - handleNotifyScreenTurnedOff() end
03-22 14:39:02.617   798  3430 D MISC PowerHAL: sysfs_write +: /sys/class/input/event1/device/enabled: 0
03-22 14:39:02.617   798  3429 D MISC PowerHAL: sysfs_write +: /sys/class/input/event2/device/enabled: 0
03-22 14:39:02.617   798  1281 D InputReader: Input event(9): value=0 when=13941317396000
03-22 14:39:02.617   798  3430 D MISC PowerHAL: sysfs_write -: /sys/class/input/event1/device/enabled: 0
03-22 14:39:02.617   798  3429 D MISC PowerHAL: sysfs_write -: /sys/class/input/event2/device/enabled: 0
03-22 14:39:02.617   798   972 D MISC PowerHAL: sysfs_write +: /sys/class/power_supply/battery/lcd: 0
03-22 14:39:02.617   798   972 D MISC PowerHAL: sysfs_write -: /sys/class/power_supply/battery/lcd: 0
03-22 14:39:02.627   798   972 I QCOM PowerHAL: Got set_interactive hint
03-22 14:39:02.627   315   315 D SurfaceFlinger: Set power mode=0, type=0 flinger=0xb6a24000
03-22 14:39:02.627   315   315 D qdhwcomposer: hwc_setPowerMode: Setting mode 0 on display: 0
03-22 14:39:02.677 22338 22338 I SMUSIC-LockPlayer: onDisplayChanged display state - 1
03-22 14:39:02.677  1361  1361 D StatusBar.NetworkController: onSignalStrengthsChanged signalStrength=SignalStrength: 99 99 -97 -70 -120 -1 -1 99 2147483647 2147483647 2147483647 -1 2147483647 0x20 cdma level=2
03-22 14:39:02.677  1361  1361 D StatusBar.NetworkController: updateTelephonySignalStrength: hasService=true ss=SignalStrength: 99 99 -97 -70 -120 -1 -1 99 2147483647 2147483647 2147483647 -1 2147483647 0x20 cdma
03-22 14:39:02.677  1361  1361 D StatusBar.NetworkController: updateTelephonySignalStrength: iconLevel=2
03-22 14:39:02.677  1361  1361 D StatusBar.NetworkController: updateTelephonySignalStrength, No signal level. mPhoneSignalIconId = com.android.systemui:drawable/tw_stat_sys_5_level_signal_2_auto_rotate mDataSignalIconId = com.android.systemui:drawable/tw_stat_sys_5_level_signal_2_auto_rotate mQSPhoneSignalIconId = com.android.systemui:drawable/ic_qs_signal_2 mContentDescriptionPhoneSignal = Two bars of phone signal
03-22 14:39:02.687  2032  2032 D HeadsetPhoneState: Signal level : previous=2 curr=2
03-22 14:39:02.687   798  1316 D EPDG -- [SMARTWIFI]: onSignalStrengthsChanged: Received signal strength change, phone type is: 2
03-22 14:39:02.687   798  3085 D EPDG -- [SMARTWIFI]: lastLteRSRP is 2147483647currentLteRSRP is 2147483647
03-22 14:39:02.687   798  3085 D EPDG -- [SMARTWIFI]: lastCdmaDb is -7currentCdmaDb is -7
03-22 14:39:02.687   798  3085 V EPDG -- [SMARTWIFI]: Radio oldest entry removed
03-22 14:39:02.687   798  3085 V EPDG -- [SMARTWIFI]: New entry : (SignalStrength: 99 99 -97 -70 -120 -1 -1 99 2147483647 2147483647 2147483647 -1 2147483647 0x20 cdma : 0 )
03-22 14:39:02.687   798  3085 V EPDG -- [SMARTWIFI]: Radio entry added
03-22 14:39:02.787  1361  1361 D StatusBar.NetworkController: Invisible Data Activity Icon
03-22 14:39:02.787  1361  1361 D StatusBar.NetworkController: refreshViews connected={ wifi data } level=2 combinedSignalIconId=0x7f02064a/com.android.systemui:drawable/stat_sys_wifi_signal_3 mobileLabel=Verizon Wireless wifiLabel="AiHiWiFi" emergencyOnly=false combinedLabel="AiHiWiFi" mAirplaneMode=false mDataActivity=0 mPhoneSignalIconId=0x7f020779/com.android.systemui:drawable/tw_stat_sys_5_level_signal_2_auto_rotate mQSPhoneSignalIconId=0x7f02015b/com.android.systemui:drawable/ic_qs_signal_2 mDataDirectionIconId=0x0/(null) mDataSignalIconId=0x7f020779/com.android.systemui:drawable/tw_stat_sys_5_level_signal_2_auto_rotate mDataTypeIconId=0x7f02040c/com.android.systemui:drawable/stat_sys_data_connected_disabled_1x mQSDataTypeIconId=0x0/(null) mNoSimIconId=0x0/(null) mWifiIconId=0x7f02064a/com.android.systemui:drawable/stat_sys_wifi_signal_3 mQSWifiIconId=0x7f020329/com.android.systemui:drawable/qs_tile_wifi_signal_3 mWifiActivityIconId=0x7f0205fe/com.android.systemui:drawable/stat_sys_signal_no_inout mBluetoothTetherIconId=0x7f020624/com.android.systemui:drawable/stat_sys_tether_bluetooth
03-22 14:39:02.787  1361  1361 D StatusBar.NetworkController: refreshNwBoosterIndicator - setNWBoosterIndicators(false)
03-22 14:39:02.787  1361  1361 D StatusBar.NetworkController: applyVZW
03-22 14:39:02.797  1361  1361 D StatusBar.NetworkController: applyVZW : mDataTypeDisabledIconIdcom.android.systemui:drawable/stat_sys_data_connected_disabled_1x
03-22 14:39:02.797  1361  1361 D StatusBar.NetworkController: refreshNwBoosterIndicator - setNWBoosterIndicators(false)
03-22 14:39:02.807  1361  1361 D StatusBar.NetworkController: applyVZW
03-22 14:39:02.807  1361  1361 D StatusBar.NetworkController: applyVZW : mDataTypeDisabledIconIdcom.android.systemui:drawable/stat_sys_data_connected_disabled_1x
03-22 14:39:02.817  1361  1361 D StatusBar.NetworkController: refreshNwBoosterIndicator - setNWBoosterIndicators(false)
03-22 14:39:02.817  1361  1361 D StatusBar.NetworkController: applyVZW
03-22 14:39:02.827  1361  1361 D StatusBar.NetworkController: applyVZW : mDataTypeDisabledIconIdcom.android.systemui:drawable/stat_sys_data_connected_disabled_1x
03-22 14:39:02.827  1361  1361 D StatusBar.NetworkController: refreshNwBoosterIndicator - setNWBoosterIndicators(false)
03-22 14:39:02.827  1361  1361 D StatusBar.NetworkController: applyVZW
03-22 14:39:02.827  1361  1361 D StatusBar.NetworkController: applyVZW : mDataTypeDisabledIconIdcom.android.systemui:drawable/stat_sys_data_connected_disabled_1x
03-22 14:39:02.867   315   576 I qdhwcomposer: handle_blank_event: dpy:0 panel power state: 0
03-22 14:39:02.867   315   315 D qdhwcomposer: hwc_setPowerMode: Done setting mode 0 on display 0
03-22 14:39:02.867   798   972 D SurfaceControl: Excessive delay in setPowerMode(): 242ms
03-22 14:39:02.867   798   972 I libsuspend: !@autosuspend_wakeup_count_enable
03-22 14:39:02.867   798   972 I libsuspend: !@autosuspend_wakeup_count_enable done
03-22 14:39:02.897  1361 13499 D KeyguardViewMediator: onFinishedGoingToSleep(2)
03-22 14:39:02.897  1361 13499 D KeyguardViewMediator: onFinishedGoingToSleep: mPendingLock false
03-22 14:39:02.897  1361 13499 D KeyguardViewMediator: notifyFinishedGoingToSleep
03-22 14:39:02.897  1361  1361 I PERF    : KeyguardViewMediator - handleNotifyFinishedGoingToSleep() start
03-22 14:39:02.897  1361  1361 D KeyguardViewMediator: handleNotifyFinishedGoingToSleep
03-22 14:39:02.897   798  1345 D PersonaManagerService: onfinishedGoingToSleep why = 2
03-22 14:39:02.897  1361  1361 I PERF    : KeyguardViewMediator - handleNotifyFinishedGoingToSleep() end
03-22 14:39:02.907   798   997 D PersonaManagerServiceHandler: MSG_ACTION_SCREEN_OFF called
03-22 14:39:02.937  1361  1361 D SecKeyguardClockSingleView: onScreenTurnedOff
03-22 14:39:02.937  1361  1361 I PERF    : KeyguardUpdateMonitor - cb.onScreenTurnedOff() end
03-22 14:39:03.097   798   798 I CAE     : handleMessage(CaPowerManager.java:182) - AP_SLEEP
03-22 14:39:03.097   798   798 I CAE     : updateApPowerStatus(SensorHubParserProvider.java:443) - AP_SLEEP
03-22 14:39:03.097   798   798 I CAE     : sendCmdToSensorHub(SensorHubCommManager.java:162) - -76, 13, -46, 0,
03-22 14:39:03.097   798   798 D SensorHubManager: SendSensorHubData: send data = -76, 13, -46, 0
03-22 14:39:03.107   362   362 D Sensorhubs: sendContextData: -76, 13, -46, 0
03-22 14:39:03.107   798   798 I CAE     : sendCmdToSensorHub(SensorHubCommManager.java:162) - -63, 14, 18, 39, 3,
03-22 14:39:03.107   798   798 D SensorHubManager: SendSensorHubData: send data = -63, 14, 18, 39, 3
03-22 14:39:03.117   362 29582 D Sensorhubs: sendContextData: -63, 14, 18, 39, 3
03-22 14:39:03.197   798   798 D UniversalCredentialManagerService: inside mBReciever onReceive : android.intent.action.SCREEN_OFF
03-22 14:39:03.207   798   798 D UniversalCredentialManagerService: ****MSG_LOCK_STATUS_UPDATE block started****
03-22 14:39:03.207   798   798 D UniversalCredentialManagerService: notifyChangeToPlugin is called for Lock status update...
03-22 14:39:03.207   798   798 D UcmService: notifyChangeToPlugin event 16
03-22 14:39:03.207   798   798 D UcmService: checkCallerPermissionFor is called for method-notifyChangeToPlugin
03-22 14:39:03.207   798   798 I UcmService: checkIfNotify for cs Name = com.sec.smartcard.manager:com.samsung.ucs.agent.baiMobile Package name = com.sec.smartcard.manager
03-22 14:39:03.207   798   798 D UcmService: notifying to unmanaged plugin
03-22 14:39:03.207  1779  1803 E ucsBai_agentService: notifyChange NOT SUPPORTED
03-22 14:39:03.207   798   798 D UcmService: agentService com.sec.smartcard.manager:com.samsung.ucs.agent.baiMobile notify status - 0
03-22 14:39:03.207   798   798 D UcmService: agentService status-0
03-22 14:39:03.207   798   798 I UcmService: checkIfNotify for cs Name = com.samsung.ucs.agent.boot:com.samsung.ucs.agent.boot Package name = com.samsung.ucs.agent.boot
03-22 14:39:03.207   798   798 D UcmService: notifying to unmanaged plugin
03-22 14:39:03.207  1787  1804 D BootAgentService: notifyChange eventId-16
03-22 14:39:03.207   798   798 D UcmService: agentService com.samsung.ucs.agent.boot:com.samsung.ucs.agent.boot notify status - -1
03-22 14:39:03.207   798   798 D UcmService: agentService status--1
03-22 14:39:03.207   798   798 D UniversalCredentialManagerService: ****MSG_LOCK_STATUS_UPDATE block ended****
03-22 14:39:03.237   798  1307 D WifiStateMachine:  ConnectedState !CMD_SCREEN_STATE_CHANGED  rt=13941930/66476939 0 0
03-22 14:39:03.237   798  1307 D WifiStateMachine:  L2ConnectedState !CMD_SCREEN_STATE_CHANGED  rt=13941931/66476939 0 0
03-22 14:39:03.237   798  1307 D WifiStateMachine:  ConnectModeState !CMD_SCREEN_STATE_CHANGED  rt=13941931/66476940 0 0
03-22 14:39:03.237   798  1307 D WifiStateMachine:  DriverStartedState !CMD_SCREEN_STATE_CHANGED  rt=13941932/66476941 0 0
03-22 14:39:03.237   798  1307 D WifiStateMachine:  SupplicantStartedState !CMD_SCREEN_STATE_CHANGED  rt=13941932/66476941 0 0
03-22 14:39:03.237   798  1307 D WifiStateMachine:  DefaultState !CMD_SCREEN_STATE_CHANGED  rt=13941934/66476943 0 0
03-22 14:39:03.237   798  1307 D WifiStateMachine:  handleScreenStateChanged Enter: screenOn=false mUserWantsSuspendOpt=true state ConnectedState suppState:CompletedState
03-22 14:39:03.237   798  1307 D WifiStateMachine: handleScreenStateChanged, screen off, set scan interval as max value  !!!
03-22 14:39:03.237   798  1307 D WifiNative-wlan0: callSECApiVoid - ID [19]
03-22 14:39:03.237   798  1307 D WifiNative-wlan0: doInt: PERIODIC_SCAN_INTERVAL_MAX
03-22 14:39:03.237  1333  1333 D wpa_supplicant: wlan0: Control interface command 'PERIODIC_SCAN_INTERVAL_MAX'
03-22 14:39:03.237  1333  1333 I wpa_supplicant: set PERIODIC_SCAN_INTERVAL_MAX to 128sec !!!
03-22 14:39:03.237  1333  1333 D wpa_supplicant: CTRL-DEBUG: global_ctrl_sock-sendto: sock=11 sndbuf=163840 outq=0 send_len=3
03-22 14:39:03.237   798  1307 D WifiNative-wlan0:    returned 0
03-22 14:39:03.237   798  1307 D WifiStateMachine: backgroundScan enabled=false
03-22 14:39:03.237   798  1307 D WifiStateMachine: handleScreenStateChanged Exit: false
03-22 14:39:03.237   798   798 D EdgeLight: Turning off
03-22 14:39:03.247   798  1307 D WifiStateMachine:  ConnectedState CMD_ENABLE_RSSI_POLL  rt=13941940/66476949 0 0
03-22 14:39:03.247   798  1307 D WifiStateMachine:  L2ConnectedState CMD_ENABLE_RSSI_POLL  rt=13941941/66476949 0 0
03-22 14:39:03.247   798  1307 D WifiStateMachine:  ConnectedState CMD_SET_SUSPEND_OPT_ENABLED  rt=13941941/66476950 1 0
03-22 14:39:03.247   798  1307 D WifiStateMachine:  L2ConnectedState CMD_SET_SUSPEND_OPT_ENABLED  rt=13941942/66476950 1 0
03-22 14:39:03.247   798  1307 D WifiStateMachine:  ConnectModeState CMD_SET_SUSPEND_OPT_ENABLED  rt=13941942/66476951 1 0
03-22 14:39:03.247   798  1307 D WifiStateMachine:  DriverStartedState CMD_SET_SUSPEND_OPT_ENABLED  rt=13941942/66476951 1 0
03-22 14:39:03.247   355 22428 D audio_hw_primary: adev_set_parameters: enter: screen_state=off
03-22 14:39:03.247   355 22428 V voice   : voice_set_parameters: enter: screen_state=off
03-22 14:39:03.257   355 22428 V voice   : voice_set_parameters: exit with code(-2)
03-22 14:39:03.257   355 22428 V msm8974_platform: platform_set_parameters: enter: screen_state=off
03-22 14:39:03.257   355 22428 V msm8974_platform: platform_set_parameters: exit with code(-2)
03-22 14:39:03.257   355 22428 D audio_hw_hfp: audio_extn_hfp_set_parameters: enter
03-22 14:39:03.257   355 22428 V audio_hw_primary: adev_set_parameters: exit
03-22 14:39:03.277   798  1307 D WifiStateMachine: setSuspendOptimizationsNative: 4 true -want true stack:setSuspendOptimizationsNative - access$22200 - processMessage - processMsg
03-22 14:39:03.277   798  1307 D WifiStateMachine: setSuspendOptimizationsNative do it 4 true stack:setSuspendOptimizationsNative - access$22200 - processMessage - processMsg
03-22 14:39:03.277   798  1307 E WifiNative-wlan0: do suspend true
03-22 14:39:03.277   798  1307 D WifiNative-wlan0: doBoolean: DRIVER SETSUSPENDMODE 1
03-22 14:39:03.277  1333  1333 D wpa_supplicant: wlan0: Control interface command 'DRIVER SETSUSPENDMODE 1'
03-22 14:39:03.297  1333  1333 D wpa_supplicant: wpa_driver_nl80211_driver_cmd  len = 0, 0
03-22 14:39:03.297  1333  1333 D wpa_supplicant: CTRL-DEBUG: global_ctrl_sock-sendto: sock=11 sndbuf=163840 outq=0 send_len=3
03-22 14:39:03.297   798  1307 D WifiNative-wlan0: DRIVER SETSUSPENDMODE 1: returned true
03-22 14:39:03.297   798  1307 D WifiStateMachine:  ConnectedState what:131181  rt=13941992/66477001 1 0
03-22 14:39:03.297   798  1307 D WifiNative-wlan0: doBoolean: HANDOVER_SET_SCREEN OFF
03-22 14:39:03.297  1333  1333 D wpa_supplicant: wlan0: Control interface command 'HANDOVER_SET_SCREEN OFF'
03-22 14:39:03.297  1333  1333 D wpa_supplicant: CTRL-DEBUG: global_ctrl_sock-sendto: sock=11 sndbuf=163840 outq=0 send_len=3
03-22 14:39:03.297   798  1307 D WifiNative-wlan0: HANDOVER_SET_SCREEN OFF: returned true
03-22 14:39:03.297   798   798 I FingerprintService: onReceive: android.intent.action.SCREEN_OFF
03-22 14:39:03.307   798   798 I BackgroundCompactionService: Schedule Type1 BGCompaction
03-22 14:39:03.317   798   798 D SContextService: unregisterCallback() : Listener = android.hardware.scontext.SContextService$Listener@c2b4964, Service = Activity Tracker, used = 0
03-22 14:39:03.317   798   798 W CAE     : unregisterCallback(ContextAwareService.java:206) - [unregi 01] Mutex is locked for ACTIVITY_TRACKER
03-22 14:39:03.317   798   798 V CAE     : stop(ContextProvider.java:155)
03-22 14:39:03.317   798   798 V CAE     : clear(ActivityTrackerRunner.java:108)
03-22 14:39:03.317   798   798 V CAE     : disable(ActivityTrackerRunner.java:96)
03-22 14:39:03.327   798   798 I CAE     : sendCmdToSensorHub(SensorHubCommManager.java:162) - -78, 26, 0, 0, 0, 0, 0, 0, 0, 0,
03-22 14:39:03.327   798   798 D SensorHubManager: SendSensorHubData: send data = -78, 26, 0, 0, 0, 0, 0, 0, 0, 0
03-22 14:39:03.327   362   597 D Sensorhubs: sendContextData: -78, 26, 0, 0, 0, 0, 0, 0, 0, 0
03-22 14:39:03.327   798   798 D CAE     : getFaultDetectionResult(ActivityTrackerRunner.java:154) - true
03-22 14:39:03.327   798   798 I CAE     : notifyCmdProcessResultObserver(ContextProvider.java:627) - CheckResult = 0, Cause = Success
03-22 14:39:03.347   798   798 D CAE     : doCommendProcess(ContextAwareService.java:433) - complete notify the operation result.
03-22 14:39:03.347   798   798 I CAE     : displayUsedCountForService(ContextAwareService.java:525) - totalCnt = 0, serviceCount = 0, subCollectionCount = 0
03-22 14:39:03.347   798   798 D CAE     : showListenerList(ContextAwareService.java:366) - ===== Context Aware Service List =====
03-22 14:39:03.347   798   798 I CAE     : showListenerList(ContextAwareService.java:375) - Listener : com.samsung.android.contextaware.manager.ContextAwareService$Listener@d2eb44e, Service : ACTIVITY_TRACKER_CURRENT_INFO(1)
03-22 14:39:03.347   798   798 W CAE     : unregisterCallback(ContextAwareService.java:241) - [unregi 02] Mutex is unlocked for ACTIVITY_TRACKER
03-22 14:39:03.347   798   798 D SContextService: 	.unregisterCallback : 1, client=
03-22 14:39:03.347   798   798 D SContextService: ===== SContext Service List =====
03-22 14:39:03.347   798   798 D SContextManager:   .unregisterListener : listener = com.android.server.wifi.WifiServiceImpl$12@72e66f7, service=Activity Tracker
03-22 14:39:03.357  1361  1361 D vol.SecVolumeDialog: dismissH : false
03-22 14:39:03.387   798   883 D GpsLocationProvider: receive broadcast intent, action: android.intent.action.SCREEN_OFF
03-22 14:39:03.417  1717  5642 D NfcService: call the applyRouting
03-22 14:39:03.427  1726  1726 D PhoneApp: PhoneAppBroadcastReceiver onReceive android.intent.action.ANY_DATA_STATE
03-22 14:39:03.437  1726  1726 D FileWriteThread_Telephony: FileWriteThread : threadType = 3
03-22 14:39:03.447   798   798 D EPDG -- [EPDGService]: onDataActivity: direction=0
03-22 14:39:03.447  1361  1361 D StatusBar.NetworkController: onDataActivity: direction=0
03-22 14:39:03.447  2032  2032 D BtGatt.GattService: LCD turned off
03-22 14:39:03.447  2032  2234 D BtGatt.ScanManager: handleLcdOffIntent
03-22 14:39:03.447  2032  2234 D BtGatt.ScanManager: handleLcdOffIntent : thresholdScanValue is = 10 mLastConfiguredScanValue =5
03-22 14:39:03.457  1361  1361 D StatusBar.NetworkController: CDMA : disabled icon displayed
03-22 14:39:03.457  1361  1361 D StatusBar.NetworkController: isCdmaLTE - mSimState:READY
03-22 14:39:03.457  1361  1361 D StatusBar.NetworkController: updateDataIcon, mDataDirectionIconId = (null) mDataConnected = true
03-22 14:39:03.507  4887  4887 I BeaconManager: BeaconManager.onReceive - receive Action : android.intent.action.SCREEN_OFF
03-22 14:39:03.507  4887  4887 D BeaconManager: BeaconManager.onReceive - end
03-22 14:39:03.507  4887  4911 I BeaconManager: BeaconManager.BeaconManagerWorkHandler - BroadcastReceiver onReceive start
03-22 14:39:03.507  4887  4911 D BeaconManager: BeaconManager.mScreenObserver - action:android.intent.action.SCREEN_OFF
03-22 14:39:03.507  4887  4911 D BeaconManager: AppControlManager.screenOnIntentReceived - start
03-22 14:39:03.507  4887  4911 D BeaconManager: AppControlManager.screenOnIntentReceived - end
03-22 14:39:03.507  4887  4911 D BeaconManager: EasySetupManager.screenOnIntentReceived - start
03-22 14:39:03.507  4887  4911 D BeaconManager: EasySetupManager.screenOnIntentReceived - end
03-22 14:39:03.507  4887  4911 D BeaconManager: BleScanHelper.screenOnIntentReceived - start
03-22 14:39:03.527  4887  4911 D BeaconManager: BleScanHelper.mBroadcastReceiver - Action: android.intent.action.SCREEN_OFF, user: 0
03-22 14:39:03.527  4887  4911 V BeaconManager: BleScanHelper.startBleScan - startBleScan
03-22 14:39:03.527  4887  4911 D BluetoothAdapter: STATE_ON
03-22 14:39:03.527  4887  4911 D BeaconManager: BleScanHelper.screenOnIntentReceived - end
03-22 14:39:03.527  4887  4911 I BeaconManager: BeaconManager.BeaconManagerWorkHandler - BroadcastReceiver onReceive end
03-22 14:39:03.537  4887  4914 D BeaconManager: BleScanHelper.MSG_CALL_START_LESCAN - ($)
03-22 14:39:03.537  4887  4914 D BluetoothAdapter: STATE_ON
03-22 14:39:03.537  4887  4914 D BluetoothAdapter: STATE_ON
03-22 14:39:03.537  4887  4914 I BeaconManager: BleScanHelper.directStopLeScan - call BleScanner.stopScan()
03-22 14:39:03.537  4887  4914 D BluetoothAdapter: STATE_ON
03-22 14:39:03.537  4887  4914 D BluetoothAdapter: STATE_ON
03-22 14:39:03.537  4887  4914 D BluetoothLeScanner: Stop Scan
03-22 14:39:03.557  1361  1361 D StatusBar.NetworkController: Invisible Data Activity Icon
03-22 14:39:03.557  1361  1361 D StatusBar.NetworkController: refreshViews connected={ wifi data } level=2 combinedSignalIconId=0x7f02064a/com.android.systemui:drawable/stat_sys_wifi_signal_3 mobileLabel=Verizon Wireless wifiLabel="AiHiWiFi" emergencyOnly=false combinedLabel="AiHiWiFi" mAirplaneMode=false mDataActivity=0 mPhoneSignalIconId=0x7f020779/com.android.systemui:drawable/tw_stat_sys_5_level_signal_2_auto_rotate mQSPhoneSignalIconId=0x7f02015b/com.android.systemui:drawable/ic_qs_signal_2 mDataDirectionIconId=0x0/(null) mDataSignalIconId=0x7f020779/com.android.systemui:drawable/tw_stat_sys_5_level_signal_2_auto_rotate mDataTypeIconId=0x7f02040c/com.android.systemui:drawable/stat_sys_data_connected_disabled_1x mQSDataTypeIconId=0x0/(null) mNoSimIconId=0x0/(null) mWifiIconId=0x7f02064a/com.android.systemui:drawable/stat_sys_wifi_signal_3 mQSWifiIconId=0x7f020329/com.android.systemui:drawable/qs_tile_wifi_signal_3 mWifiActivityIconId=0x7f0205fe/com.android.systemui:drawable/stat_sys_signal_no_inout mBluetoothTetherIconId=0x7f020624/com.android.systemui:drawable/stat_sys_tether_bluetooth
03-22 14:39:03.557  1361  1361 D StatusBar.NetworkController: refreshNwBoosterIndicator - setNWBoosterIndicators(false)
03-22 14:39:03.557  1361  1361 D StatusBar.NetworkController: applyVZW
03-22 14:39:03.587  2032 13317 D BtGatt.GattService: [GSIM LOG]: getCallingProcessName: com.samsung.android.beaconmanager
03-22 14:39:03.587  2032 13317 D BtGatt.GattService: [GSIM LOG]: getCallingProcessName: com.samsung.android.beaconmanager
03-22 14:39:03.587  2032 13317 D BtGatt.GattService: stopScan() - queue size =1
03-22 14:39:03.587  2032  2266 E BtGatt.GattService: [GSIM LOG]: gsimLogHandler: com.samsung.android.beaconmanager, msg: MESSAGE_STOP_SCAN
03-22 14:39:03.587  2032  2266 D BtGatt.GattService: [GSIM LOG]: gsimLogHandler: prevDate: 22, currDate: 22
03-22 14:39:03.597  1361  1361 D StatusBar.NetworkController: applyVZW : mDataTypeDisabledIconIdcom.android.systemui:drawable/stat_sys_data_connected_disabled_1x
03-22 14:39:03.597  1361  1361 D StatusBar.NetworkController: refreshNwBoosterIndicator - setNWBoosterIndicators(false)
03-22 14:39:03.597  1361  1361 D StatusBar.NetworkController: applyVZW
03-22 14:39:03.597  2032  2234 D BtGatt.ScanManager: stop scan
03-22 14:39:03.597  2032  2234 D BtGatt.ScanManager: delete FilterIndex - 4
03-22 14:39:03.597  2032  2266 D BtGatt.GattService: [GSIM LOG]: updateScanTime: 5
03-22 14:39:03.597  2032 14709 D BtGatt.GattService: unregisterClient() - clientIf=6
03-22 14:39:03.607  2032  2275 D bt_vendor: op for 7
03-22 14:39:03.607  2032  2275 D bt_upio : upio_set : pio 0 action 2, polarity 1
03-22 14:39:03.607  2032  2275 D bt_upio : upio_start_stop_timer : timer_settime success
03-22 14:39:03.607  2032  2275 D bt_upio : upio_set: proc btwrite assertion, buffer: 1, timer_armed 1 1
03-22 14:39:03.617  2032  2275 D bt_vendor: op for 7
03-22 14:39:03.617  2032  2275 D bt_upio : upio_set : pio 0 action 2, polarity 1
03-22 14:39:03.617  2032  2275 D bt_upio : BT_WAKE is asserted already
03-22 14:39:03.617  2032  2275 D bt_vendor: op for 7
03-22 14:39:03.617  2032  2275 D bt_upio : upio_set : pio 0 action 2, polarity 1
03-22 14:39:03.617  2032  2275 D bt_upio : BT_WAKE is asserted already
03-22 14:39:03.617  1361  1361 D StatusBar.NetworkController: applyVZW : mDataTypeDisabledIconIdcom.android.systemui:drawable/stat_sys_data_connected_disabled_1x
03-22 14:39:03.617  1361  1361 D StatusBar.NetworkController: refreshNwBoosterIndicator - setNWBoosterIndicators(false)
03-22 14:39:03.617  1361  1361 D StatusBar.NetworkController: applyVZW
03-22 14:39:03.617  2032  2216 D BtGatt.GattService: onScanFilterParamsConfigured() - clientIf=6, status=0, action=1, availableSpace=13
03-22 14:39:03.617  2032  2216 D BtGatt.ScanManager: callback done for clientIf - 6 status - 0
03-22 14:39:03.617  2032  2234 D BtGatt.ScanManager: delete FilterIndex - 5
03-22 14:39:03.617  2032  2275 D bt_vendor: op for 7
03-22 14:39:03.617  2032  2275 D bt_upio : upio_set : pio 0 action 2, polarity 1
03-22 14:39:03.617  2032  2275 D bt_upio : BT_WAKE is asserted already
03-22 14:39:03.617  1361  1361 D StatusBar.NetworkController: applyVZW : mDataTypeDisabledIconIdcom.android.systemui:drawable/stat_sys_data_connected_disabled_1x
03-22 14:39:03.617  1361  1361 D StatusBar.NetworkController: refreshNwBoosterIndicator - setNWBoosterIndicators(false)
03-22 14:39:03.617  1361  1361 D StatusBar.NetworkController: applyVZW
03-22 14:39:03.617  2032  2216 D BtGatt.GattService: onScanFilterParamsConfigured() - clientIf=6, status=0, action=1, availableSpace=14
03-22 14:39:03.617  2032  2216 D BtGatt.ScanManager: callback done for clientIf - 6 status - 0
03-22 14:39:03.627  2032  2234 D BtGatt.ScanManager: delete FilterIndex - 9
03-22 14:39:03.627  2032  2275 D bt_vendor: op for 7
03-22 14:39:03.627  2032  2275 D bt_upio : upio_set : pio 0 action 2, polarity 1
03-22 14:39:03.627  2032  2275 D bt_upio : BT_WAKE is asserted already
03-22 14:39:03.627  2032  2216 D BtGatt.GattService: onScanFilterParamsConfigured() - clientIf=6, status=0, action=1, availableSpace=15
03-22 14:39:03.627  2032  2216 D BtGatt.ScanManager: callback done for clientIf - 6 status - 0
03-22 14:39:03.627  2032  2234 D BtGatt.ScanManager: delete FilterIndex - 13
03-22 14:39:03.627  2032  2275 D bt_vendor: op for 7
03-22 14:39:03.627  2032  2275 D bt_upio : upio_set : pio 0 action 2, polarity 1
03-22 14:39:03.627  2032  2275 D bt_upio : BT_WAKE is asserted already
03-22 14:39:03.627  2032  2216 D BtGatt.GattService: onScanFilterParamsConfigured() - clientIf=6, status=0, action=1, availableSpace=16
03-22 14:39:03.627  2032  2216 D BtGatt.ScanManager: callback done for clientIf - 6 status - 0
03-22 14:39:03.627  2032  2234 D BtGatt.ScanManager: configureRegularScanParams() - queue=0
03-22 14:39:03.627  2032  2234 D BtGatt.ScanManager: configureRegularScanParams() - ScanSetting Scan mode=-2147483648 mLastConfiguredScanSetting=100
03-22 14:39:03.627  2032  2234 D BtGatt.ScanManager: configureRegularScanParams() - queue emtpy, scan stopped
03-22 14:39:03.627  1361  1361 D StatusBar.NetworkController: applyVZW : mDataTypeDisabledIconIdcom.android.systemui:drawable/stat_sys_data_connected_disabled_1x
03-22 14:39:03.647  2032  2266 D BtGatt.GattService: [GSIM LOG]: com.samsung.android.beaconmanager@Custom, R time : 748 => 753
03-22 14:39:03.647  2032  2266 D BtGatt.GattService: [GSIM LOG]: com.samsung.android.beaconmanager@LowPower, A time : 38 => 43
03-22 14:39:03.647  2032  2266 D BtGatt.GattService: [GSIM LOG]: remove : com.samsung.android.beaconmanager at  BLE_SCAN_ACTUAL_DB
03-22 14:39:03.647  2032  2266 D BtGatt.GattService: [GSIM LOG]: remove : com.samsung.android.beaconmanager at  BLE_SCAN_REQUESTED_DB
03-22 14:39:03.677  2427  2427 D accuweather: [KK AccuPhone]>>> SWW:66 [0:0] action : androidintentactionSCREEN_OFF
03-22 14:39:03.687  2427  2427 D accuweather: [KK AccuPhone]>>> SWW:467 [0:0] stopRefreshIcon : 1
03-22 14:39:03.687  2427  2427 D accuweather: [KK AccuPhone]>>> SWW:364 [0:0] getWeatherRenderer : 1
03-22 14:39:03.717  4887  4914 I BeaconManager: BleScanHelper.startBleScan - Start filter Scan(SCREEN_OFF)
03-22 14:39:03.717  4887  4914 D BluetoothLeScanner: Start Scan
03-22 14:39:03.717  4887  4914 D BluetoothAdapter: STATE_ON
03-22 14:39:03.717  4887  4914 D BluetoothAdapter: STATE_ON
03-22 14:39:03.717  4887  4914 D BluetoothAdapter: STATE_ON
03-22 14:39:03.727  4887  4914 D BluetoothAdapter: STATE_ON
03-22 14:39:03.727  2032 15704 D BtGatt.GattService: registerClient() - UUID=bfcf6041-e7c6-4bd6-9804-3abf4104952c
03-22 14:39:03.777  2032  2216 D BtGatt.GattService: onClientRegistered() - UUID=bfcf6041-e7c6-4bd6-9804-3abf4104952c, clientIf=6
03-22 14:39:03.777  4887  4897 D BluetoothLeScanner: onClientRegistered() - status=0 clientIf=6
03-22 14:39:03.777  2032  2059 D BtGatt.GattService: start scan with filters
03-22 14:39:03.777  2032  2059 D BtGatt.GattService: getScanSettings
03-22 14:39:03.777  2032  2059 D BtGatt.GattService: Is it foreground application = false
03-22 14:39:03.777  2032  2059 D BtGatt.GattService: Its a background application running with Low Power scan mode
03-22 14:39:03.787  2032  2059 D BtGatt.GattService: [GSIM LOG]: getActualScanMode (100/1 vs -2147483648/0)
03-22 14:39:03.797  2032  2059 D BtGatt.GattService: [GSIM LOG]: getCallingProcessName: com.samsung.android.beaconmanager
03-22 14:39:03.797  2032  2059 D BtGatt.GattService: [GSIM LOG]: getCallingProcessName: com.samsung.android.beaconmanager
03-22 14:39:03.807 22338 22375 I SMUSIC-LockPlayer: ExtraChanged action : android.intent.action.SCREEN_OFF
03-22 14:39:03.807 22338 22375 I SMUSIC-LockPlayer: ACTION_SCREEN_OFF mIsResetStartCondition - true
03-22 14:39:03.807 22338 22375 D SMUSIC-SV-Widget: onExtraChanged() action: android.intent.action.SCREEN_OFF
03-22 14:39:03.807  2032  2266 E BtGatt.GattService: [GSIM LOG]: gsimLogHandler: com.samsung.android.beaconmanager, msg: MESSAGE_START_SCAN
03-22 14:39:03.807  2032  2266 D BtGatt.GattService: [GSIM LOG]: gsimLogHandler: prevDate: 22, currDate: 22
03-22 14:39:03.807  2032  2234 D BtGatt.ScanManager: handling starting scan
03-22 14:39:03.807  2032  2234 D BluetoothAdapter: STATE_ON
03-22 14:39:03.807  2032  2234 D BluetoothAdapter: STATE_ON
03-22 14:39:03.807  2032  2234 D BluetoothAdapter: STATE_ON
03-22 14:39:03.807  2032  2234 D BluetoothAdapter: STATE_ON
03-22 14:39:03.807  2032  2234 D BluetoothAdapter: STATE_ON
03-22 14:39:03.807  2032  2234 D BluetoothAdapter: STATE_ON
03-22 14:39:03.807  2032  2275 D bt_vendor: op for 7
03-22 14:39:03.807  2032  2275 D bt_upio : upio_set : pio 0 action 2, polarity 1
03-22 14:39:03.807  2032  2275 D bt_upio : BT_WAKE is asserted already
03-22 14:39:03.807  2032  2216 D BtGatt.GattService: onScanFilterEnableDisabled() - clientIf=6, status=0, action=1
03-22 14:39:03.807  2032  2216 D BtGatt.ScanManager: callback done for clientIf - 6 status - 0
03-22 14:39:03.807  2032  2234 D BtGatt.ScanManager: set filter index= 14 for clientIf= 6
03-22 14:39:03.807  2032  2234 D BtGatt.ScanManager: addFilterToController: 5
03-22 14:39:03.807  2032  2275 D bt_vendor: op for 7
03-22 14:39:03.807  2032  2275 D bt_upio : upio_set : pio 0 action 2, polarity 1
03-22 14:39:03.807  2032  2275 D bt_upio : BT_WAKE is asserted already
03-22 14:39:03.817  2032  2216 D BtGatt.GattService: onScanFilterConfig() - clientIf=6, action = 0 status = 0, filterType=5, availableSpace=47
03-22 14:39:03.817  2032  2216 D BtGatt.ScanManager: callback done for clientIf - 6 status - 0
03-22 14:39:03.817  2032  2234 D BtGatt.ScanManager: High Rssi Filter value is = -128
03-22 14:39:03.817  2032  2234 D BtGatt.ScanManager: Low Rssi Filter value is = -128
03-22 14:39:03.817  2032  2234 D BtGatt.ScanManager: configureFilterParamter 500 10000 1 0highRssiThreshold = -128lowRssiThreshold = -128matchmode is =1
03-22 14:39:03.827  2032  2275 D bt_vendor: op for 7
03-22 14:39:03.827  2032  2275 D bt_upio : upio_set : pio 0 action 2, polarity 1
03-22 14:39:03.827  2032  2275 D bt_upio : BT_WAKE is asserted already
03-22 14:39:03.827  2032  2216 D BtGatt.GattService: onScanFilterParamsConfigured() - clientIf=6, status=0, action=0, availableSpace=15
03-22 14:39:03.827  2032  2216 D BtGatt.ScanManager: callback done for clientIf - 6 status - 0
03-22 14:39:03.827  2032  2234 D BtGatt.ScanManager: set filter index= 8 for clientIf= 6
03-22 14:39:03.827  2032  2234 D BtGatt.ScanManager: addFilterToController: 5
03-22 14:39:03.827  2032  2275 D bt_vendor: op for 7
03-22 14:39:03.827  2032  2275 D bt_upio : upio_set : pio 0 action 2, polarity 1
03-22 14:39:03.827  2032  2275 D bt_upio : BT_WAKE is asserted already
03-22 14:39:03.827  2032  2216 D BtGatt.GattService: onScanFilterConfig() - clientIf=6, action = 0 status = 0, filterType=5, availableSpace=46
03-22 14:39:03.827  2032  2216 D BtGatt.ScanManager: callback done for clientIf - 6 status - 0
03-22 14:39:03.827  2032  2234 D BtGatt.ScanManager: High Rssi Filter value is = -128
03-22 14:39:03.827  2032  2234 D BtGatt.ScanManager: Low Rssi Filter value is = -128
03-22 14:39:03.827  2032  2234 D BtGatt.ScanManager: configureFilterParamter 500 10000 1 0highRssiThreshold = -128lowRssiThreshold = -128matchmode is =1
03-22 14:39:03.827  2032  2275 D bt_vendor: op for 7
03-22 14:39:03.827  2032  2275 D bt_upio : upio_set : pio 0 action 2, polarity 1
03-22 14:39:03.827  2032  2275 D bt_upio : BT_WAKE is asserted already
03-22 14:39:03.827  2032  2216 D BtGatt.GattService: onScanFilterParamsConfigured() - clientIf=6, status=0, action=0, availableSpace=14
03-22 14:39:03.827  2032  2216 D BtGatt.ScanManager: callback done for clientIf - 6 status - 0
03-22 14:39:03.827  2032  2234 D BtGatt.ScanManager: configureRegularScanParams() - queue=1
03-22 14:39:03.827  2032  2234 I BtGatt.ScanManager: custom scan scanMode = 100
03-22 14:39:03.827  2032  2234 I BtGatt.ScanManager: New scan mode custom scan scanInterval = 3120scanWindow = 55
03-22 14:39:03.827  2032  2234 E BtGatt.ScanManager: default value of curScanSetting 0 is choosen
03-22 14:39:03.827  2032  2234 I BtGatt.ScanManager: newScanMode = 1newcurScanSetting = 0
03-22 14:39:03.827  2032  2234 I BtGatt.ScanManager: comparing = 1 with = 0
03-22 14:39:03.827  2032  2234 D BtGatt.ScanManager: configureRegularScanParams() - ScanSetting Scan mode=100 mLastConfiguredScanSetting=-2147483648
03-22 14:39:03.827  2032  2234 D BtGatt.ScanManager: configureRegularScanParams - scanInterval = 4992configureRegularScanParams - scanWindow = 88
03-22 14:39:03.827  2032  2275 D bt_vendor: op for 7
03-22 14:39:03.827  2032  2275 D bt_upio : upio_set : pio 0 action 2, polarity 1
03-22 14:39:03.827  2032  2275 D bt_upio : BT_WAKE is asserted already
03-22 14:39:03.827  2032  2275 D bt_vendor: op for 7
03-22 14:39:03.827  2032  2275 D bt_upio : upio_set : pio 0 action 2, polarity 1
03-22 14:39:03.827  2032  2275 D bt_upio : BT_WAKE is asserted already
03-22 14:39:03.827  2032  2216 D BtGatt.GattService: onScanParamSetupCompleted() status=0, clientIf=6
03-22 14:39:03.827  2032  2216 D BtGatt.GattService: onScanParamSetupCompleted : 0
03-22 14:39:03.837  2032  2275 D bt_vendor: op for 7
03-22 14:39:03.837  2032  2275 D bt_upio : upio_set : pio 0 action 2, polarity 1
03-22 14:39:03.837  2032  2275 D bt_upio : BT_WAKE is asserted already
03-22 14:39:03.837  2032  2275 D bt_vendor: op for 7
03-22 14:39:03.837  2032  2275 D bt_upio : upio_set : pio 0 action 2, polarity 1
03-22 14:39:03.837  2032  2275 D bt_upio : BT_WAKE is asserted already
03-22 14:39:03.837  2032  2275 D bt_vendor: op for 7
03-22 14:39:03.837  2032  2275 D bt_upio : upio_set : pio 0 action 2, polarity 1
03-22 14:39:03.837  2032  2275 D bt_upio : BT_WAKE is asserted already
03-22 14:39:03.837  2032  2275 D bt_vendor: op for 7
03-22 14:39:03.837  2032  2275 D bt_upio : upio_set : pio 0 action 2, polarity 1
03-22 14:39:03.837  2032  2275 D bt_upio : BT_WAKE is asserted already
03-22 14:39:03.837 22973 22973 D GestureService: deviceConditionChangeReceiver: onReceive - android.intent.action.SCREEN_OFF
03-22 14:39:03.837  2032  2266 D BtGatt.GattService: [GSIM LOG]: increaseScanCount : com.samsung.android.beaconmanager : 16
03-22 14:39:03.837  2032  2266 D BtGatt.GattService: [GSIM LOG]: increaseScanCount : com.samsung.android.beaconmanager, com.samsung.android.beaconmanager
03-22 14:39:03.847  2032  2266 D BtGatt.GattService: [GSIM LOG]: increaseScanCount 4 Battery : com.samsung.android.beaconmanager : 1031
03-22 14:39:03.857  2032  2266 D BtGatt.GattService: [GSIM LOG]: setScanTime : com.samsung.android.beaconmanager : 26415039
03-22 14:39:03.857  2032  2266 D BtGatt.GattService: [GSIM LOG]: setRequestedScanType : com.samsung.android.beaconmanager : 100
03-22 14:39:03.857  2032  2266 D BtGatt.GattService: [GSIM LOG]: setActualScanType : com.samsung.android.beaconmanager : 100
03-22 14:39:03.857  2032  2266 D BtGatt.GattService: [GSIM LOG]: updateScanTime: 0
03-22 14:39:03.857  2032  2266 D BtGatt.GattService: [GSIM LOG]: com.samsung.android.beaconmanager@Custom, R time : 753 => 753
03-22 14:39:03.857  2032  2266 D BtGatt.GattService: [GSIM LOG]: com.samsung.android.beaconmanager@Custom, A time : 710 => 710
03-22 14:39:03.857  2032  2266 D BtGatt.GattService: [GSIM LOG]: updateScanTime: 5
03-22 14:39:03.857  2032  2266 E BtGatt.GattService: getScanProcessName: no such scan mode at requested: null
03-22 14:39:03.857  2032  2266 E BtGatt.GattService: getScanProcessName: null string made
03-22 14:39:03.857  2032  2266 E BtGatt.GattService: getScanProcessName: no such scan mode at actual: null
