03-22 14:47:48.128  1465  1465 I TaskManager:PackageInfo: RunningApp[Service] - pkg:com.samsung.accessory
03-22 14:47:48.128  1465  1465 I TaskManager:PackageInfo: RunningApp[Service] - pkg:com.android.phone
03-22 14:47:48.128  1465  1465 V TaskManager:TaskManagerRemoteService: calcCPUUsage() packageName:org.test.myapp usage:0.0
03-22 14:47:48.128  1465  1465 V TaskManager:TaskManagerRemoteService: calcCPUUsage() packageName:com.sec.android.app.myfiles usage:0.13623978
03-22 14:47:48.128  1465  1465 V TaskManager:TaskManagerRemoteService: calcCPUUsage() packageName:com.android.chrome usage:0.5449591
03-22 14:47:48.128  1465  1465 V TaskManager:TaskManagerRemoteService: calcCPUUsage() packageName:com.sec.android.app.music usage:0.27247956
03-22 14:47:48.138  1465  1465 V TaskManager:TaskManagerRemoteService: PrevCount : 4 , RunningCount : 4
03-22 14:47:48.138  1465  1465 V TaskManager:TaskManagerRemoteService: Sending new running_count : 4
03-22 14:47:48.138   798   959 I libsuspend: !@suspend_thread_func: read wakeup_count
03-22 14:47:48.148   798   899 V BroadcastQueue: [background] Process cur broadcast BroadcastRecord{7e0691d u0 com.sec.android.app.controlpanel.service.RUNNING_COUNT qIdx=4}, state= (APP_RECEIVE) DELIVERED for app ProcessRecord{c9502b8 13266:com.sec.android.widgetapp.activeapplicationwidget/u0a119}
03-22 14:47:48.158 13266 13266 V TaskCloserActivity: TaskCloserActivity onReceive() - com.sec.android.app.controlpanel.service.RUNNING_COUNT
03-22 14:47:48.498   798   959 I libsuspend: !@suspend_thread_func: wait
03-22 14:47:48.498   798   959 I libsuspend: !@suspend_thread_func: write 9699
03-22 14:47:48.498   798   959 I libsuspend: 
03-22 14:47:48.498   798   959 I libsuspend:  to wakeup_count
03-22 14:47:48.498   798   959 I libsuspend: !@suspend_thread_func: write mem to /sys/power/state
03-22 14:47:52.772   315   576 I qdhwcomposer: handle_blank_event: dpy:0 panel power state: 0
03-22 14:47:52.792   798   959 I libsuspend: !@suspend_thread_func: release sem
03-22 14:47:52.892   798   959 I libsuspend: !@suspend_thread_func: read wakeup_count
03-22 14:47:53.052   798  3673 D SSRM:n  : SIOP:: AP = 310, PST = 344, CUR = 450, LCD = 0
03-22 14:47:53.132   798   883 I UsageStatsService: User[0] Flushing usage stats to disk
03-22 14:47:53.382   798  1267 V AlarmManager: Expired Alarm result :4
03-22 14:47:53.412   798  1410 V AlarmManager:  remove PendingIntent] PendingIntent{908c560: PendingIntentRecord{fb6af4a com.google.android.gms broadcastIntent}}
03-22 14:47:53.422   798  1305 D NetworkPolicy: isUidForegroundLocked: 10004, mScreenOn: false, uidstate: 3, mProxSensorScreenOff: false
03-22 14:47:53.422   798  1305 D NetworkPolicy: isUidForegroundLocked: 10004, mScreenOn: false, uidstate: 3, mProxSensorScreenOff: false
03-22 14:47:53.442  1361  1361 D KeyguardUpdateMonitor: received broadcast android.intent.action.TIME_TICK
03-22 14:47:53.442  1361  1361 I PERF    : received broadcast android.intent.action.TIME_TICK
03-22 14:47:53.442  1361  1361 D KeyguardUpdateMonitor: handleTimeUpdate
03-22 14:47:53.472  1361  1361 D SecKeyguardClockView: onTimeChanged() : mShouldShowDualClock - false, isDualClockSet() -false
03-22 14:47:53.482  1361  1361 D DateView: regionalDateFormat = h:mm a isRTLlanguage = false returnDateFormat = E, d MMMM
03-22 14:47:53.482  1361  1361 D DateView: regionalDateFormat = h:mm a isRTLlanguage = false returnDateFormat = E, d MMMM
03-22 14:47:53.482  1361  1361 D DateView: regionalDateFormat = h:mm a isRTLlanguage = false returnDateFormat = E, d MMMM
03-22 14:47:53.482  1361  1361 D DateView: regionalDateFormat = h:mm a isRTLlanguage = false returnDateFormat = E, d MMMM
03-22 14:47:53.482  1361  1361 D DateView: regionalDateFormat = h:mm a isRTLlanguage = false returnDateFormat = E, d MMMM
03-22 14:47:53.482  1361  1361 D DateView: regionalDateFormat = h:mm a isRTLlanguage = false returnDateFormat = E, d MMMM
03-22 14:47:53.482  1361  1361 D SecKeyguardStatusUtils: regionalDateFormat = h:mm a isRTLlanguage = false returnDateFormat = E, d MMMM
03-22 14:47:53.582  1361  1361 D SecKeyguardStatusUtils: regionalDateFormat = h:mm a isRTLlanguage = false returnDateFormat = E, d MMMM
03-22 14:47:53.602   798   959 I libsuspend: !@suspend_thread_func: wait
03-22 14:47:53.602   798   959 I libsuspend: !@suspend_thread_func: write 9711
03-22 14:47:53.602   798   959 I libsuspend: 
03-22 14:47:53.602   798   959 I libsuspend:  to wakeup_count
03-22 14:47:53.602   798   959 I libsuspend: !@suspend_thread_func: write mem to /sys/power/state
03-22 14:48:07.060   315   576 I qdhwcomposer: handle_blank_event: dpy:0 panel power state: 0
03-22 14:48:07.070   798  1267 V AlarmManager: Expired Alarm result :8
03-22 14:48:07.080   798   959 I libsuspend: !@suspend_thread_func: release sem
03-22 14:48:07.090   798  1756 V AlarmManager:  remove PendingIntent] PendingIntent{d1f7a19: PendingIntentRecord{fb6af4a com.google.android.gms broadcastIntent}}
03-22 14:48:07.180   798   959 I libsuspend: !@suspend_thread_func: read wakeup_count
03-22 14:48:07.550   798   959 I libsuspend: !@suspend_thread_func: wait
03-22 14:48:07.550   798   959 I libsuspend: !@suspend_thread_func: write 9723
03-22 14:48:07.550   798   959 I libsuspend: 
03-22 14:48:07.550   798   959 I libsuspend:  to wakeup_count
03-22 14:48:07.550   798   959 I libsuspend: !@suspend_thread_func: write mem to /sys/power/state
03-22 14:48:07.680   798   959 I libsuspend: !@suspend_thread_func: release sem
03-22 14:48:07.680   798  1616 E Watchdog: !@Sync 465 [03-22 14:48:07.689]
03-22 14:48:07.780   798   959 I libsuspend: !@suspend_thread_func: read wakeup_count
03-22 14:48:09.260   798  1267 V AlarmManager: Expired Alarm result :4
03-22 14:48:09.300   798   899 V BroadcastQueue: [background] Process cur broadcast BroadcastRecord{da49ed5 u0 null qIdx=4}, state= (APP_RECEIVE) DELIVERED for app ProcessRecord{9038f29 32624:com.verizon.messaging.vzmsgs/u0a192}
03-22 14:48:09.330  1361  1361 D KeyguardUpdateMonitor: received broadcast android.intent.action.TIME_TICK
03-22 14:48:09.330  1361  1361 I PERF    : received broadcast android.intent.action.TIME_TICK
03-22 14:48:09.330  1361  1361 D KeyguardUpdateMonitor: handleTimeUpdate
03-22 14:48:09.330  1361  1361 D SecKeyguardClockView: onTimeChanged() : mShouldShowDualClock - false, isDualClockSet() -false
03-22 14:48:09.330  1361  1361 D DateView: regionalDateFormat = h:mm a isRTLlanguage = false returnDateFormat = E, d MMMM
03-22 14:48:09.350  1361  1361 D DateView: regionalDateFormat = h:mm a isRTLlanguage = false returnDateFormat = E, d MMMM
03-22 14:48:09.350  1361  1361 D DateView: regionalDateFormat = h:mm a isRTLlanguage = false returnDateFormat = E, d MMMM
03-22 14:48:09.350  1361  1361 D DateView: regionalDateFormat = h:mm a isRTLlanguage = false returnDateFormat = E, d MMMM
03-22 14:48:09.350  1361  1361 D DateView: regionalDateFormat = h:mm a isRTLlanguage = false returnDateFormat = E, d MMMM
03-22 14:48:09.350  1361  1361 D DateView: regionalDateFormat = h:mm a isRTLlanguage = false returnDateFormat = E, d MMMM
03-22 14:48:09.350  1361  1361 D SecKeyguardStatusUtils: regionalDateFormat = h:mm a isRTLlanguage = false returnDateFormat = E, d MMMM
03-22 14:48:09.510  1361  1361 D SecKeyguardStatusUtils: regionalDateFormat = h:mm a isRTLlanguage = false returnDateFormat = E, d MMMM
03-22 14:48:09.530   798   959 I libsuspend: !@suspend_thread_func: wait
03-22 14:48:09.530   798   959 I libsuspend: !@suspend_thread_func: write 9732
03-22 14:48:09.530   798   959 I libsuspend: 
03-22 14:48:09.530   798   959 I libsuspend:  to wakeup_count
03-22 14:48:09.530   798   959 I libsuspend: !@suspend_thread_func: write mem to /sys/power/state
03-22 14:48:09.630   798   959 I libsuspend: !@suspend_thread_func: release sem
03-22 14:48:09.730   798   959 I libsuspend: !@suspend_thread_func: read wakeup_count
03-22 14:48:10.080   798  1519 V AlarmManager:  remove PendingIntent] PendingIntent{f0de078: PendingIntentRecord{fb6af4a com.google.android.gms broadcastIntent}}
03-22 14:48:10.230   798  1267 V AlarmManager: Expired Alarm result :4
03-22 14:48:10.340   798  1267 V AlarmManager: Expired Alarm result :4
03-22 14:48:10.360   798  1267 V AlarmManager: Expired Alarm result :4
03-22 14:48:10.470   798  2445 V AlarmManager:  remove PendingIntent] PendingIntent{b7c8c24: PendingIntentRecord{e92d38d com.verizon.messaging.vzmsgs startService}}
03-22 14:48:10.570   798   959 I libsuspend: !@suspend_thread_func: wait
03-22 14:48:10.570   798   959 I libsuspend: !@suspend_thread_func: write 9747
03-22 14:48:10.570   798   959 I libsuspend: 
03-22 14:48:10.570   798   959 I libsuspend:  to wakeup_count
03-22 14:48:10.570   798   959 I libsuspend: !@suspend_thread_func: write mem to /sys/power/state
03-22 14:48:12.079   315   576 I qdhwcomposer: handle_blank_event: dpy:0 panel power state: 0
03-22 14:48:12.109   798   959 I libsuspend: !@suspend_thread_func: release sem
03-22 14:48:12.139  1465  1465 V TaskManager:TaskManagerRemoteService: case SEND_BROADCAST_ACTIVE_APPS
03-22 14:48:12.139  1465  1465 I TaskManager:PackageInfo: getRunningAppPackageList()
03-22 14:48:12.209  1465  1465 I TaskManager:PackageInfo: RunningApp[Hidden Pkg] - pkg:com.android.contacts
03-22 14:48:12.209  1465  1465 I TaskManager:PackageInfo: RunningApp[Hidden Pkg] - pkg:com.android.settings
03-22 14:48:12.209  1465  1465 I TaskManager:PackageInfo: RunningApp[Hidden Pkg] - pkg:com.android.systemui
03-22 14:48:12.209  1465  1465 I TaskManager:PackageInfo: RunningApp[Service] - pkg:com.android.bluetooth
03-22 14:48:12.209  1465  1465 I TaskManager:PackageInfo: RunningApp[Service] - pkg:com.sec.android.app.bluetoothtest
03-22 14:48:12.209  1465  1465 I TaskManager:PackageInfo: RunningApp[Service] - pkg:com.qualcomm.atfwd
03-22 14:48:12.209  1465  1465 I TaskManager:PackageInfo: RunningApp[Service] - pkg:com.verizon.messaging.vzmsgs
03-22 14:48:12.209  1465  1465 I TaskManager:PackageInfo: RunningApp[Service] - pkg:com.sec.android.daemonapp
03-22 14:48:12.209  1465  1465 I TaskManager:PackageInfo: RunningApp[Service] - pkg:com.vcast.mediamanager
03-22 14:48:12.209  1465  1465 I TaskManager:PackageInfo: RunningApp[Service] - pkg:com.qualcomm.embms
03-22 14:48:12.209  1465  1465 I TaskManager:PackageInfo: RunningApp[Service] - pkg:com.sec.android.app.taskmanager
03-22 14:48:12.209  1465  1465 I TaskManager:PackageInfo: RunningApp[Service] - pkg:com.sec.android.app.videoplayer
03-22 14:48:12.209  1465  1465 I TaskManager:PackageInfo: RunningApp[Service] - pkg:com.google.android.gms
03-22 14:48:12.209  1465  1465 I TaskManager:PackageInfo: RunningApp[Service] - pkg:com.dsi.ant.server
03-22 14:48:12.209  1465  1465 I TaskManager:PackageInfo: RunningApp[Service] - pkg:com.sec.imsservice
03-22 14:48:12.209  1465  1465 I TaskManager:PackageInfo: RunningApp[Service] - pkg:com.sec.android.app.samsungapps
03-22 14:48:12.209  1465  1465 I TaskManager:PackageInfo: RunningApp[Service] - pkg:com.samsung.sec.android.application.csc
03-22 14:48:12.209  1465  1465 I TaskManager:PackageInfo: RunningApp[Service] - pkg:com.sec.sve
03-22 14:48:12.209  1465  1465 I TaskManager:PackageInfo: RunningApp[Service] - pkg:tv.peel.smartremote
03-22 14:48:12.209  1465  1465 I TaskManager:PackageInfo: RunningApp[Service] - pkg:com.sec.android.pagebuddynotisvc
03-22 14:48:12.209  1465  1465 I TaskManager:PackageInfo: RunningApp[Service] - pkg:com.telecomsys.directedsms.android.SCG
03-22 14:48:12.209  1465  1465 I TaskManager:PackageInfo: RunningApp[Service] - pkg:com.android.server.telecom
03-22 14:48:12.209  1465  1465 I TaskManager:PackageInfo: RunningApp[Service] - pkg:com.android.stk
03-22 14:48:12.209  1465  1465 I TaskManager:PackageInfo: RunningApp[Service] - pkg:com.vzw.apnservice
03-22 14:48:12.209  1465  1465 I TaskManager:PackageInfo: RunningApp[Service] - pkg:android
03-22 14:48:12.209  1465  1465 I TaskManager:PackageInfo: RunningApp[Service] - pkg:com.google.android.apps.maps
03-22 14:48:12.209  1465  1465 I TaskManager:PackageInfo: RunningApp[Service] - pkg:com.ipsec.service
03-22 14:48:12.209  1465  1465 I TaskManager:PackageInfo: RunningApp[Service] - pkg:com.samsung.android.providers.context
03-22 14:48:12.209  1465  1465 I TaskManager:PackageInfo: RunningApp[Service] - pkg:com.asurion.android.verizon.vms
03-22 14:48:12.209  1465  1465 I TaskManager:PackageInfo: RunningApp[Service] - pkg:com.samsung.android.beaconmanager
03-22 14:48:12.209   798   959 I libsuspend: !@suspend_thread_func: read wakeup_count
03-22 14:48:12.209  1465  1465 I TaskManager:PackageInfo: RunningApp[Service] - pkg:com.samsung.accessory
03-22 14:48:12.209  1465  1465 I TaskManager:PackageInfo: RunningApp[Service] - pkg:com.android.phone
03-22 14:48:12.209  1465  1465 V TaskManager:TaskManagerRemoteService: calcCPUUsage() packageName:org.test.myapp usage:0.11494253
03-22 14:48:12.209  1465  1465 V TaskManager:TaskManagerRemoteService: calcCPUUsage() packageName:com.sec.android.app.myfiles usage:0.11494253
03-22 14:48:12.209  1465  1465 V TaskManager:TaskManagerRemoteService: calcCPUUsage() packageName:com.android.chrome usage:0.22988506
03-22 14:48:12.209  1465  1465 V TaskManager:TaskManagerRemoteService: calcCPUUsage() packageName:com.sec.android.app.music usage:0.0
03-22 14:48:12.209  1465  1465 V TaskManager:TaskManagerRemoteService: PrevCount : 4 , RunningCount : 4
03-22 14:48:12.209  1465  1465 V TaskManager:TaskManagerRemoteService: Sending new running_count : 4
03-22 14:48:12.219 13266 13266 V TaskCloserActivity: TaskCloserActivity onReceive() - com.sec.android.app.controlpanel.service.RUNNING_COUNT
03-22 14:48:12.219   798   899 V BroadcastQueue: [background] Process cur broadcast BroadcastRecord{a91ad53 u0 com.sec.android.app.controlpanel.service.RUNNING_COUNT qIdx=4}, state= (APP_RECEIVE) DELIVERED for app ProcessRecord{c9502b8 13266:com.sec.android.widgetapp.activeapplicationwidget/u0a119}
03-22 14:48:12.569   798   959 I libsuspend: !@suspend_thread_func: wait
03-22 14:48:12.569   798   959 I libsuspend: !@suspend_thread_func: write 9757
03-22 14:48:12.569   798   959 I libsuspend: 
03-22 14:48:12.569   798   959 I libsuspend:  to wakeup_count
03-22 14:48:12.569   798   959 I libsuspend: !@suspend_thread_func: write mem to /sys/power/state
03-22 14:49:18.291   315   576 I qdhwcomposer: handle_blank_event: dpy:0 panel power state: 0
03-22 14:49:18.291   798  1267 V AlarmManager: Expired Alarm result :8
03-22 14:49:18.311   798   959 I libsuspend: !@suspend_thread_func: release sem
03-22 14:49:18.321   798   813 D BatteryService: !@BatteryListener : batteryPropertiesChanged!
03-22 14:49:18.321   798   813 D BatteryService: level:94, scale:100, status:3, health:2, present:true, voltage: 4251, temperature: 336, technology: Li-ion, AC powered:false, USB powered:false, POGO powered:false, Wireless powered:false, icon:17303550, invalid charger:0, maxChargingCurrent:0
03-22 14:49:18.321   798   813 D BatteryService: online:1, current avg:450, charge type:0, power sharing:false, high voltage charger:false, capacity:280000, batterySWSelfDischarging:false, current_now:-450
03-22 14:49:18.321   798   798 D BatteryService: Sending ACTION_BATTERY_CHANGED.
03-22 14:49:18.341   798  1307 D WifiStateMachine:  ConnectedState CMD_GET_LINK_LAYER_STATS  rt=13977554/67092052 0 0
03-22 14:49:18.341   798  1307 D WifiStateMachine:  L2ConnectedState CMD_GET_LINK_LAYER_STATS  rt=13977555/67092052 0 0
03-22 14:49:18.341   798  1307 D WifiStateMachine:  ConnectModeState CMD_GET_LINK_LAYER_STATS  rt=13977555/67092053 0 0
03-22 14:49:18.341   798  1307 D WifiStateMachine:  DriverStartedState CMD_GET_LINK_LAYER_STATS  rt=13977555/67092053 0 0
03-22 14:49:18.341   798  1307 D WifiStateMachine:  SupplicantStartedState CMD_GET_LINK_LAYER_STATS  rt=13977555/67092053 0 0
03-22 14:49:18.351   798   908 D BluetoothAdapter: STATE_ON
03-22 14:49:18.351  2032  2275 D bt_vendor: op for 7
03-22 14:49:18.351  2032  2275 D bt_upio : upio_set : pio 0 action 2, polarity 1
03-22 14:49:18.371  2032  2275 D bt_upio : upio_start_stop_timer : timer_settime success
03-22 14:49:18.371  2032  2275 D bt_upio : upio_set: proc btwrite assertion, buffer: 1, timer_armed 1 1
03-22 14:49:18.381   798   814 V AlarmManager:  remove PendingIntent] PendingIntent{4084690: PendingIntentRecord{5d7eaa4 com.android.bluetooth broadcastIntent}}
03-22 14:49:18.411   798   959 I libsuspend: !@suspend_thread_func: read wakeup_count
03-22 14:49:18.421   798   954 D PowerManagerService: [PSM] lowPowerModeEnabled: false (mLowPowerModeSetting: false, mIsPowered: false, mAutoLowPowerModeConfigured: false, mBatteryLevel: 94, mLowBatteryTriggerLevel: 0)
03-22 14:49:18.431  1361  1361 D KeyguardUpdateMonitor: received broadcast android.intent.action.BATTERY_CHANGED
03-22 14:49:18.431  1361  1361 I PERF    : received broadcast android.intent.action.BATTERY_CHANGED
03-22 14:49:18.431  1361  1361 D KeyguardUpdateMonitor: handleBatteryUpdate
03-22 14:49:18.441  1817  1817 D BatteryMonitor: new battery level: 94
03-22 14:49:18.441  1726  1726 D PhoneApp: PhoneAppBroadcastReceiver onReceive android.intent.action.BATTERY_CHANGED
03-22 14:49:18.441  2032  2032 V HeadsetService: HeadsetService - Received Intent.ACTION_BATTERY_CHANGED
03-22 14:49:18.441  2032  2470 D HeadsetStateMachine: Disconnected process message: 10, size: 0
03-22 14:49:18.451  1361  1361 D BatteryMeterView: ACTION_BATTERY_CHANGED : level:94 status:3 health:2
03-22 14:49:18.451  1361  1361 D BatteryMeterView: ACTION_BATTERY_CHANGED : level:94 status:3 health:2
03-22 14:49:18.451  1361  1361 D BatteryMeterView: ACTION_BATTERY_CHANGED : level:94 status:3 health:2
03-22 14:49:18.461 22338 22338 D SMUSIC-SV: mSystemReceiver - batteryLevel: 94 batteryStatus: 3
03-22 14:49:18.471  1726  1726 D TelephonyExtension: Not stopping low battery tone
03-22 14:49:18.471   798  2445 V AlarmManager:  remove PendingIntent] PendingIntent{8ffcbaf: PendingIntentRecord{358a33e com.android.phone broadcastIntent}}
03-22 14:49:18.481  1558  1615 D ContactsProvider_EventLog: contents_sample_state: [ contacts(60) data(554) accounts({vnd.sec.contact.phone (1)=7, com.google (2)=64}) accounts deleted({}) calls([])  ]
03-22 14:49:18.481  1558  1615 D ContactsProvider_EventLog: contents_sample_state: [ agr({[2]=49, [2 ,2 ,2 ,2]=1, [2 ,2]=3, [1]=2, [1 ,2]=5})  ]
03-22 14:49:18.521   798   798 I MotionRecognitionService: On Battery, 0
03-22 14:49:18.521   798   798 D MotionRecognitionService:   cableConnection= 0
03-22 14:49:18.731   798  1316 D EPDG -- [EPDGTimers]: TEPDG1X timer finished
03-22 14:49:18.731   798  1316 D EPDG -- [EPDGService]: Event received: TIMER_TEPDG1X_EXPIRED
03-22 14:49:18.731   798  1316 D EPDG -- [EPDGService]: handleMessage: cid - 0
03-22 14:49:18.731   798  1316 D EPDG -- [EPDGService]: sendEpdgRegisterBroadcast with cdmaAvailability: true
03-22 14:49:18.741  1817  1817 D RegistrationManagerBase: EpdgEventReceiver, epdg cellular availability : true
03-22 14:49:18.741  1817  1849 D ResipRegistrationManager: handleMessage(): 123
03-22 14:49:18.741  1817  1849 D RegistrationManagerBase: handleMessage: what 123
03-22 14:49:18.741  1817  1849 D RegistrationManagerBase: onVowifiServiceSettingChanged:
03-22 14:49:18.741   798  1316 D EPDG -- [EPDGService]:  mWifiRssiA :-65 mWifiRssiB:-80 mWifiRssiC:-85 mWifiRssiRoveInWifiOnly:0 mWifiRssiRoveOutWifiOnly:0 mLteRsrp1:-112 mLteRsrp2:-115 mLteRsrp3:-100
03-22 14:49:18.741   798  1316 D EPDG -- [EPDGService]:  mLteThGood:-100 mLteThLow:-112 mCdmaTh:-12 mCdmaProfilingStarted : true Last reported Cdma Ec/Io : -8 mLteProfilingStarted : false Last reported Lte RSRP: 2147483647 mWifiGoodDbValue: -65 mWifiBadDbValue: -80 Current Wifi RSSI Value: -64 Last Known Wifi RSSI Value: -64
03-22 14:49:18.741   798  1316 D EPDG -- [EPDGService]: TimerStatus :
03-22 14:49:18.741   798  1316 D EPDG -- [EpdgImsListener]: getVoWifiSessionConnected: CALL status is: idle
03-22 14:49:18.751   798  1316 D EPDG -- [EpdgImsListener]: getVoWifiSessionConnected: IPME status is: false
03-22 14:49:18.751   798  1316 D EPDG -- [EpdgImsListener]: getVoWifiSessionConnected: VOLTE Session is: false
03-22 14:49:18.751   798  1316 D EPDG -- [UTILS]:  getNetworkTypeByApnType() apnType: ims
03-22 14:49:18.751  1817  1849 D VolteServiceModule: onVoWiFiSwitched:
03-22 14:49:18.751   798  1316 D EPDG -- [EPDGService]: getIsAirplaneMode: returning: false
03-22 14:49:18.761   798  1316 D EPDG -- [EPDGService]: getIsAirplaneMode: returning: false
03-22 14:49:18.771  1817  1849 E OmcCode : OMC is empty
03-22 14:49:18.771   798  1316 D EPDG -- [MAPCON]: checkIsRuleforApn: appStr is: idle apnType is: ims
03-22 14:49:18.771  1817  1849 E OmcCode : salesCode is loaded :VZW
03-22 14:49:18.771   798  1316 D EPDG -- [MAPCON]: apn :ims
03-22 14:49:18.771  1817  1849 D Mno     : fromSim: operator=311480
03-22 14:49:18.771  1817  1849 D Mno     : getCountryCode: mcc=310
03-22 14:49:18.771  1817  1849 D Mno     : choose mno : 311, 480, Verizon Wirelss, us
03-22 14:49:18.781  1817  1849 D ImsSettingsProvider: query Uri: content://com.sec.ims.settings/nvstorage/omadm/
03-22 14:49:18.781  1817  1849 D ImsSettingsProvider: match 15
03-22 14:49:18.781  1817  1849 V ImsSettingsProvider: query Uri[content://com.sec.ims.settings/nvstorage/omadm/], selection [null]
03-22 14:49:18.781  1817  1849 D NvStorage: query: omadm,[omadm/./3GPP_IMS/VOLTE_ENABLED]
03-22 14:49:18.781  1817  1849 D RCS_CONFIG: DmConfigHelper.read,110:omadm/./3GPP_IMS/VOLTE_ENABLED : 0
03-22 14:49:18.781  1817  1849 D RCS_CONFIG: ServiceSwitchDmReader.readBool,46:mmtel use read value(0, false)
03-22 14:49:18.781  1817  1849 D ImsSettingsProvider: query Uri: content://com.sec.ims.settings/nvstorage/omadm/
03-22 14:49:18.781  1817  1849 D ImsSettingsProvider: match 15
03-22 14:49:18.781  1817  1849 V ImsSettingsProvider: query Uri[content://com.sec.ims.settings/nvstorage/omadm/], selection [null]
03-22 14:49:18.781  1817  1849 D NvStorage: query: omadm,[omadm/./3GPP_IMS/VOLTE_ENABLED]
03-22 14:49:18.781   798  1316 I EPDG -- [PolicyMgr]: isW2LRecommended(): LTE (false) CS (true) VoWIFI (false) call (idle)
03-22 14:49:18.791  1817  1849 D RCS_CONFIG: DmConfigHelper.read,110:omadm/./3GPP_IMS/VOLTE_ENABLED : 0
03-22 14:49:18.791   798  1316 I EPDG -- [MAPCON]: isCsPreceedsIwlan - meet IWLAN first
03-22 14:49:18.791   798  1316 I EPDG -- [PolicyMgr]: isW2LRecommended: no LTE, idle goes to CS (false)
03-22 14:49:18.791   798  1316 I EPDG -- [PolicyMgr]: isW2LRecommended(): result is: false
03-22 14:49:18.791   798  1316 D EPDG -- [EPDGService]: W2L handover not recommended
03-22 14:49:18.791  1817  1849 D RCS_CONFIG: ServiceSwitchDmReader.readBool,46:mmtel use read value(0, false)
03-22 14:49:18.791  1558  1615 E ContactsProvider_EventLog: Flush buffer to file cnt : 8 size : 9Kb duration : 305ms lastUpdatedAfter : 714713ms
03-22 14:49:19.181  2032  2444 D bt_upio : ..proc_btwrite_timeout..
03-22 14:49:19.181  2032  2444 D bt_upio : upio_set : pio 0 action 1, polarity 1
03-22 14:49:19.881  2032  2275 D bt_vendor: op for 7
03-22 14:49:19.881  2032  2275 D bt_upio : upio_set : pio 0 action 1, polarity 1
03-22 14:49:19.881  2032  2275 D bt_upio : BT_WAKE is de-asserted already
03-22 14:49:19.881   798  1760 V AlarmManager:  remove PendingIntent] PendingIntent{d533bbc: PendingIntentRecord{5d7eaa4 com.android.bluetooth broadcastIntent}}
03-22 14:49:20.201 17901 32034 V NativeCrypto: Read error: ssl=0x9850ce00: I/O error during system call, Connection reset by peer
03-22 14:49:20.231 17901 32034 V NativeCrypto: SSL shutdown failed: ssl=0x9850ce00: I/O error during system call, Broken pipe
03-22 14:49:20.251   798  1734 V AlarmManager:  remove PendingIntent] PendingIntent{80be745: PendingIntentRecord{a4e103c com.google.android.gms broadcastIntent}}
03-22 14:49:20.251   798  1756 V AlarmManager:  remove PendingIntent] PendingIntent{1e6ae9a: PendingIntentRecord{fb6af4a com.google.android.gms broadcastIntent}}
03-22 14:49:20.251   798  1758 D ConnectivityService: reportNetworkConnectivity(502, false) by 10004
03-22 14:49:20.261   798 17246 D NetworkMonitor/NetworkAgentInfo [WIFI () - 502]: ValidatedState{ when=-4ms what=532488 arg1=10004 target=com.android.internal.util.StateMachine$SmHandler }
03-22 14:49:20.261   798 17246 D NetworkMonitor/NetworkAgentInfo [WIFI () - 502]: DefaultState{ when=-4ms what=532488 arg1=10004 target=com.android.internal.util.StateMachine$SmHandler }
03-22 14:49:20.261   798 17246 D NetworkMonitor/NetworkAgentInfo [WIFI () - 502]: Forcing reevaluation for UID 10004
03-22 14:49:20.261   798 17246 D NetworkMonitor/NetworkAgentInfo [WIFI () - 502]: EvaluatingState{ when=0 what=532486 arg1=15 target=com.android.internal.util.StateMachine$SmHandler }
03-22 14:49:20.261   798 17246 D NetworkMonitor/NetworkAgentInfo [WIFI () - 502]: Validated
03-22 14:49:20.261   798  1307 D WifiNetworkAgent: NetworkAgent: CMD_REPORT_NETWORK_STATUS(VALID)
03-22 14:49:20.261   798  1307 D WifiNetworkAgent: NetworkAgent: CMD_REPORT_NETWORK_STATUS(1)
03-22 14:49:20.261   798  1314 D ConnectivityService: setProvNotificationVisibleIntent null visible=false networkType=MOBILE extraInfo=null highPriority=false
03-22 14:49:20.261   798  1314 D ConnectivityService: NetworkAgentInfo [WIFI () - 502] validation  passed
03-22 14:49:20.271   798  1307 D WifiNetworkAgent: NetworkAgent: WifiNetworkAgent -> Wifi networkStatus valid, score= 56
03-22 14:49:20.271   798  1307 D WifiStateMachine:  ConnectedState CMD_NETWORK_STATUS  rt=13979486/67093983 1 0
03-22 14:49:20.271   798  1307 E WifiConfigStore:  writeKnownNetworkHistory() num networks:7 needWrite=false
03-22 14:49:20.281   798  2445 V AlarmManager:  remove PendingIntent] PendingIntent{d8773cb: PendingIntentRecord{1f01a9 com.google.android.gms broadcastIntent}}
03-22 14:49:21.281   798   959 I libsuspend: !@suspend_thread_func: wait
03-22 14:49:21.281   798   959 I libsuspend: !@suspend_thread_func: write 9781
03-22 14:49:21.281   798   959 I libsuspend: 
03-22 14:49:21.281   798   959 I libsuspend:  to wakeup_count
03-22 14:49:21.281   798   959 I libsuspend: !@suspend_thread_func: write mem to /sys/power/state
03-22 14:49:25.763   315   576 I qdhwcomposer: handle_blank_event: dpy:0 panel power state: 0
03-22 14:49:25.763   798  1267 V AlarmManager: Expired Alarm result :4
03-22 14:49:25.793   798   959 I libsuspend: !@suspend_thread_func: release sem
03-22 14:49:25.793  1361  1361 D KeyguardUpdateMonitor: received broadcast android.intent.action.TIME_TICK
03-22 14:49:25.793  1361  1361 I PERF    : received broadcast android.intent.action.TIME_TICK
03-22 14:49:25.793  1361  1361 D KeyguardUpdateMonitor: handleTimeUpdate
03-22 14:49:25.863  1361  1361 D SecKeyguardClockView: onTimeChanged() : mShouldShowDualClock - false, isDualClockSet() -false
03-22 14:49:25.863  1361  1361 D DateView: regionalDateFormat = h:mm a isRTLlanguage = false returnDateFormat = E, d MMMM
03-22 14:49:25.863  1361  1361 D DateView: regionalDateFormat = h:mm a isRTLlanguage = false returnDateFormat = E, d MMMM
03-22 14:49:25.863  1361  1361 D DateView: regionalDateFormat = h:mm a isRTLlanguage = false returnDateFormat = E, d MMMM
03-22 14:49:25.863  1361  1361 D DateView: regionalDateFormat = h:mm a isRTLlanguage = false returnDateFormat = E, d MMMM
03-22 14:49:25.863  1361  1361 D DateView: regionalDateFormat = h:mm a isRTLlanguage = false returnDateFormat = E, d MMMM
03-22 14:49:25.863  1361  1361 D DateView: regionalDateFormat = h:mm a isRTLlanguage = false returnDateFormat = E, d MMMM
03-22 14:49:25.863  1361  1361 D SecKeyguardStatusUtils: regionalDateFormat = h:mm a isRTLlanguage = false returnDateFormat = E, d MMMM
03-22 14:49:25.893   798   959 I libsuspend: !@suspend_thread_func: read wakeup_count
03-22 14:49:25.963  1361  1361 D SecKeyguardStatusUtils: regionalDateFormat = h:mm a isRTLlanguage = false returnDateFormat = E, d MMMM
03-22 14:49:25.973   335  1200 D EnterpriseController: netId is 0
03-22 14:49:25.973   335  1200 D Netd    : getNetworkForDns: using netid 502 for uid 10004
03-22 14:49:27.123  1465  1465 V TaskManager:TaskManagerRemoteService: case SEND_BROADCAST_ACTIVE_APPS
03-22 14:49:27.123  1465  1465 I TaskManager:PackageInfo: getRunningAppPackageList()
03-22 14:49:27.213  1465  1465 I TaskManager:PackageInfo: RunningApp[Hidden Pkg] - pkg:com.android.contacts
03-22 14:49:27.213  1465  1465 I TaskManager:PackageInfo: RunningApp[Hidden Pkg] - pkg:com.android.settings
03-22 14:49:27.213  1465  1465 I TaskManager:PackageInfo: RunningApp[Hidden Pkg] - pkg:com.android.systemui
03-22 14:49:27.213  1465  1465 I TaskManager:PackageInfo: RunningApp[Service] - pkg:com.android.bluetooth
03-22 14:49:27.213  1465  1465 I TaskManager:PackageInfo: RunningApp[Service] - pkg:com.sec.android.app.bluetoothtest
03-22 14:49:27.213  1465  1465 I TaskManager:PackageInfo: RunningApp[Service] - pkg:com.qualcomm.atfwd
03-22 14:49:27.213  1465  1465 I TaskManager:PackageInfo: RunningApp[Service] - pkg:com.verizon.messaging.vzmsgs
03-22 14:49:27.213  1465  1465 I TaskManager:PackageInfo: RunningApp[Service] - pkg:com.sec.android.daemonapp
03-22 14:49:27.213  1465  1465 I TaskManager:PackageInfo: RunningApp[Service] - pkg:com.vcast.mediamanager
03-22 14:49:27.213  1465  1465 I TaskManager:PackageInfo: RunningApp[Service] - pkg:com.qualcomm.embms
03-22 14:49:27.213  1465  1465 I TaskManager:PackageInfo: RunningApp[Service] - pkg:com.sec.android.app.taskmanager
03-22 14:49:27.213  1465  1465 I TaskManager:PackageInfo: RunningApp[Service] - pkg:com.sec.android.app.videoplayer
03-22 14:49:27.213  1465  1465 I TaskManager:PackageInfo: RunningApp[Service] - pkg:com.google.android.gms
03-22 14:49:27.213  1465  1465 I TaskManager:PackageInfo: RunningApp[Service] - pkg:com.dsi.ant.server
03-22 14:49:27.213  1465  1465 I TaskManager:PackageInfo: RunningApp[Service] - pkg:com.sec.imsservice
03-22 14:49:27.213  1465  1465 I TaskManager:PackageInfo: RunningApp[Service] - pkg:com.sec.android.app.samsungapps
03-22 14:49:27.213  1465  1465 I TaskManager:PackageInfo: RunningApp[Service] - pkg:com.samsung.sec.android.application.csc
03-22 14:49:27.213  1465  1465 I TaskManager:PackageInfo: RunningApp[Service] - pkg:com.sec.sve
03-22 14:49:27.213  1465  1465 I TaskManager:PackageInfo: RunningApp[Service] - pkg:tv.peel.smartremote
03-22 14:49:27.213  1465  1465 I TaskManager:PackageInfo: RunningApp[Service] - pkg:com.sec.android.pagebuddynotisvc
03-22 14:49:27.213  1465  1465 I TaskManager:PackageInfo: RunningApp[Service] - pkg:com.telecomsys.directedsms.android.SCG
03-22 14:49:27.213  1465  1465 I TaskManager:PackageInfo: RunningApp[Service] - pkg:com.android.server.telecom
03-22 14:49:27.213  1465  1465 I TaskManager:PackageInfo: RunningApp[Service] - pkg:com.android.stk
03-22 14:49:27.213  1465  1465 I TaskManager:PackageInfo: RunningApp[Service] - pkg:com.vzw.apnservice
03-22 14:49:27.213  1465  1465 I TaskManager:PackageInfo: RunningApp[Service] - pkg:android
03-22 14:49:27.213  1465  1465 I TaskManager:PackageInfo: RunningApp[Service] - pkg:com.google.android.apps.maps
03-22 14:49:27.213  1465  1465 I TaskManager:PackageInfo: RunningApp[Service] - pkg:com.ipsec.service
03-22 14:49:27.213  1465  1465 I TaskManager:PackageInfo: RunningApp[Service] - pkg:com.samsung.android.providers.context
03-22 14:49:27.213  1465  1465 I TaskManager:PackageInfo: RunningApp[Service] - pkg:com.asurion.android.verizon.vms
03-22 14:49:27.213  1465  1465 I TaskManager:PackageInfo: RunningApp[Service] - pkg:com.samsung.android.beaconmanager
03-22 14:49:27.213  1465  1465 I TaskManager:PackageInfo: RunningApp[Service] - pkg:com.samsung.accessory
03-22 14:49:27.213  1465  1465 I TaskManager:PackageInfo: RunningApp[Service] - pkg:com.android.phone
03-22 14:49:27.213  1465  1465 V TaskManager:TaskManagerRemoteService: calcCPUUsage() packageName:org.test.myapp usage:0.0
03-22 14:49:27.213  1465  1465 V TaskManager:TaskManagerRemoteService: calcCPUUsage() packageName:com.sec.android.app.myfiles usage:0.0
03-22 14:49:27.213  1465  1465 V TaskManager:TaskManagerRemoteService: calcCPUUsage() packageName:com.android.chrome usage:0.0
03-22 14:49:27.213  1465  1465 V TaskManager:TaskManagerRemoteService: calcCPUUsage() packageName:com.sec.android.app.music usage:0.14771049
03-22 14:49:27.213  1465  1465 W ResourcesManager: getTopLevelResources: /data/app/com.sec.android.app.music-1/base.apk / 1.0 running in com.sec.android.app.taskmanager rsrc of package null
03-22 14:49:27.243  1465  1465 V TaskManager:TaskManagerRemoteService: PrevCount : 4 , RunningCount : 4
03-22 14:49:27.243  1465  1465 V TaskManager:TaskManagerRemoteService: Sending new running_count : 4
03-22 14:49:27.253   798   899 V BroadcastQueue: [background] Process cur broadcast BroadcastRecord{af11a66 u0 com.sec.android.app.controlpanel.service.RUNNING_COUNT qIdx=4}, state= (APP_RECEIVE) DELIVERED for app ProcessRecord{c9502b8 13266:com.sec.android.widgetapp.activeapplicationwidget/u0a119}
03-22 14:49:27.263 13266 13266 V TaskCloserActivity: TaskCloserActivity onReceive() - com.sec.android.app.controlpanel.service.RUNNING_COUNT
03-22 14:49:27.653   798  3673 D SSRM:n  : SIOP:: AP = 320, PST = 339, CUR = 450, LCD = 0
03-22 14:49:27.693   798  3673 D ConnectivityService: returning getNetworkInfo for network type 1 : [type: WIFI[] - WIFI, state: CONNECTED/CONNECTED, reason: (unspecified), extra: "AiHiWiFi", roaming: false, failover: false, isAvailable: true]
03-22 14:49:29.233   798   899 W ProcessCpuTracker: Skipping unknown process pid 4435
03-22 14:49:29.523 27925 27988 I Metrics:BatchTransmitte: QueuePusher.sendBatches - Drained batch queue.; Number of HIGH queue batches sent: 0
03-22 14:49:30.813   798   959 I libsuspend: !@suspend_thread_func: wait
03-22 14:49:30.813   798   959 I libsuspend: !@suspend_thread_func: write 9803
03-22 14:49:30.813   798   959 I libsuspend: 
03-22 14:49:30.813   798   959 I libsuspend:  to wakeup_count
03-22 14:49:30.813   798   959 I libsuspend: !@suspend_thread_func: write mem to /sys/power/state
03-22 14:50:47.042   315   576 I qdhwcomposer: handle_blank_event: dpy:0 panel power state: 0
03-22 14:50:47.102   798   959 I libsuspend: !@suspend_thread_func: release sem
03-22 14:50:47.102   798  1267 V AlarmManager: Expired Alarm result :8
03-22 14:50:47.202   798   959 I libsuspend: !@suspend_thread_func: read wakeup_count
03-22 14:50:47.632   798   959 I libsuspend: !@suspend_thread_func: wait
03-22 14:50:47.632   798   959 I libsuspend: !@suspend_thread_func: write 9815
03-22 14:50:47.632   798   959 I libsuspend: 
03-22 14:50:47.632   798   959 I libsuspend:  to wakeup_count
03-22 14:50:47.632   798   959 I libsuspend: !@suspend_thread_func: write mem to /sys/power/state
03-22 14:52:15.658   315   576 I qdhwcomposer: handle_blank_event: dpy:0 panel power state: 0
03-22 14:52:15.678   798   959 I libsuspend: !@suspend_thread_func: release sem
03-22 14:52:15.788   798   959 I libsuspend: !@suspend_thread_func: read wakeup_count
03-22 14:52:15.788   798   959 I libsuspend: !@suspend_thread_func: wait
03-22 14:52:15.788   798   959 I libsuspend: !@suspend_thread_func: write 9822
03-22 14:52:15.788   798   959 I libsuspend: 
03-22 14:52:15.788   798   959 I libsuspend:  to wakeup_count
03-22 14:52:15.788   798   959 I libsuspend: !@suspend_thread_func: write mem to /sys/power/state
03-22 14:53:45.766   798  1267 V AlarmManager: Expired Alarm result :8
03-22 14:53:45.776   315   576 I qdhwcomposer: handle_blank_event: dpy:0 panel power state: 0
03-22 14:53:45.786   798   959 I libsuspend: !@suspend_thread_func: release sem
03-22 14:53:45.886   798   959 I libsuspend: !@suspend_thread_func: read wakeup_count
03-22 14:53:45.886   798   959 I libsuspend: !@suspend_thread_func: wait
03-22 14:53:45.886   798   959 I libsuspend: !@suspend_thread_func: write 9830
03-22 14:53:45.886   798   959 I libsuspend: 
03-22 14:53:45.886   798   959 I libsuspend:  to wakeup_count
03-22 14:53:45.886   798   959 I libsuspend: !@suspend_thread_func: write mem to /sys/power/state
03-22 14:55:58.524   315   576 I qdhwcomposer: handle_blank_event: dpy:0 panel power state: 0
03-22 14:55:58.544  1465  1465 V TaskManager:TaskManagerRemoteService: case SEND_BROADCAST_ACTIVE_APPS
03-22 14:55:58.544  1465  1465 I TaskManager:PackageInfo: getRunningAppPackageList()
03-22 14:55:58.554   798   959 I libsuspend: !@suspend_thread_func: release sem
03-22 14:55:58.554   798   814 D BatteryService: !@BatteryListener : batteryPropertiesChanged!
03-22 14:55:58.554   798   814 D BatteryService: level:93, scale:100, status:3, health:2, present:true, voltage: 4262, temperature: 342, technology: Li-ion, AC powered:false, USB powered:false, POGO powered:false, Wireless powered:false, icon:17303550, invalid charger:0, maxChargingCurrent:0
03-22 14:55:58.554   798   814 D BatteryService: online:1, current avg:450, charge type:0, power sharing:false, high voltage charger:false, capacity:280000, batterySWSelfDischarging:false, current_now:-450
03-22 14:55:58.564   798  1307 D WifiStateMachine:  ConnectedState CMD_GET_LINK_LAYER_STATS  rt=13987211/67492266 0 0
03-22 14:55:58.564   798   908 D BluetoothAdapter: STATE_ON
03-22 14:55:58.564   798  1307 D WifiStateMachine:  L2ConnectedState CMD_GET_LINK_LAYER_STATS  rt=13987211/67492266 0 0
03-22 14:55:58.564   798  1307 D WifiStateMachine:  ConnectModeState CMD_GET_LINK_LAYER_STATS  rt=13987211/67492266 0 0
03-22 14:55:58.564   798  1307 D WifiStateMachine:  DriverStartedState CMD_GET_LINK_LAYER_STATS  rt=13987212/67492267 0 0
03-22 14:55:58.564   798  1307 D WifiStateMachine:  SupplicantStartedState CMD_GET_LINK_LAYER_STATS  rt=13987212/67492267 0 0
03-22 14:55:58.564  2032  2275 D bt_vendor: op for 7
03-22 14:55:58.564  2032  2275 D bt_upio : upio_set : pio 0 action 2, polarity 1
03-22 14:55:58.564  2032  2275 D bt_upio : upio_start_stop_timer : timer_settime success
03-22 14:55:58.564  2032  2275 D bt_upio : upio_set: proc btwrite assertion, buffer: 1, timer_armed 1 1
03-22 14:55:58.564   798   798 D BatteryService: Sending ACTION_BATTERY_CHANGED.
03-22 14:55:58.564   798  1519 V AlarmManager:  remove PendingIntent] PendingIntent{f9781a7: PendingIntentRecord{5d7eaa4 com.android.bluetooth broadcastIntent}}
03-22 14:55:58.614  1465  1465 I TaskManager:PackageInfo: RunningApp[Hidden Pkg] - pkg:com.android.contacts
03-22 14:55:58.614  1465  1465 I TaskManager:PackageInfo: RunningApp[Hidden Pkg] - pkg:com.android.settings
03-22 14:55:58.614  1465  1465 I TaskManager:PackageInfo: RunningApp[Hidden Pkg] - pkg:com.android.systemui
03-22 14:55:58.614  1465  1465 I TaskManager:PackageInfo: RunningApp[Service] - pkg:com.android.bluetooth
03-22 14:55:58.614  1465  1465 I TaskManager:PackageInfo: RunningApp[Service] - pkg:com.sec.android.app.bluetoothtest
03-22 14:55:58.614  1465  1465 I TaskManager:PackageInfo: RunningApp[Service] - pkg:com.qualcomm.atfwd
03-22 14:55:58.614  1465  1465 I TaskManager:PackageInfo: RunningApp[Service] - pkg:com.verizon.messaging.vzmsgs
03-22 14:55:58.614  1465  1465 I TaskManager:PackageInfo: RunningApp[Service] - pkg:com.sec.android.daemonapp
03-22 14:55:58.614  1465  1465 I TaskManager:PackageInfo: RunningApp[Service] - pkg:com.vcast.mediamanager
03-22 14:55:58.614  1465  1465 I TaskManager:PackageInfo: RunningApp[Service] - pkg:com.qualcomm.embms
03-22 14:55:58.614  1465  1465 I TaskManager:PackageInfo: RunningApp[Service] - pkg:com.sec.android.app.taskmanager
03-22 14:55:58.614  1465  1465 I TaskManager:PackageInfo: RunningApp[Service] - pkg:com.sec.android.app.videoplayer
03-22 14:55:58.614  1465  1465 I TaskManager:PackageInfo: RunningApp[Service] - pkg:com.google.android.gms
03-22 14:55:58.614  1465  1465 I TaskManager:PackageInfo: RunningApp[Service] - pkg:com.dsi.ant.server
03-22 14:55:58.614  1465  1465 I TaskManager:PackageInfo: RunningApp[Service] - pkg:com.sec.imsservice
03-22 14:55:58.614  1465  1465 I TaskManager:PackageInfo: RunningApp[Service] - pkg:com.sec.android.app.samsungapps
03-22 14:55:58.614  1465  1465 I TaskManager:PackageInfo: RunningApp[Service] - pkg:com.samsung.sec.android.application.csc
03-22 14:55:58.614  1465  1465 I TaskManager:PackageInfo: RunningApp[Service] - pkg:com.sec.sve
03-22 14:55:58.614  1465  1465 I TaskManager:PackageInfo: RunningApp[Service] - pkg:tv.peel.smartremote
03-22 14:55:58.614  1465  1465 I TaskManager:PackageInfo: RunningApp[Service] - pkg:com.sec.android.pagebuddynotisvc
03-22 14:55:58.614  1465  1465 I TaskManager:PackageInfo: RunningApp[Service] - pkg:com.telecomsys.directedsms.android.SCG
03-22 14:55:58.614  1465  1465 I TaskManager:PackageInfo: RunningApp[Service] - pkg:com.android.server.telecom
03-22 14:55:58.614  1465  1465 I TaskManager:PackageInfo: RunningApp[Service] - pkg:com.android.stk
03-22 14:55:58.614  1465  1465 I TaskManager:PackageInfo: RunningApp[Service] - pkg:com.vzw.apnservice
03-22 14:55:58.614  1465  1465 I TaskManager:PackageInfo: RunningApp[Service] - pkg:android
03-22 14:55:58.614  1465  1465 I TaskManager:PackageInfo: RunningApp[Service] - pkg:com.google.android.apps.maps
03-22 14:55:58.614  1465  1465 I TaskManager:PackageInfo: RunningApp[Service] - pkg:com.ipsec.service
03-22 14:55:58.614  1465  1465 I TaskManager:PackageInfo: RunningApp[Service] - pkg:com.samsung.android.providers.context
03-22 14:55:58.614  1465  1465 I TaskManager:PackageInfo: RunningApp[Service] - pkg:com.asurion.android.verizon.vms
03-22 14:55:58.614  1465  1465 I TaskManager:PackageInfo: RunningApp[Service] - pkg:com.samsung.android.beaconmanager
03-22 14:55:58.614  1465  1465 I TaskManager:PackageInfo: RunningApp[Service] - pkg:com.samsung.accessory
03-22 14:55:58.614  1465  1465 I TaskManager:PackageInfo: RunningApp[Service] - pkg:com.android.phone
03-22 14:55:58.614  1465  1465 V TaskManager:TaskManagerRemoteService: calcCPUUsage() packageName:org.test.myapp usage:0.0
03-22 14:55:58.614  1465  1465 V TaskManager:TaskManagerRemoteService: calcCPUUsage() packageName:com.sec.android.app.myfiles usage:0.0
03-22 14:55:58.614  1465  1465 V TaskManager:TaskManagerRemoteService: calcCPUUsage() packageName:com.android.chrome usage:0.66445184
03-22 14:55:58.614  1465  1465 V TaskManager:TaskManagerRemoteService: calcCPUUsage() packageName:com.sec.android.app.music usage:0.16611296
03-22 14:55:58.614  1465  1465 V TaskManager:TaskManagerRemoteService: PrevCount : 4 , RunningCount : 4
03-22 14:55:58.614  1465  1465 V TaskManager:TaskManagerRemoteService: Sending new running_count : 4
03-22 14:55:58.614   798   954 D PowerManagerService: [PSM] lowPowerModeEnabled: false (mLowPowerModeSetting: false, mIsPowered: false, mAutoLowPowerModeConfigured: false, mBatteryLevel: 93, mLowBatteryTriggerLevel: 0)
03-22 14:55:58.624  1361  1361 D KeyguardUpdateMonitor: received broadcast android.intent.action.BATTERY_CHANGED
03-22 14:55:58.624  1361  1361 I PERF    : received broadcast android.intent.action.BATTERY_CHANGED
03-22 14:55:58.624  1361  1361 D KeyguardUpdateMonitor: handleBatteryUpdate
03-22 14:55:58.634  1817  1817 D BatteryMonitor: new battery level: 93
03-22 14:55:58.634  1726  1726 D PhoneApp: PhoneAppBroadcastReceiver onReceive android.intent.action.BATTERY_CHANGED
03-22 14:55:58.634  2032  2032 V HeadsetService: HeadsetService - Received Intent.ACTION_BATTERY_CHANGED
03-22 14:55:58.634  2032  2470 D HeadsetStateMachine: Disconnected process message: 10, size: 0
03-22 14:55:58.634 22338 22338 D SMUSIC-SV: mSystemReceiver - batteryLevel: 93 batteryStatus: 3
03-22 14:55:58.634  1361  1361 D BatteryMeterView: ACTION_BATTERY_CHANGED : level:93 status:3 health:2
03-22 14:55:58.634  1361  1361 D BatteryMeterView: ACTION_BATTERY_CHANGED : level:93 status:3 health:2
03-22 14:55:58.634  1361  1361 D BatteryMeterView: ACTION_BATTERY_CHANGED : level:93 status:3 health:2
03-22 14:55:58.654   798   959 I libsuspend: !@suspend_thread_func: read wakeup_count
03-22 14:55:58.654  1726  1726 D TelephonyExtension: Not stopping low battery tone
03-22 14:55:58.654   798   899 V BroadcastQueue: [background] Process cur broadcast BroadcastRecord{ee476f2 u0 com.sec.android.app.controlpanel.service.RUNNING_COUNT qIdx=4}, state= (APP_RECEIVE) DELIVERED for app ProcessRecord{c9502b8 13266:com.sec.android.widgetapp.activeapplicationwidget/u0a119}
03-22 14:55:58.654   798   813 V AlarmManager:  remove PendingIntent] PendingIntent{4b09143: PendingIntentRecord{358a33e com.android.phone broadcastIntent}}
03-22 14:55:58.664 13266 13266 V TaskCloserActivity: TaskCloserActivity onReceive() - com.sec.android.app.controlpanel.service.RUNNING_COUNT
03-22 14:55:58.714   798   798 I MotionRecognitionService: On Battery, 0
03-22 14:55:58.714   798   798 D MotionRecognitionService:   cableConnection= 0
03-22 14:55:59.364  2032  2444 D bt_upio : ..proc_btwrite_timeout..
03-22 14:55:59.364  2032  2444 D bt_upio : upio_set : pio 0 action 1, polarity 1
03-22 14:56:00.064  2032  2275 D bt_vendor: op for 7
03-22 14:56:00.064  2032  2275 D bt_upio : upio_set : pio 0 action 1, polarity 1
03-22 14:56:00.064  2032  2275 D bt_upio : BT_WAKE is de-asserted already
03-22 14:56:00.064   798  2118 V AlarmManager:  remove PendingIntent] PendingIntent{84273c0: PendingIntentRecord{5d7eaa4 com.android.bluetooth broadcastIntent}}
03-22 14:56:01.074   798   959 I libsuspend: !@suspend_thread_func: wait
03-22 14:56:01.074   798   959 I libsuspend: !@suspend_thread_func: write 9848
03-22 14:56:01.074   798   959 I libsuspend: 
03-22 14:56:01.074   798   959 I libsuspend:  to wakeup_count
03-22 14:56:01.074   798   959 I libsuspend: !@suspend_thread_func: write mem to /sys/power/state
03-22 14:56:02.030   315   576 I qdhwcomposer: handle_blank_event: dpy:0 panel power state: 0
03-22 14:56:02.060   798   959 I libsuspend: !@suspend_thread_func: release sem
03-22 14:56:02.060  1361  1361 D StatusBar.NetworkController: onSignalStrengthsChanged signalStrength=SignalStrength: 99 99 -94 -90 -120 -1 -1 99 2147483647 2147483647 2147483647 -1 2147483647 0x30 cdma level=3
03-22 14:56:02.060  1361  1361 D StatusBar.NetworkController: updateTelephonySignalStrength: hasService=true ss=SignalStrength: 99 99 -94 -90 -120 -1 -1 99 2147483647 2147483647 2147483647 -1 2147483647 0x30 cdma
03-22 14:56:02.060  1361  1361 D StatusBar.NetworkController: updateTelephonySignalStrength: iconLevel=3
03-22 14:56:02.060  1361  1361 D StatusBar.NetworkController: updateTelephonySignalStrength, No signal level. mPhoneSignalIconId = com.android.systemui:drawable/tw_stat_sys_5_level_signal_3_auto_rotate mDataSignalIconId = com.android.systemui:drawable/tw_stat_sys_5_level_signal_3_auto_rotate mQSPhoneSignalIconId = com.android.systemui:drawable/ic_qs_signal_3 mContentDescriptionPhoneSignal = Three bars of phone signal
03-22 14:56:02.060  2032  2032 D HeadsetPhoneState: Signal level : previous=2 curr=3
03-22 14:56:02.060  2032  2032 D HeadsetPhoneState: sendDeviceStateChanged. mService=1 mSignal=3 mRoam=0 mBatteryCharge=5
03-22 14:56:02.060  2032  2470 D HeadsetStateMachine: Disconnected process message: 11, size: 0
03-22 14:56:02.060  2032  2470 E HeadsetStateMachine: Unknown message: 11
03-22 14:56:02.070   798  1316 D EPDG -- [SMARTWIFI]: onSignalStrengthsChanged: Received signal strength change, phone type is: 2
03-22 14:56:02.070   798  3085 D EPDG -- [SMARTWIFI]: lastLteRSRP is 2147483647currentLteRSRP is 2147483647
03-22 14:56:02.070   798  3085 D EPDG -- [SMARTWIFI]: lastCdmaDb is -8currentCdmaDb is -9
03-22 14:56:02.070   798  3085 V EPDG -- [SMARTWIFI]: Radio oldest entry removed
03-22 14:56:02.070   798  3085 V EPDG -- [SMARTWIFI]: New entry : (SignalStrength: 99 99 -94 -90 -120 -1 -1 99 2147483647 2147483647 2147483647 -1 2147483647 0x30 cdma : 0 )
03-22 14:56:02.070   798  3085 V EPDG -- [SMARTWIFI]: Radio entry added
03-22 14:56:02.160   798   959 I libsuspend: !@suspend_thread_func: read wakeup_count
03-22 14:56:02.160   798   959 I libsuspend: !@suspend_thread_func: wait
03-22 14:56:02.160   798   959 I libsuspend: !@suspend_thread_func: write 9859
03-22 14:56:02.160   798   959 I libsuspend: 
03-22 14:56:02.160   798   959 I libsuspend:  to wakeup_count
03-22 14:56:02.160   798   959 I libsuspend: !@suspend_thread_func: write mem to /sys/power/state
03-22 14:56:02.160  1361  1361 D StatusBar.NetworkController: Invisible Data Activity Icon
03-22 14:56:12.298   315   576 I qdhwcomposer: handle_blank_event: dpy:0 panel power state: 0
03-22 14:56:12.308  1361  1361 D StatusBar.NetworkController: refreshViews connected={ wifi data } level=3 combinedSignalIconId=0x7f02064a/com.android.systemui:drawable/stat_sys_wifi_signal_3 mobileLabel=Verizon Wireless wifiLabel="AiHiWiFi" emergencyOnly=false combinedLabel="AiHiWiFi" mAirplaneMode=false mDataActivity=0 mPhoneSignalIconId=0x7f02077b/com.android.systemui:drawable/tw_stat_sys_5_level_signal_3_auto_rotate mQSPhoneSignalIconId=0x7f02015c/com.android.systemui:drawable/ic_qs_signal_3 mDataDirectionIconId=0x0/(null) mDataSignalIconId=0x7f02077b/com.android.systemui:drawable/tw_stat_sys_5_level_signal_3_auto_rotate mDataTypeIconId=0x7f02040c/com.android.systemui:drawable/stat_sys_data_connected_disabled_1x mQSDataTypeIconId=0x0/(null) mNoSimIconId=0x0/(null) mWifiIconId=0x7f02064a/com.android.systemui:drawable/stat_sys_wifi_signal_3 mQSWifiIconId=0x7f020329/com.android.systemui:drawable/qs_tile_wifi_signal_3 mWifiActivityIconId=0x7f0205fe/com.android.systemui:drawable/stat_sys_signal_no_inout mBluetoothTetherIconId=0x7f020624/com.android.systemui:drawable/stat_sys_tether_bluetooth
03-22 14:56:12.308  1361  1361 D StatusBar.NetworkController: refreshNwBoosterIndicator - setNWBoosterIndicators(false)
03-22 14:56:12.308  1361  1361 D StatusBar.NetworkController: applyVZW
03-22 14:56:12.318   798   959 I libsuspend: !@suspend_thread_func: release sem
03-22 14:56:12.338  2032  2032 D HeadsetPhoneState: Signal level : previous=3 curr=3
03-22 14:56:12.338  1361  1361 D StatusBar.NetworkController: applyVZW : mDataTypeDisabledIconIdcom.android.systemui:drawable/stat_sys_data_connected_disabled_1x
