03-22 14:39:03.857  2032  2266 E BtGatt.GattService: getScanProcessName: null string made
03-22 14:39:03.857  2032  2266 E BtGatt.GattService: updateScanTime: null process name, So don't update Scan time
03-22 14:39:03.857  2032  2266 D BtGatt.GattService: [GSIM LOG]: setActualScanType : com.google.android.gms.persistent : 100
03-22 14:39:03.857  2032  2266 D BtGatt.GattService: [GSIM LOG]: updateScanTime: 0
03-22 14:39:03.857  2032  2266 E BtGatt.GattService: getScanProcessName: no such scan mode at requested: null
03-22 14:39:03.857  2032  2266 E BtGatt.GattService: getScanProcessName: null string made
03-22 14:39:03.857  2032  2266 E BtGatt.GattService: updateScanTime: null process name, So don't update Scan time
03-22 14:39:03.867  2032  2266 D BtGatt.GattService: [GSIM LOG]: setScanTime : com.google.android.gms.persistent : 26415039
03-22 14:39:03.867  2032  2266 D BtGatt.GattService: [GSIM LOG]: updateScanTime: 0
03-22 14:39:03.867  2032  2266 D BtGatt.GattService: [GSIM LOG]: com.samsung.android.beaconmanager@Custom, R time : 753 => 753
03-22 14:39:03.867  2032  2266 D BtGatt.GattService: [GSIM LOG]: com.samsung.android.beaconmanager@Custom, A time : 710 => 710
03-22 14:39:03.867  2032  2266 D BtGatt.GattService: [GSIM LOG]: setActualScanType : com.samsung.android.beaconmanager : 100
03-22 14:39:03.867  2032  2266 D BtGatt.GattService: [GSIM LOG]: updateScanTime: 0
03-22 14:39:03.867  2032  2266 D BtGatt.GattService: [GSIM LOG]: com.samsung.android.beaconmanager@Custom, R time : 753 => 753
03-22 14:39:03.867  2032  2266 D BtGatt.GattService: [GSIM LOG]: com.samsung.android.beaconmanager@Custom, A time : 710 => 710
03-22 14:39:03.867  2032  2266 D BtGatt.GattService: [GSIM LOG]: setScanTime : com.samsung.android.beaconmanager : 26415039
03-22 14:39:03.877 30291 30291 E TranscodeReceiver: onReceive : android.intent.action.SCREEN_OFF
03-22 14:39:04.407  2032  2444 D bt_upio : ..proc_btwrite_timeout..
03-22 14:39:04.407  2032  2444 D bt_upio : upio_set : pio 0 action 1, polarity 1
03-22 14:39:05.607   798  1307 D WifiStateMachine:  ConnectedState CMD_RSSI_POLL  rt=13944304/66479313 46 0 "AiHiWiFi" 98:1e:19:20:71:cf rssi=-64 f=5180 sc=56 link=40 tx=0.0, 0.0, 0.0  rx=0.0 bcn=0 [on:0 tx:0 rx:0 period:3009] from screen [on:0 period:59413392] gl hn rssi=-59 ag=0 ls-=0 [56,56,56,56,56] brc=0 lrc=0 offload-stopped
03-22 14:39:05.617   798  1307 D WifiStateMachine:  L2ConnectedState CMD_RSSI_POLL  rt=13944309/66479317 46 0 "AiHiWiFi" 98:1e:19:20:71:cf rssi=-64 f=5180 sc=56 link=40 tx=0.0, 0.0, 0.0  rx=0.0 bcn=0 [on:0 tx:0 rx:0 period:9] from screen [on:0 period:59413401] gl hn rssi=-59 ag=0 ls-=0 [56,56,56,56,56] brc=0 lrc=0 offload-stopped
03-22 14:39:06.117   798   959 I libsuspend: !@suspend_thread_func: wait
03-22 14:39:06.117   798   959 I libsuspend: !@suspend_thread_func: write 9227
03-22 14:39:06.117   798   959 I libsuspend: 
03-22 14:39:06.117   798   959 I libsuspend:  to wakeup_count
03-22 14:39:06.117   798   959 I libsuspend: !@suspend_thread_func: write mem to /sys/power/state
03-22 14:39:27.934   315   576 I qdhwcomposer: handle_blank_event: dpy:0 panel power state: 0
03-22 14:39:27.984   798   959 I libsuspend: !@suspend_thread_func: release sem
03-22 14:39:28.084   798   959 I libsuspend: !@suspend_thread_func: read wakeup_count
03-22 14:39:28.084   798   959 I libsuspend: !@suspend_thread_func: wait
03-22 14:39:28.084   798   959 I libsuspend: !@suspend_thread_func: write 9238
03-22 14:39:28.084   798   959 I libsuspend: 
03-22 14:39:28.084   798   959 I libsuspend:  to wakeup_count
03-22 14:39:28.084   798   959 I libsuspend: !@suspend_thread_func: write mem to /sys/power/state
03-22 14:39:38.761   315   576 I qdhwcomposer: handle_blank_event: dpy:0 panel power state: 0
03-22 14:39:38.781   798   959 I libsuspend: !@suspend_thread_func: release sem
03-22 14:39:38.791  1465  1465 V TaskManager:TaskManagerRemoteService: case SEND_BROADCAST_ACTIVE_APPS
03-22 14:39:38.811  1465  1465 I TaskManager:PackageInfo: getRunningAppPackageList()
03-22 14:39:38.881   798   959 I libsuspend: !@suspend_thread_func: read wakeup_count
03-22 14:39:38.901  1465  1465 I TaskManager:PackageInfo: RunningApp[Hidden Pkg] - pkg:com.android.contacts
03-22 14:39:38.901  1465  1465 I TaskManager:PackageInfo: RunningApp[Hidden Pkg] - pkg:com.android.settings
03-22 14:39:38.901  1465  1465 I TaskManager:PackageInfo: RunningApp[Hidden Pkg] - pkg:com.android.systemui
03-22 14:39:38.901  1465  1465 I TaskManager:PackageInfo: RunningApp[Service] - pkg:com.android.bluetooth
03-22 14:39:38.901  1465  1465 I TaskManager:PackageInfo: RunningApp[Service] - pkg:com.sec.android.app.bluetoothtest
03-22 14:39:38.901  1465  1465 I TaskManager:PackageInfo: RunningApp[Service] - pkg:com.qualcomm.atfwd
03-22 14:39:38.901  1465  1465 I TaskManager:PackageInfo: RunningApp[Service] - pkg:com.verizon.messaging.vzmsgs
03-22 14:39:38.901  1465  1465 I TaskManager:PackageInfo: RunningApp[Service] - pkg:com.sec.android.daemonapp
03-22 14:39:38.901  1465  1465 I TaskManager:PackageInfo: RunningApp[Service] - pkg:com.vcast.mediamanager
03-22 14:39:38.901  1465  1465 I TaskManager:PackageInfo: RunningApp[Service] - pkg:com.qualcomm.embms
03-22 14:39:38.901  1465  1465 I TaskManager:PackageInfo: RunningApp[Service] - pkg:com.sec.android.app.taskmanager
03-22 14:39:38.901  1465  1465 I TaskManager:PackageInfo: RunningApp[Service] - pkg:com.sec.android.app.videoplayer
03-22 14:39:38.901  1465  1465 I TaskManager:PackageInfo: RunningApp[Service] - pkg:com.google.android.gms
03-22 14:39:38.901  1465  1465 I TaskManager:PackageInfo: RunningApp[Service] - pkg:com.dsi.ant.server
03-22 14:39:38.901  1465  1465 I TaskManager:PackageInfo: RunningApp[Service] - pkg:com.sec.imsservice
03-22 14:39:38.901  1465  1465 I TaskManager:PackageInfo: RunningApp[Service] - pkg:com.sec.android.app.samsungapps
03-22 14:39:38.901  1465  1465 I TaskManager:PackageInfo: RunningApp[Service] - pkg:com.samsung.sec.android.application.csc
03-22 14:39:38.901  1465  1465 I TaskManager:PackageInfo: RunningApp[Service] - pkg:com.sec.sve
03-22 14:39:38.901  1465  1465 I TaskManager:PackageInfo: RunningApp[Service] - pkg:tv.peel.smartremote
03-22 14:39:38.901  1465  1465 I TaskManager:PackageInfo: RunningApp[Service] - pkg:com.sec.android.pagebuddynotisvc
03-22 14:39:38.901  1465  1465 I TaskManager:PackageInfo: RunningApp[Service] - pkg:com.telecomsys.directedsms.android.SCG
03-22 14:39:38.901  1465  1465 I TaskManager:PackageInfo: RunningApp[Service] - pkg:com.android.server.telecom
03-22 14:39:38.901  1465  1465 I TaskManager:PackageInfo: RunningApp[Service] - pkg:com.android.stk
03-22 14:39:38.901  1465  1465 I TaskManager:PackageInfo: RunningApp[Service] - pkg:com.vzw.apnservice
03-22 14:39:38.901  1465  1465 I TaskManager:PackageInfo: RunningApp[Service] - pkg:android
03-22 14:39:38.901  1465  1465 I TaskManager:PackageInfo: RunningApp[Service] - pkg:com.google.android.apps.maps
03-22 14:39:38.901  1465  1465 I TaskManager:PackageInfo: RunningApp[Service] - pkg:com.ipsec.service
03-22 14:39:38.901  1465  1465 I TaskManager:PackageInfo: RunningApp[Service] - pkg:com.samsung.android.providers.context
03-22 14:39:38.901  1465  1465 I TaskManager:PackageInfo: RunningApp[Service] - pkg:com.asurion.android.verizon.vms
03-22 14:39:38.901  1465  1465 I TaskManager:PackageInfo: RunningApp[Service] - pkg:com.samsung.android.beaconmanager
03-22 14:39:38.901  1465  1465 I TaskManager:PackageInfo: RunningApp[Service] - pkg:com.samsung.accessory
03-22 14:39:38.901  1465  1465 I TaskManager:PackageInfo: RunningApp[Service] - pkg:com.android.phone
03-22 14:39:38.901  1465  1465 V TaskManager:TaskManagerRemoteService: calcCPUUsage() packageName:org.test.myapp usage:0.9230769
03-22 14:39:38.901  1465  1465 V TaskManager:TaskManagerRemoteService: calcCPUUsage() packageName:com.sec.android.app.myfiles usage:0.102564104
03-22 14:39:38.901  1465  1465 V TaskManager:TaskManagerRemoteService: calcCPUUsage() packageName:com.android.chrome usage:0.30769232
03-22 14:39:38.901  1465  1465 V TaskManager:TaskManagerRemoteService: calcCPUUsage() packageName:com.sec.android.app.music usage:0.41025642
03-22 14:39:38.901  1465  1465 V TaskManager:TaskManagerRemoteService: calcCPUUsage() cpu_warning:false
03-22 14:39:38.901  1465  1465 V TaskManager:TaskManagerRemoteService: calcCPUUsage() cpu_warning_level:
03-22 14:39:38.901  1465  1465 V TaskManager:TaskManagerRemoteService: calcCPUUsage() mCpuWarningInfo.mMessage:
03-22 14:39:38.901  1465  1465 V TaskManager:TaskManagerRemoteService: calcCPUUsage() top_cpu_usage:0.9230769
03-22 14:39:38.901  1465  1465 V TaskManager:TaskManagerRemoteService: calcCPUUsage() total_cpu_usage:1.7435898
03-22 14:39:38.901  1465  1465 V TaskManager:TaskManagerRemoteService: Sending cpu warning message broadcast: Intent { act=com.sec.android.app.controlpanel.service.CPU_USAGE_WARN (has extras) }
03-22 14:39:38.901  1465  1465 V TaskManager:TaskManagerRemoteService: PrevCount : 4 , RunningCount : 4
03-22 14:39:38.901  1465  1465 V TaskManager:TaskManagerRemoteService: Sending new running_count : 4
03-22 14:39:38.921   798   908 D EPDG -- [NETMGMT]: Interface Data activity changed : label: 1 : active: true
03-22 14:39:38.931   798  1307 D WifiStateMachine:  ConnectedState CMD_GET_LINK_LAYER_STATS  rt=13945460/66512632 0 0
03-22 14:39:38.931   798  1307 D WifiStateMachine:  L2ConnectedState CMD_GET_LINK_LAYER_STATS  rt=13945460/66512633 0 0
03-22 14:39:38.931   798  1307 D WifiStateMachine:  ConnectModeState CMD_GET_LINK_LAYER_STATS  rt=13945461/66512633 0 0
03-22 14:39:38.931   798  1307 D WifiStateMachine:  DriverStartedState CMD_GET_LINK_LAYER_STATS  rt=13945461/66512633 0 0
03-22 14:39:38.931   798  1307 D WifiStateMachine:  SupplicantStartedState CMD_GET_LINK_LAYER_STATS  rt=13945461/66512633 0 0
03-22 14:39:38.951 13266 13266 V TaskCloserActivity: TaskCloserActivity onReceive() - com.sec.android.app.controlpanel.service.CPU_USAGE_WARN
03-22 14:39:38.971   798   798 I BackgroundCompactionService: onStart. jobID=801
03-22 14:39:38.971 17249 17249 I Finsky  : [1] JobSchedulerEngine$PhoneskyJobSchedulerJobService.onStartJob(3): SCH: onJobSchedulerWakeup with jobId 9004
03-22 14:39:38.971   798   798 I BackgroundCompactionService: onStart done. jobID=801
03-22 14:39:38.971   798  3491 I BackgroundCompactionService: Execute BGCompaction (type1). (27 times)
03-22 14:39:38.971 13266 13266 V TaskCloserActivity: TaskCloserActivity onReceive() - com.sec.android.app.controlpanel.service.RUNNING_COUNT
03-22 14:39:38.971   798  3491 I BackgroundCompactionService: compact_memory command done
03-22 14:39:39.001 17249 17249 I Finsky  : [1] ubd.a(9): Scheduling fallback in 43199971 (absolute: 109712673)
03-22 14:39:39.001   798   798 I BackgroundCompactionService: onStart. jobID=801
03-22 14:39:39.001   798   798 I BackgroundCompactionService: onStart done. jobID=801
03-22 14:39:39.001   798  3495 I BackgroundCompactionService: Execute BGCompaction (type1). (28 times)
03-22 14:39:39.001   798  3495 I BackgroundCompactionService: compact_memory command done
03-22 14:39:39.001 17249 17249 I Finsky  : [1] ubd.a(9): Scheduling fallback in 64799992 (absolute: 131312702)
03-22 14:39:39.011 17249 17249 I Finsky  : [1] JobSchedulerEngine$PhoneskyJobSchedulerJobService.onStartJob(3): SCH: onJobSchedulerWakeup with jobId 9001
03-22 14:39:39.021 17249 17249 I Finsky  : [1] ubd.a(9): Scheduling fallback in 43199996 (absolute: 109712720)
03-22 14:39:39.021 17249 17249 I Finsky  : [1] ubd.a(9): Scheduling fallback in 64799995 (absolute: 131312724)
03-22 14:39:39.031 17249 17249 W Finsky  : [1] JobSchedulerEngine$PhoneskyJobSchedulerJobService.onStartJob(9): SCH: onJobSchedulerWakeup while already running
03-22 14:39:39.031 17249  1897 I System.out: (HTTPLog)-Static: isSBSettingEnabled false
03-22 14:39:39.031 17249  1897 I System.out: (HTTPLog)-Static: isSBSettingEnabled false
03-22 14:39:39.351 17249 17249 I Finsky  : [1] ubm.handleMessage(6): SCH: DeviceState: DeviceState{currentTime=1584902379325, isCharging=false, isIdle=true, netAny=true, netNotRoaming=true, netUnmetered=true, batteryPercent=96.0}
03-22 14:39:39.361 17249  3359 I Finsky  : [2566] uea.a(7): SCH: Jobs in database: 1-1337 12-1 26-1414141414 31-305419896 
03-22 14:39:39.371 17249 17249 I Finsky  : [1] ubn.a(18): SCH: Running job: 12-1
03-22 14:39:39.371 17249 17249 I Finsky  : [1] ContentSyncJob.a(14): ContentSyncJob started
03-22 14:39:39.371 17249 17249 I Finsky  : [1] ubm.handleMessage(57): SCH: RunningQueue size: 1, PendingQueue size: 0
03-22 14:39:39.371 17249 17249 I Finsky  : [1] ubm.handleMessage(60): SCH: Running queue: 12-1 
03-22 14:39:39.651  1333  1333 D wpa_supplicant: wlan0: BSS: Remove id 312 BSSID 98:1e:19:20:71:ce SSID 'AiHiWiFi' due to wpa_bss_flush_by_age
03-22 14:39:39.651  1333  1333 D wpa_supplicant: CTRL-EVENT-BSS-REMOVED 312 98:1e:19:20:71:ce
03-22 14:39:39.651  1333  1333 D wpa_supplicant: wlan0: BSS: Remove id 314 BSSID 80:29:94:13:86:97 SSID 'rockfloor' due to wpa_bss_flush_by_age
03-22 14:39:39.651  1333  1333 D wpa_supplicant: CTRL-EVENT-BSS-REMOVED 314 80:29:94:13:86:97
03-22 14:39:39.651  1333  1333 D wpa_supplicant: wlan0: BSS: Remove id 313 BSSID 98:1e:19:4e:81:4e SSID 'MySpectrumWiFi48-2G' due to wpa_bss_flush_by_age
03-22 14:39:39.651  1333  1333 D wpa_supplicant: CTRL-EVENT-BSS-REMOVED 313 98:1e:19:4e:81:4e
03-22 14:39:39.651  1333  1333 D wpa_supplicant: wlan0: BSS: Remove id 317 BSSID a0:64:8f:67:03:bd SSID 'Password is futile' due to wpa_bss_flush_by_age
03-22 14:39:39.651  1333  1333 D wpa_supplicant: CTRL-EVENT-BSS-REMOVED 317 a0:64:8f:67:03:bd
03-22 14:39:39.651  1333  1333 D wpa_supplicant: wlan0: BSS: Remove id 315 BSSID 28:56:5a:ad:06:00 SSID 'SoyDeRancho2G' due to wpa_bss_flush_by_age
03-22 14:39:39.651  1333  1333 D wpa_supplicant: CTRL-EVENT-BSS-REMOVED 315 28:56:5a:ad:06:00
03-22 14:39:39.651  1333  1333 D wpa_supplicant: wlan0: BSS: Remove id 316 BSSID a8:9a:93:ae:e5:96 SSID 'MySpectrumWiFi90-2G' due to wpa_bss_flush_by_age
03-22 14:39:39.651  1333  1333 D wpa_supplicant: CTRL-EVENT-BSS-REMOVED 316 a8:9a:93:ae:e5:96
03-22 14:39:39.651  1333  1333 D wpa_supplicant: wlan0: BSS: Remove id 318 BSSID 54:13:79:f7:80:1d SSID 'alcha-2g' due to wpa_bss_flush_by_age
03-22 14:39:39.651  1333  1333 D wpa_supplicant: CTRL-EVENT-BSS-REMOVED 318 54:13:79:f7:80:1d
03-22 14:39:39.651  1333  1333 D wpa_supplicant: wlan0: BSS: Remove id 323 BSSID 24:05:88:22:27:02 SSID 'innadonrob' due to wpa_bss_flush_by_age
03-22 14:39:39.651  1333  1333 D wpa_supplicant: CTRL-EVENT-BSS-REMOVED 323 24:05:88:22:27:02
03-22 14:39:39.651  1333  1333 D wpa_supplicant: wlan0: BSS: Remove id 324 BSSID 34:db:9c:5d:82:ee SSID 'MySpectrumWiFie8-2G' due to wpa_bss_flush_by_age
03-22 14:39:39.651  1333  1333 D wpa_supplicant: CTRL-EVENT-BSS-REMOVED 324 34:db:9c:5d:82:ee
03-22 14:39:39.651  1333  1333 D wpa_supplicant: wlan0: BSS: Remove id 325 BSSID a0:64:8f:6f:8c:2b SSID 'MySpectrumWiFi2d-2G' due to wpa_bss_flush_by_age
03-22 14:39:39.651  1333  1333 D wpa_supplicant: CTRL-EVENT-BSS-REMOVED 325 a0:64:8f:6f:8c:2b
03-22 14:39:39.651  1333  1333 D wpa_supplicant: wlan0: BSS: Remove id 322 BSSID b0:39:56:1b:f7:93 SSID 'NETGEAR50' due to wpa_bss_flush_by_age
03-22 14:39:39.651  1333  1333 D wpa_supplicant: CTRL-EVENT-BSS-REMOVED 322 b0:39:56:1b:f7:93
03-22 14:39:39.651  1333  1333 D wpa_supplicant: wlan0: BSS: Remove id 319 BSSID 30:8d:99:b1:dc:88 SSID 'DIRECT-87-HP ENVY 5540 series' due to wpa_bss_flush_by_age
03-22 14:39:39.651  1333  1333 D wpa_supplicant: CTRL-EVENT-BSS-REMOVED 319 30:8d:99:b1:dc:88
03-22 14:39:39.651  1333  1333 D wpa_supplicant: wlan0: BSS: Remove id 326 BSSID 88:de:a9:18:7d:e3 SSID '\x00\x00\x00\x00\x00\x00\x00\x00\x00\x00\x00\x00\x00\x00\x00\x00\x00\x00\x00\x00\x00\x00' due to wpa_bss_flush_by_age
03-22 14:39:39.651  1333  1333 D wpa_supplicant: CTRL-EVENT-BSS-REMOVED 326 88:de:a9:18:7d:e3
03-22 14:39:39.651  1333  1333 D wpa_supplicant: wlan0: BSS: Remove id 321 BSSID 00:24:b1:02:f7:91 SSID '0024b1000002f791' due to wpa_bss_flush_by_age
03-22 14:39:39.651  1333  1333 D wpa_supplicant: CTRL-EVENT-BSS-REMOVED 321 00:24:b1:02:f7:91
03-22 14:39:39.651  1333  1333 D wpa_supplicant: p2p0: BSS: Remove id 131 BSSID 98:1e:19:20:71:ce SSID 'AiHiWiFi' due to wpa_bss_flush_by_age
03-22 14:39:39.651  1333  1333 D wpa_supplicant: CTRL-EVENT-BSS-REMOVED 131 98:1e:19:20:71:ce
03-22 14:39:39.651  1333  1333 D wpa_supplicant: p2p0: BSS: Remove id 133 BSSID 80:29:94:13:86:97 SSID 'rockfloor' due to wpa_bss_flush_by_age
03-22 14:39:39.651  1333  1333 D wpa_supplicant: CTRL-EVENT-BSS-REMOVED 133 80:29:94:13:86:97
03-22 14:39:39.661  1333  1333 D wpa_supplicant: p2p0: BSS: Remove id 132 BSSID 98:1e:19:4e:81:4e SSID 'MySpectrumWiFi48-2G' due to wpa_bss_flush_by_age
03-22 14:39:39.661  1333  1333 D wpa_supplicant: CTRL-EVENT-BSS-REMOVED 132 98:1e:19:4e:81:4e
03-22 14:39:39.661  1333  1333 D wpa_supplicant: p2p0: BSS: Remove id 136 BSSID a0:64:8f:67:03:bd SSID 'Password is futile' due to wpa_bss_flush_by_age
03-22 14:39:39.661  1333  1333 D wpa_supplicant: CTRL-EVENT-BSS-REMOVED 136 a0:64:8f:67:03:bd
03-22 14:39:39.661  1333  1333 D wpa_supplicant: p2p0: BSS: Remove id 134 BSSID 28:56:5a:ad:06:00 SSID 'SoyDeRancho2G' due to wpa_bss_flush_by_age
03-22 14:39:39.661  1333  1333 D wpa_supplicant: CTRL-EVENT-BSS-REMOVED 134 28:56:5a:ad:06:00
03-22 14:39:39.661  1333  1333 D wpa_supplicant: p2p0: BSS: Remove id 135 BSSID a8:9a:93:ae:e5:96 SSID 'MySpectrumWiFi90-2G' due to wpa_bss_flush_by_age
03-22 14:39:39.661  1333  1333 D wpa_supplicant: CTRL-EVENT-BSS-REMOVED 135 a8:9a:93:ae:e5:96
03-22 14:39:39.661  1333  1333 D wpa_supplicant: p2p0: BSS: Remove id 137 BSSID 54:13:79:f7:80:1d SSID 'alcha-2g' due to wpa_bss_flush_by_age
03-22 14:39:39.661  1333  1333 D wpa_supplicant: CTRL-EVENT-BSS-REMOVED 137 54:13:79:f7:80:1d
03-22 14:39:39.661  1333  1333 D wpa_supplicant: p2p0: BSS: Remove id 143 BSSID 24:05:88:22:27:02 SSID 'innadonrob' due to wpa_bss_flush_by_age
03-22 14:39:39.661  1333  1333 D wpa_supplicant: CTRL-EVENT-BSS-REMOVED 143 24:05:88:22:27:02
03-22 14:39:39.661  1333  1333 D wpa_supplicant: p2p0: BSS: Remove id 144 BSSID 34:db:9c:5d:82:ee SSID 'MySpectrumWiFie8-2G' due to wpa_bss_flush_by_age
03-22 14:39:39.661  1333  1333 D wpa_supplicant: CTRL-EVENT-BSS-REMOVED 144 34:db:9c:5d:82:ee
03-22 14:39:39.661  1333  1333 D wpa_supplicant: p2p0: BSS: Remove id 145 BSSID a0:64:8f:6f:8c:2b SSID 'MySpectrumWiFi2d-2G' due to wpa_bss_flush_by_age
03-22 14:39:39.661  1333  1333 D wpa_supplicant: CTRL-EVENT-BSS-REMOVED 145 a0:64:8f:6f:8c:2b
03-22 14:39:39.661  1333  1333 D wpa_supplicant: p2p0: BSS: Remove id 141 BSSID b0:39:56:1b:f7:93 SSID 'NETGEAR50' due to wpa_bss_flush_by_age
03-22 14:39:39.661  1333  1333 D wpa_supplicant: CTRL-EVENT-BSS-REMOVED 141 b0:39:56:1b:f7:93
03-22 14:39:39.661  1333  1333 D wpa_supplicant: p2p0: BSS: Remove id 138 BSSID 30:8d:99:b1:dc:88 SSID 'DIRECT-87-HP ENVY 5540 series' due to wpa_bss_flush_by_age
03-22 14:39:39.661  1333  1333 D wpa_supplicant: CTRL-EVENT-BSS-REMOVED 138 30:8d:99:b1:dc:88
03-22 14:39:39.661  1333  1333 D wpa_supplicant: p2p0: BSS: Remove id 146 BSSID 88:de:a9:18:7d:e3 SSID '\x00\x00\x00\x00\x00\x00\x00\x00\x00\x00\x00\x00\x00\x00\x00\x00\x00\x00\x00\x00\x00\x00' due to wpa_bss_flush_by_age
03-22 14:39:39.661  1333  1333 D wpa_supplicant: CTRL-EVENT-BSS-REMOVED 146 88:de:a9:18:7d:e3
03-22 14:39:39.661  1333  1333 D wpa_supplicant: p2p0: BSS: Remove id 140 BSSID 00:24:b1:02:f7:91 SSID '0024b1000002f791' due to wpa_bss_flush_by_age
03-22 14:39:39.661  1333  1333 D wpa_supplicant: CTRL-EVENT-BSS-REMOVED 140 00:24:b1:02:f7:91
03-22 14:39:39.781 17901 18124 E Auth    : [GoogleAccountDataServiceImpl] getToken() -> BAD_AUTHENTICATION. Account: <ELLIDED:1429606514>, App: com.android.vending, Service: oauth2:https://www.googleapis.com/auth/googleplay
03-22 14:39:39.781 17901 18124 E Auth    : eep: Long live credential not available.
03-22 14:39:39.781 17901 18124 E Auth    : 	at eeq.b(:com.google.android.gms:3117)
03-22 14:39:39.781 17901 18124 E Auth    : 	at eeq.a(:com.google.android.gms:119)
03-22 14:39:39.781 17901 18124 E Auth    : 	at ecx.a(:com.google.android.gms:437)
03-22 14:39:39.781 17901 18124 E Auth    : 	at ecw.a(:com.google.android.gms:32404)
03-22 14:39:39.781 17901 18124 E Auth    : 	at ecw.a(:com.google.android.gms:297)
03-22 14:39:39.781 17901 18124 E Auth    : 	at fkk.a(:com.google.android.gms:1189)
03-22 14:39:39.781 17901 18124 E Auth    : 	at fkj.a(:com.google.android.gms:480)
03-22 14:39:39.781 17901 18124 E Auth    : 	at fkj.a(:com.google.android.gms:185)
03-22 14:39:39.781 17901 18124 E Auth    : 	at dze.a(:com.google.android.gms:370)
03-22 14:39:39.781 17901 18124 E Auth    : 	at dze.a(:com.google.android.gms:225)
03-22 14:39:39.781 17901 18124 E Auth    : 	at dzm.a(:com.google.android.gms:1438)
03-22 14:39:39.781 17901 18124 E Auth    : 	at dzl.a(:com.google.android.gms:752)
03-22 14:39:39.781 17901 18124 E Auth    : 	at dzl.e(:com.google.android.gms:463)
03-22 14:39:39.781 17901 18124 E Auth    : 	at dzk.a(:com.google.android.gms:36)
03-22 14:39:39.781 17901 18124 E Auth    : 	at ebf.getAuthToken(:com.google.android.gms:195)
03-22 14:39:39.781 17901 18124 E Auth    : 	at android.accounts.AbstractAccountAuthenticator$Transport.getAuthToken(AbstractAccountAuthenticator.java:214)
03-22 14:39:39.781 17901 18124 E Auth    : 	at android.accounts.IAccountAuthenticator$Stub.onTransact(IAccountAuthenticator.java:113)
03-22 14:39:39.781 17901 18124 E Auth    : 	at android.os.Binder.transact(Binder.java:387)
03-22 14:39:39.781 17901 18124 E Auth    : 	at bxp.onTransact(:com.google.android.gms:35)
03-22 14:39:39.781 17901 18124 E Auth    : 	at android.os.Binder.execTransact(Binder.java:453)
03-22 14:39:39.781 17901 18124 W Auth    : [GetToken] GetToken failed with status code: BadAuthentication
03-22 14:39:39.811 17901 18124 W Auth    : [GoogleAuthUtil] GoogleAuthUtil
03-22 14:39:39.811 17901 18124 W GLSActivity: dzx: BadAuthentication
03-22 14:39:39.811 17901 18124 W GLSActivity: 	at dzm.a(:com.google.android.gms:1455)
03-22 14:39:39.811 17901 18124 W GLSActivity: 	at dzl.a(:com.google.android.gms:752)
03-22 14:39:39.811 17901 18124 W GLSActivity: 	at dzl.e(:com.google.android.gms:463)
03-22 14:39:39.811 17901 18124 W GLSActivity: 	at dzk.a(:com.google.android.gms:36)
03-22 14:39:39.811 17901 18124 W GLSActivity: 	at ebf.getAuthToken(:com.google.android.gms:195)
03-22 14:39:39.811 17901 18124 W GLSActivity: 	at android.accounts.AbstractAccountAuthenticator$Transport.getAuthToken(AbstractAccountAuthenticator.java:214)
03-22 14:39:39.811 17901 18124 W GLSActivity: 	at android.accounts.IAccountAuthenticator$Stub.onTransact(IAccountAuthenticator.java:113)
03-22 14:39:39.811 17901 18124 W GLSActivity: 	at android.os.Binder.transact(Binder.java:387)
03-22 14:39:39.811 17901 18124 W GLSActivity: 	at bxp.onTransact(:com.google.android.gms:35)
03-22 14:39:39.811 17901 18124 W GLSActivity: 	at android.os.Binder.execTransact(Binder.java:453)
03-22 14:39:39.821 17249 17249 I Finsky  : [1] egv.a(29): Completed 1 account content syncs with 0 successful.
03-22 14:39:39.821 17249 17249 I Finsky  : [1] ContentSyncJob.a(1): Installation state replication failed.
03-22 14:39:39.821 17249 17249 I Finsky  : [1] ContentSyncJob.a(4): Scheduling replication attempt 3.
03-22 14:39:39.821 17249 17249 I Finsky  : [1] ucx.a(16): SCH: jobFinished: 12-1. TimeElapsed: 452ms.
03-22 14:39:39.821 17249 17249 I Finsky  : [1] ubn.a(40): SCH: Job 12-1 finished. Rescheduling.
03-22 14:39:39.821 17249 17249 I Finsky  : [1] ubm.handleMessage(57): SCH: RunningQueue size: 0, PendingQueue size: 0
03-22 14:39:39.821 17249 17249 I Finsky  : [1] ubm.handleMessage(23): Executor finished
03-22 14:39:39.831   798   959 I libsuspend: !@suspend_thread_func: wait
03-22 14:39:39.831   798   959 I libsuspend: !@suspend_thread_func: write 9257
03-22 14:39:39.831   798   959 I libsuspend: 
03-22 14:39:39.831   798   959 I libsuspend:  to wakeup_count
03-22 14:39:39.831   798   959 I libsuspend: !@suspend_thread_func: write mem to /sys/power/state
03-22 14:39:39.831 17249 17249 I Finsky  : [1] uea.a(7): SCH: Jobs in database: 1-1337 12-1 26-1414141414 31-305419896 
03-22 14:39:39.841 17249 17249 I Finsky  : [1] tzx.a(56): SCH: ConstraintMapping: 12-1, 1-1337, 31-305419896,  -> L: 6ms, D: 70182460ms, C: false, I: false, N: 1
03-22 14:39:39.841 17249 17249 I Finsky  : [1] tzx.a(56): SCH: ConstraintMapping: 26-1414141414,  -> L: 26829985ms, D: 27729985ms, C: false, I: false, N: 0
03-22 14:39:39.851 17249 17249 I Finsky  : [1] uck.a(35): Cancelling existing jobscheduler jobs: 9005 9002 
03-22 14:39:39.851 17249 17249 I Finsky  : [1] uck.a(12): Throttling wakeup for job 9000 (expected to run in 6 ms) due to recent wakeup
03-22 14:39:39.851 17249 17249 I Finsky  : [1] uck.a(28): Scheduling job Id: 9000, L: 30000, D: 70182460, C: false, I: false, N: 1
03-22 14:39:55.761   315   576 I qdhwcomposer: handle_blank_event: dpy:0 panel power state: 0
03-22 14:39:55.781   798   959 I libsuspend: !@suspend_thread_func: release sem
03-22 14:39:55.791 17249 17249 I Finsky  : [1] uck.a(28): Scheduling job Id: 9001, L: 26829985, D: 27729985, C: false, I: false, N: 0
03-22 14:39:55.801 17249 17249 I Finsky  : [1] uck.a(12): Throttling wakeup for job 9003 (expected to run in 6 ms) due to recent wakeup
03-22 14:39:55.801 17249 17249 I Finsky  : [1] uck.a(28): Scheduling job Id: 9003, L: 30000, D: 70182460, C: false, I: false, N: 1
03-22 14:39:55.801 17249 17249 I Finsky  : [1] uck.a(28): Scheduling job Id: 9006, L: 26829985, D: 27729985, C: false, I: false, N: 0
03-22 14:39:55.881   798   959 I libsuspend: !@suspend_thread_func: read wakeup_count
03-22 14:39:56.631   798   959 I libsuspend: !@suspend_thread_func: wait
03-22 14:39:56.631   798   959 I libsuspend: !@suspend_thread_func: write 9276
03-22 14:39:56.631   798   959 I libsuspend: 
03-22 14:39:56.631   798   959 I libsuspend:  to wakeup_count
03-22 14:39:56.631   798   959 I libsuspend: !@suspend_thread_func: write mem to /sys/power/state
03-22 14:39:57.291   315   576 I qdhwcomposer: handle_blank_event: dpy:0 panel power state: 0
03-22 14:39:57.321   798   959 I libsuspend: !@suspend_thread_func: release sem
03-22 14:39:57.421   798   959 I libsuspend: !@suspend_thread_func: read wakeup_count
03-22 14:39:57.781   798   959 I libsuspend: !@suspend_thread_func: wait
03-22 14:39:57.781   798   959 I libsuspend: !@suspend_thread_func: write 9286
03-22 14:39:57.781   798   959 I libsuspend: 
03-22 14:39:57.781   798   959 I libsuspend:  to wakeup_count
03-22 14:39:57.781   798   959 I libsuspend: !@suspend_thread_func: write mem to /sys/power/state
03-22 14:39:58.417   315   576 I qdhwcomposer: handle_blank_event: dpy:0 panel power state: 0
03-22 14:39:58.447   798   959 I libsuspend: !@suspend_thread_func: release sem
03-22 14:39:58.547   798   959 I libsuspend: !@suspend_thread_func: read wakeup_count
03-22 14:39:58.907   798   959 I libsuspend: !@suspend_thread_func: wait
03-22 14:39:58.907   798   959 I libsuspend: !@suspend_thread_func: write 9296
03-22 14:39:58.907   798   959 I libsuspend: 
03-22 14:39:58.907   798   959 I libsuspend:  to wakeup_count
03-22 14:39:58.907   798   959 I libsuspend: !@suspend_thread_func: write mem to /sys/power/state
03-22 14:40:00.457   315   576 I qdhwcomposer: handle_blank_event: dpy:0 panel power state: 0
03-22 14:40:00.487   798   959 I libsuspend: !@suspend_thread_func: release sem
03-22 14:40:00.497 17249  1897 I System.out: (HTTPLog)-Static: isSBSettingEnabled false
03-22 14:40:00.497 17249  1897 I System.out: (HTTPLog)-Static: isSBSettingEnabled false
03-22 14:40:00.587   798   959 I libsuspend: !@suspend_thread_func: read wakeup_count
03-22 14:40:01.347   798   959 I libsuspend: !@suspend_thread_func: wait
03-22 14:40:01.347   798   959 I libsuspend: !@suspend_thread_func: write 9312
03-22 14:40:01.347   798   959 I libsuspend: 
03-22 14:40:01.347   798   959 I libsuspend:  to wakeup_count
03-22 14:40:01.347   798   959 I libsuspend: !@suspend_thread_func: write mem to /sys/power/state
03-22 14:40:07.508   315   576 I qdhwcomposer: handle_blank_event: dpy:0 panel power state: 0
03-22 14:40:07.528   338   534 D QC-time-services: Lib:time_genoff_operation: pargs->base = 12
03-22 14:40:07.528   338   534 D QC-time-services: Lib:time_genoff_operation: pargs->operation = 0
03-22 14:40:07.528   338   534 D QC-time-services: Lib:time_genoff_operation: pargs->ts_val = 1584902407000
03-22 14:40:07.528   401   699 D QC-time-services: Daemon: Connection accepted:time_genoff
03-22 14:40:07.528   338   534 D QC-time-services: Lib:time_genoff_operation: Send to server  passed!!
03-22 14:40:07.528   401  3576 D QC-time-services: Daemon:Received base = 12, unit = 1, operation = 0,value = 1584902407000
03-22 14:40:07.528   401  3576 D QC-time-services: Daemon:genoff_opr: Base = 12, val = 1584902407000, operation = 0
03-22 14:40:07.528   401  3576 D QC-time-services: Daemon:rtc_get: Time read from RTC -- MM/DD/YY HH:MM:SS0/1/70 20:0:23
03-22 14:40:07.528   401  3576 D QC-time-services: Daemon:Value read from RTC seconds = 72023000
03-22 14:40:07.528   401  3576 D QC-time-services: Daemon:new time 1584902407000 
03-22 14:40:07.528   401  3576 D QC-time-services: Daemon: delta 1584830384000 genoff 1584830384000 
03-22 14:40:07.528   401  3576 D QC-time-services: Daemon:genoff_persistent_update: Writing genoff = 1584830384000 to memory
03-22 14:40:07.528   401  3576 D QC-time-services: Daemon:Opening File: /data/time/ats_12
03-22 14:40:07.528   401  3576 D QC-time-services: Daemon:time_persistent_memory_opr:Genoff write operation 
03-22 14:40:07.548   798   959 I libsuspend: !@suspend_thread_func: release sem
03-22 14:40:07.558  1361  1361 D StatusBar.NetworkController: onSignalStrengthsChanged signalStrength=SignalStrength: 99 99 -97 -70 -120 -1 -1 99 2147483647 2147483647 2147483647 -1 2147483647 0x20 cdma level=2
03-22 14:40:07.558  1361  1361 D StatusBar.NetworkController: updateTelephonySignalStrength: hasService=true ss=SignalStrength: 99 99 -97 -70 -120 -1 -1 99 2147483647 2147483647 2147483647 -1 2147483647 0x20 cdma
03-22 14:40:07.558  1361  1361 D StatusBar.NetworkController: updateTelephonySignalStrength: iconLevel=2
03-22 14:40:07.558  1361  1361 D StatusBar.NetworkController: updateTelephonySignalStrength, No signal level. mPhoneSignalIconId = com.android.systemui:drawable/tw_stat_sys_5_level_signal_2_auto_rotate mDataSignalIconId = com.android.systemui:drawable/tw_stat_sys_5_level_signal_2_auto_rotate mQSPhoneSignalIconId = com.android.systemui:drawable/ic_qs_signal_2 mContentDescriptionPhoneSignal = Two bars of phone signal
03-22 14:40:07.568  2032  2032 D HeadsetPhoneState: Signal level : previous=2 curr=2
03-22 14:40:07.568   798  1316 D EPDG -- [SMARTWIFI]: onSignalStrengthsChanged: Received signal strength change, phone type is: 2
03-22 14:40:07.568   798  3085 D EPDG -- [SMARTWIFI]: lastLteRSRP is 2147483647currentLteRSRP is 2147483647
03-22 14:40:07.568   798  3085 D EPDG -- [SMARTWIFI]: lastCdmaDb is -7currentCdmaDb is -7
03-22 14:40:07.568   798  3085 V EPDG -- [SMARTWIFI]: Radio oldest entry removed
03-22 14:40:07.568   798  3085 V EPDG -- [SMARTWIFI]: New entry : (SignalStrength: 99 99 -97 -70 -120 -1 -1 99 2147483647 2147483647 2147483647 -1 2147483647 0x20 cdma : 0 )
03-22 14:40:07.568   798  3085 V EPDG -- [SMARTWIFI]: Radio entry added
03-22 14:40:07.588  2032  2032 D HeadsetPhoneState: Signal level : previous=2 curr=2
03-22 14:40:07.588  1361  1361 D StatusBar.NetworkController: onSignalStrengthsChanged signalStrength=SignalStrength: 99 99 -97 -70 -120 -1 -1 99 2147483647 2147483647 2147483647 -1 2147483647 0x20 cdma level=2
03-22 14:40:07.588  1361  1361 D StatusBar.NetworkController: updateTelephonySignalStrength: hasService=true ss=SignalStrength: 99 99 -97 -70 -120 -1 -1 99 2147483647 2147483647 2147483647 -1 2147483647 0x20 cdma
03-22 14:40:07.588  1361  1361 D StatusBar.NetworkController: updateTelephonySignalStrength: iconLevel=2
03-22 14:40:07.588  1361  1361 D StatusBar.NetworkController: updateTelephonySignalStrength, No signal level. mPhoneSignalIconId = com.android.systemui:drawable/tw_stat_sys_5_level_signal_2_auto_rotate mDataSignalIconId = com.android.systemui:drawable/tw_stat_sys_5_level_signal_2_auto_rotate mQSPhoneSignalIconId = com.android.systemui:drawable/ic_qs_signal_2 mContentDescriptionPhoneSignal = Two bars of phone signal
03-22 14:40:07.628   798  1316 D EPDG -- [SMARTWIFI]: onSignalStrengthsChanged: Received signal strength change, phone type is: 2
03-22 14:40:07.628   798  3085 D EPDG -- [SMARTWIFI]: lastLteRSRP is 2147483647currentLteRSRP is 2147483647
03-22 14:40:07.628   798  3085 D EPDG -- [SMARTWIFI]: lastCdmaDb is -7currentCdmaDb is -7
03-22 14:40:07.628   798  3085 V EPDG -- [SMARTWIFI]: Radio oldest entry removed
03-22 14:40:07.628   798  3085 V EPDG -- [SMARTWIFI]: New entry : (SignalStrength: 99 99 -97 -70 -120 -1 -1 99 2147483647 2147483647 2147483647 -1 2147483647 0x20 cdma : 0 )
03-22 14:40:07.628   798  3085 V EPDG -- [SMARTWIFI]: Radio entry added
03-22 14:40:07.638  2032  2032 D HeadsetPhoneState: Signal level : previous=2 curr=2
03-22 14:40:07.638  1361  1361 D StatusBar.NetworkController: onSignalStrengthsChanged signalStrength=SignalStrength: 99 99 -97 -70 -120 -1 -1 99 2147483647 2147483647 2147483647 -1 2147483647 0x20 cdma level=2
03-22 14:40:07.638  1361  1361 D StatusBar.NetworkController: updateTelephonySignalStrength: hasService=true ss=SignalStrength: 99 99 -97 -70 -120 -1 -1 99 2147483647 2147483647 2147483647 -1 2147483647 0x20 cdma
03-22 14:40:07.638  1361  1361 D StatusBar.NetworkController: updateTelephonySignalStrength: iconLevel=2
03-22 14:40:07.638  1361  1361 D StatusBar.NetworkController: updateTelephonySignalStrength, No signal level. mPhoneSignalIconId = com.android.systemui:drawable/tw_stat_sys_5_level_signal_2_auto_rotate mDataSignalIconId = com.android.systemui:drawable/tw_stat_sys_5_level_signal_2_auto_rotate mQSPhoneSignalIconId = com.android.systemui:drawable/ic_qs_signal_2 mContentDescriptionPhoneSignal = Two bars of phone signal
03-22 14:40:07.648   798  1316 D EPDG -- [SMARTWIFI]: onSignalStrengthsChanged: Received signal strength change, phone type is: 2
03-22 14:40:07.648   798  3085 D EPDG -- [SMARTWIFI]: lastLteRSRP is 2147483647currentLteRSRP is 2147483647
03-22 14:40:07.648   798  3085 D EPDG -- [SMARTWIFI]: lastCdmaDb is -7currentCdmaDb is -7
03-22 14:40:07.648   798  3085 V EPDG -- [SMARTWIFI]: Radio oldest entry removed
03-22 14:40:07.648   798  3085 V EPDG -- [SMARTWIFI]: New entry : (SignalStrength: 99 99 -97 -70 -120 -1 -1 99 2147483647 2147483647 2147483647 -1 2147483647 0x20 cdma : 0 )
03-22 14:40:07.648   798  3085 V EPDG -- [SMARTWIFI]: Radio entry added
03-22 14:40:07.648   798   959 I libsuspend: !@suspend_thread_func: read wakeup_count
03-22 14:40:07.648   798   959 I libsuspend: !@suspend_thread_func: wait
03-22 14:40:07.648   798   959 I libsuspend: !@suspend_thread_func: write 9328
03-22 14:40:07.648   798   959 I libsuspend: 
03-22 14:40:07.648   798   959 I libsuspend:  to wakeup_count
03-22 14:40:07.648   798   959 I libsuspend: !@suspend_thread_func: write mem to /sys/power/state
03-22 14:40:07.658   338   534 E QC-time-services: Receive Passed == base = 12, unit = 1, operation = 0, result = 0
03-22 14:40:07.658   401   699 E QC-time-services: Daemon: Time-services: Waiting to acceptconnection
03-22 14:40:07.668   798   959 I libsuspend: !@suspend_thread_func: release sem
03-22 14:40:07.738  1361  1361 D StatusBar.NetworkController: Invisible Data Activity Icon
03-22 14:40:07.738  1361  1361 D StatusBar.NetworkController: refreshViews connected={ wifi data } level=2 combinedSignalIconId=0x7f02064a/com.android.systemui:drawable/stat_sys_wifi_signal_3 mobileLabel=Verizon Wireless wifiLabel="AiHiWiFi" emergencyOnly=false combinedLabel="AiHiWiFi" mAirplaneMode=false mDataActivity=0 mPhoneSignalIconId=0x7f020779/com.android.systemui:drawable/tw_stat_sys_5_level_signal_2_auto_rotate mQSPhoneSignalIconId=0x7f02015b/com.android.systemui:drawable/ic_qs_signal_2 mDataDirectionIconId=0x0/(null) mDataSignalIconId=0x7f020779/com.android.systemui:drawable/tw_stat_sys_5_level_signal_2_auto_rotate mDataTypeIconId=0x7f02040c/com.android.systemui:drawable/stat_sys_data_connected_disabled_1x mQSDataTypeIconId=0x0/(null) mNoSimIconId=0x0/(null) mWifiIconId=0x7f02064a/com.android.systemui:drawable/stat_sys_wifi_signal_3 mQSWifiIconId=0x7f020329/com.android.systemui:drawable/qs_tile_wifi_signal_3 mWifiActivityIconId=0x7f0205fe/com.android.systemui:drawable/stat_sys_signal_no_inout mBluetoothTetherIconId=0x7f020624/com.android.systemui:drawable/stat_sys_tether_bluetooth
03-22 14:40:07.738  1361  1361 D StatusBar.NetworkController: refreshNwBoosterIndicator - setNWBoosterIndicators(false)
03-22 14:40:07.748  1361  1361 D StatusBar.NetworkController: applyVZW
03-22 14:40:07.748  1361  1361 D StatusBar.NetworkController: applyVZW : mDataTypeDisabledIconIdcom.android.systemui:drawable/stat_sys_data_connected_disabled_1x
03-22 14:40:07.748  1361  1361 D StatusBar.NetworkController: refreshNwBoosterIndicator - setNWBoosterIndicators(false)
03-22 14:40:07.748  1361  1361 D StatusBar.NetworkController: applyVZW
03-22 14:40:07.748  1361  1361 D StatusBar.NetworkController: applyVZW : mDataTypeDisabledIconIdcom.android.systemui:drawable/stat_sys_data_connected_disabled_1x
03-22 14:40:07.748  1361  1361 D StatusBar.NetworkController: refreshNwBoosterIndicator - setNWBoosterIndicators(false)
03-22 14:40:07.748  1361  1361 D StatusBar.NetworkController: applyVZW
03-22 14:40:07.758  1361  1361 D StatusBar.NetworkController: applyVZW : mDataTypeDisabledIconIdcom.android.systemui:drawable/stat_sys_data_connected_disabled_1x
03-22 14:40:07.758  1361  1361 D StatusBar.NetworkController: refreshNwBoosterIndicator - setNWBoosterIndicators(false)
03-22 14:40:07.758  1361  1361 D StatusBar.NetworkController: applyVZW
03-22 14:40:07.758  1361  1361 D StatusBar.NetworkController: applyVZW : mDataTypeDisabledIconIdcom.android.systemui:drawable/stat_sys_data_connected_disabled_1x
03-22 14:40:07.768   798   959 I libsuspend: !@suspend_thread_func: read wakeup_count
03-22 14:40:07.868   798   959 I libsuspend: !@suspend_thread_func: wait
03-22 14:40:07.868   798   959 I libsuspend: !@suspend_thread_func: write 9331
03-22 14:40:07.868   798   959 I libsuspend: 
03-22 14:40:07.868   798   959 I libsuspend:  to wakeup_count
03-22 14:40:07.868   798   959 I libsuspend: !@suspend_thread_func: write mem to /sys/power/state
03-22 14:40:22.782  1361  1361 D KeyguardUpdateMonitor: received broadcast android.intent.action.TIME_TICK
03-22 14:40:22.782  1361  1361 I PERF    : received broadcast android.intent.action.TIME_TICK
03-22 14:40:22.782  1361  1361 D KeyguardUpdateMonitor: handleTimeUpdate
03-22 14:40:22.782   315   576 I qdhwcomposer: handle_blank_event: dpy:0 panel power state: 0
03-22 14:40:22.792   798   959 I libsuspend: !@suspend_thread_func: release sem
03-22 14:40:22.802  1361  1361 D SecKeyguardClockView: onTimeChanged() : mShouldShowDualClock - false, isDualClockSet() -false
03-22 14:40:22.822  1465  1465 V TaskManager:TaskManagerRemoteService: case SEND_BROADCAST_ACTIVE_APPS
03-22 14:40:22.822  1465  1465 I TaskManager:PackageInfo: getRunningAppPackageList()
03-22 14:40:22.842  1361  1361 D DateView: regionalDateFormat = h:mm a isRTLlanguage = false returnDateFormat = E, d MMMM
03-22 14:40:22.842  1361  1361 D DateView: regionalDateFormat = h:mm a isRTLlanguage = false returnDateFormat = E, d MMMM
03-22 14:40:22.842  1361  1361 D DateView: regionalDateFormat = h:mm a isRTLlanguage = false returnDateFormat = E, d MMMM
03-22 14:40:22.842  1361  1361 D DateView: regionalDateFormat = h:mm a isRTLlanguage = false returnDateFormat = E, d MMMM
03-22 14:40:22.842  1361  1361 D DateView: regionalDateFormat = h:mm a isRTLlanguage = false returnDateFormat = E, d MMMM
03-22 14:40:22.842  1361  1361 D DateView: regionalDateFormat = h:mm a isRTLlanguage = false returnDateFormat = E, d MMMM
03-22 14:40:22.842  1361  1361 D SecKeyguardStatusUtils: regionalDateFormat = h:mm a isRTLlanguage = false returnDateFormat = E, d MMMM
03-22 14:40:22.892   798   959 I libsuspend: !@suspend_thread_func: read wakeup_count
03-22 14:40:22.932  1465  1465 I TaskManager:PackageInfo: RunningApp[Hidden Pkg] - pkg:com.android.contacts
03-22 14:40:22.932  1465  1465 I TaskManager:PackageInfo: RunningApp[Hidden Pkg] - pkg:com.android.settings
03-22 14:40:22.932  1465  1465 I TaskManager:PackageInfo: RunningApp[Hidden Pkg] - pkg:com.android.systemui
03-22 14:40:22.932  1465  1465 I TaskManager:PackageInfo: RunningApp[Service] - pkg:com.android.bluetooth
03-22 14:40:22.932  1465  1465 I TaskManager:PackageInfo: RunningApp[Service] - pkg:com.sec.android.app.bluetoothtest
03-22 14:40:22.932  1465  1465 I TaskManager:PackageInfo: RunningApp[Service] - pkg:com.qualcomm.atfwd
03-22 14:40:22.932  1465  1465 I TaskManager:PackageInfo: RunningApp[Service] - pkg:com.verizon.messaging.vzmsgs
03-22 14:40:22.932  1465  1465 I TaskManager:PackageInfo: RunningApp[Service] - pkg:com.sec.android.daemonapp
03-22 14:40:22.932  1465  1465 I TaskManager:PackageInfo: RunningApp[Service] - pkg:com.vcast.mediamanager
03-22 14:40:22.932  1465  1465 I TaskManager:PackageInfo: RunningApp[Service] - pkg:com.qualcomm.embms
03-22 14:40:22.932  1465  1465 I TaskManager:PackageInfo: RunningApp[Service] - pkg:com.sec.android.app.taskmanager
03-22 14:40:22.932  1465  1465 I TaskManager:PackageInfo: RunningApp[Service] - pkg:com.sec.android.app.videoplayer
03-22 14:40:22.932  1465  1465 I TaskManager:PackageInfo: RunningApp[Service] - pkg:com.google.android.gms
03-22 14:40:22.932  1465  1465 I TaskManager:PackageInfo: RunningApp[Service] - pkg:com.dsi.ant.server
03-22 14:40:22.932  1465  1465 I TaskManager:PackageInfo: RunningApp[Service] - pkg:com.sec.imsservice
03-22 14:40:22.932  1465  1465 I TaskManager:PackageInfo: RunningApp[Service] - pkg:com.sec.android.app.samsungapps
03-22 14:40:22.932  1465  1465 I TaskManager:PackageInfo: RunningApp[Service] - pkg:com.samsung.sec.android.application.csc
03-22 14:40:22.942  1465  1465 I TaskManager:PackageInfo: RunningApp[Service] - pkg:com.sec.sve
03-22 14:40:22.942  1465  1465 I TaskManager:PackageInfo: RunningApp[Service] - pkg:tv.peel.smartremote
03-22 14:40:22.942  1465  1465 I TaskManager:PackageInfo: RunningApp[Service] - pkg:com.sec.android.pagebuddynotisvc
03-22 14:40:22.942  1465  1465 I TaskManager:PackageInfo: RunningApp[Service] - pkg:com.telecomsys.directedsms.android.SCG
03-22 14:40:22.942  1465  1465 I TaskManager:PackageInfo: RunningApp[Service] - pkg:com.android.server.telecom
03-22 14:40:22.942  1465  1465 I TaskManager:PackageInfo: RunningApp[Service] - pkg:com.android.stk
03-22 14:40:22.942  1465  1465 I TaskManager:PackageInfo: RunningApp[Service] - pkg:com.vzw.apnservice
03-22 14:40:22.942  1465  1465 I TaskManager:PackageInfo: RunningApp[Service] - pkg:android
03-22 14:40:22.942  1465  1465 I TaskManager:PackageInfo: RunningApp[Service] - pkg:com.google.android.apps.maps
03-22 14:40:22.942  1465  1465 I TaskManager:PackageInfo: RunningApp[Service] - pkg:com.ipsec.service
03-22 14:40:22.942  1465  1465 I TaskManager:PackageInfo: RunningApp[Service] - pkg:com.samsung.android.providers.context
03-22 14:40:22.942  1465  1465 I TaskManager:PackageInfo: RunningApp[Service] - pkg:com.asurion.android.verizon.vms
03-22 14:40:22.942  1465  1465 I TaskManager:PackageInfo: RunningApp[Service] - pkg:com.samsung.android.beaconmanager
03-22 14:40:22.942  1465  1465 I TaskManager:PackageInfo: RunningApp[Service] - pkg:com.samsung.accessory
03-22 14:40:22.942  1465  1465 I TaskManager:PackageInfo: RunningApp[Service] - pkg:com.android.phone
03-22 14:40:22.942  1465  1465 V TaskManager:TaskManagerRemoteService: calcCPUUsage() packageName:org.test.myapp usage:0.0
03-22 14:40:22.942  1465  1465 V TaskManager:TaskManagerRemoteService: calcCPUUsage() packageName:com.sec.android.app.myfiles usage:0.11210762
03-22 14:40:22.942  1465  1465 V TaskManager:TaskManagerRemoteService: calcCPUUsage() packageName:com.android.chrome usage:0.5605381
03-22 14:40:22.942  1465  1465 V TaskManager:TaskManagerRemoteService: calcCPUUsage() packageName:com.sec.android.app.music usage:0.22421524
03-22 14:40:22.942  1361  1361 D SecKeyguardStatusUtils: regionalDateFormat = h:mm a isRTLlanguage = false returnDateFormat = E, d MMMM
03-22 14:40:22.972   798  3081 D EPDG -- [MODEM]: message length is  134
03-22 14:40:22.972   798  3081 D EPDG -- [MODEM]: countRead is 132 offset is 132remaining is 0
03-22 14:40:22.972   798  3081 D EPDG -- EpdgIpcMessageFactory: ipcMainCmd: 13
03-22 14:40:22.972   798  3081 D EPDG -- [UTILS]: isUSerBinary: true
03-22 14:40:22.972   798  3081 D EPDG -- [RILRECEIVER]: [Rx]: Main: IPC_GPRS_CMD Sub: IPC_GPRS_DEFINE_PDP_CONTEXT
03-22 14:40:22.972   798  3081 D EPDG -- [RILRECEIVER]: [Rx]: Param: Suppressed
03-22 14:40:22.972   798  3081 D EPDG -- [RILSHAREDDATA]: getIWlanState(): returning state 3for cid 0
03-22 14:40:22.972   798  3081 D EPDG -- [UTILS]: getApnTypeByName() epdgApnName: VZWIMS apnType: ims
03-22 14:40:22.972   798  3081 D EPDG -- [UTILS]:  getNetworkTypeByApnType() apnType: ims
03-22 14:40:22.972   798  3081 D EPDG -- [UTILS]:  getNetworkTypeByApnType() apnType: ims
03-22 14:40:22.972   798  3081 D EPDG -- [RILSHAREDDATA]: getIWlanState(): returning state 3for cid 0
03-22 14:40:22.972   798  3081 E EPDG -- [RILRECEIVER]: RX [IPC_GPRS_DEFINE_PDP_CONTEXT] -- RESPONSE -- false-- (Invalid IWlan state : 3) (cid : 1)
03-22 14:40:22.972   798  3081 D EPDG -- [UTILS]: isUSerBinary: true
03-22 14:40:22.972   798  3081 D EPDG -- [IPCDISPATCHER]: [Tx]: Main: IPC_GEN_CMD Sub: IPC_GEN_PHONE_RES Cmd Type: IPC_CMD_RESP
03-22 14:40:22.972   798  3081 D EPDG -- [IPCDISPATCHER]: [Tx]: Param: 0D 01 03 05 80 
03-22 14:40:22.972   798  3081 D EPDG -- [MODEM]: EpdgModem instance already exists !
03-22 14:40:22.972   798  3080 D EPDG -- [MODEM]: Successfully written to RIL
03-22 14:40:23.002  1726  1726 D PhoneApp: PhoneAppBroadcastReceiver onReceive android.intent.action.ANY_DATA_STATE
03-22 14:40:23.012  1726  1726 D FileWriteThread_Telephony: FileWriteThread : threadType = 3
03-22 14:40:23.082  1465  1465 V TaskManager:TaskManagerRemoteService: PrevCount : 4 , RunningCount : 4
03-22 14:40:23.082  1465  1465 V TaskManager:TaskManagerRemoteService: Sending new running_count : 4
03-22 14:40:23.122 13266 13266 V TaskCloserActivity: TaskCloserActivity onReceive() - com.sec.android.app.controlpanel.service.RUNNING_COUNT
03-22 14:40:23.182   798   959 I libsuspend: !@suspend_thread_func: wait
03-22 14:40:23.182   798   959 I libsuspend: !@suspend_thread_func: write 9342
03-22 14:40:23.182   798   959 I libsuspend: 
03-22 14:40:23.182   798   959 I libsuspend:  to wakeup_count
03-22 14:40:23.182   798   959 I libsuspend: !@suspend_thread_func: write mem to /sys/power/state
03-22 14:40:30.381   315   576 I qdhwcomposer: handle_blank_event: dpy:0 panel power state: 0
03-22 14:40:30.391   798   959 I libsuspend: !@suspend_thread_func: release sem
03-22 14:40:30.401  1361  1361 D StatusBar.NetworkController: onSignalStrengthsChanged signalStrength=SignalStrength: 99 99 -97 -70 -120 -1 -1 99 2147483647 2147483647 2147483647 -1 2147483647 0x20 cdma level=2
03-22 14:40:30.401  1361  1361 D StatusBar.NetworkController: updateTelephonySignalStrength: hasService=true ss=SignalStrength: 99 99 -97 -70 -120 -1 -1 99 2147483647 2147483647 2147483647 -1 2147483647 0x20 cdma
03-22 14:40:30.401  1361  1361 D StatusBar.NetworkController: updateTelephonySignalStrength: iconLevel=2
03-22 14:40:30.401  1361  1361 D StatusBar.NetworkController: updateTelephonySignalStrength, No signal level. mPhoneSignalIconId = com.android.systemui:drawable/tw_stat_sys_5_level_signal_2_auto_rotate mDataSignalIconId = com.android.systemui:drawable/tw_stat_sys_5_level_signal_2_auto_rotate mQSPhoneSignalIconId = com.android.systemui:drawable/ic_qs_signal_2 mContentDescriptionPhoneSignal = Two bars of phone signal
03-22 14:40:30.401  2032  2032 D HeadsetPhoneState: Signal level : previous=2 curr=2
03-22 14:40:30.401   798  1316 D EPDG -- [SMARTWIFI]: onSignalStrengthsChanged: Received signal strength change, phone type is: 2
03-22 14:40:30.401   798  3085 D EPDG -- [SMARTWIFI]: lastLteRSRP is 2147483647currentLteRSRP is 2147483647
03-22 14:40:30.401   798  3085 D EPDG -- [SMARTWIFI]: lastCdmaDb is -7currentCdmaDb is -7
03-22 14:40:30.401   798  3085 V EPDG -- [SMARTWIFI]: Radio oldest entry removed
03-22 14:40:30.401   798  3085 V EPDG -- [SMARTWIFI]: New entry : (SignalStrength: 99 99 -97 -70 -120 -1 -1 99 2147483647 2147483647 2147483647 -1 2147483647 0x20 cdma : 0 )
03-22 14:40:30.401   798  3085 V EPDG -- [SMARTWIFI]: Radio entry added
03-22 14:40:30.491   798   959 I libsuspend: !@suspend_thread_func: read wakeup_count
03-22 14:40:30.491   798   959 I libsuspend: !@suspend_thread_func: wait
03-22 14:40:30.491   798   959 I libsuspend: !@suspend_thread_func: write 9354
03-22 14:40:30.491   798   959 I libsuspend: 
03-22 14:40:30.491   798   959 I libsuspend:  to wakeup_count
03-22 14:40:30.491   798   959 I libsuspend: !@suspend_thread_func: write mem to /sys/power/state
03-22 14:40:30.501  1361  1361 D StatusBar.NetworkController: Invisible Data Activity Icon
