03-22 14:42:33.121  2032  2032 D HeadsetPhoneState: Signal level : previous=2 curr=2
03-22 14:42:33.121   798  1316 D EPDG -- [SMARTWIFI]: onSignalStrengthsChanged: Received signal strength change, phone type is: 2
03-22 14:42:33.121   798  3085 D EPDG -- [SMARTWIFI]: lastLteRSRP is 2147483647currentLteRSRP is 2147483647
03-22 14:42:33.121   798  3085 D EPDG -- [SMARTWIFI]: lastCdmaDb is -7currentCdmaDb is -6
03-22 14:42:33.121   798  3085 V EPDG -- [SMARTWIFI]: Radio oldest entry removed
03-22 14:42:33.121   798  3085 V EPDG -- [SMARTWIFI]: New entry : (SignalStrength: 99 99 -96 -60 -120 -1 -1 99 2147483647 2147483647 2147483647 -1 2147483647 0x20 cdma : 0 )
03-22 14:42:33.121   798  3085 V EPDG -- [SMARTWIFI]: Radio entry added
03-22 14:42:33.181 17249 17249 I Finsky  : [1] uea.a(7): SCH: Jobs in database: 1-1337 26-1414141414 31-305419896 
03-22 14:42:33.191 17249 17249 I Finsky  : [1] tzx.a(56): SCH: ConstraintMapping: 1-1337, 31-305419896,  -> L: 2338720ms, D: 70009110ms, C: false, I: false, N: 1
03-22 14:42:33.191 17249 17249 I Finsky  : [1] tzx.a(56): SCH: ConstraintMapping: 26-1414141414,  -> L: 26656635ms, D: 27556635ms, C: false, I: false, N: 0
03-22 14:42:33.201 17249 17249 I Finsky  : [1] uck.a(35): Cancelling existing jobscheduler jobs: 9005 9002 
03-22 14:42:33.201 17249 17249 I Finsky  : [1] uck.a(28): Scheduling job Id: 9001, L: 2338720, D: 70009110, C: false, I: false, N: 1
03-22 14:42:33.211 17249 17249 I Finsky  : [1] uck.a(28): Scheduling job Id: 9003, L: 26656635, D: 27556635, C: false, I: false, N: 0
03-22 14:42:33.211 17249 17249 I Finsky  : [1] uck.a(28): Scheduling job Id: 9004, L: 2338720, D: 70009110, C: false, I: false, N: 1
03-22 14:42:33.211   798   959 I libsuspend: !@suspend_thread_func: read wakeup_count
03-22 14:42:33.211   798   959 I libsuspend: !@suspend_thread_func: wait
03-22 14:42:33.211   798   959 I libsuspend: !@suspend_thread_func: write 9493
03-22 14:42:33.211   798   959 I libsuspend: 
03-22 14:42:33.211   798   959 I libsuspend:  to wakeup_count
03-22 14:42:33.211   798   959 I libsuspend: !@suspend_thread_func: write mem to /sys/power/state
03-22 14:42:33.211 17249 17249 I Finsky  : [1] uck.a(28): Scheduling job Id: 9006, L: 26656635, D: 27556635, C: false, I: false, N: 0
03-22 14:42:33.221  1361  1361 D StatusBar.NetworkController: Invisible Data Activity Icon
03-22 14:42:41.270   315   576 I qdhwcomposer: handle_blank_event: dpy:0 panel power state: 0
03-22 14:42:41.280  1361  1361 D StatusBar.NetworkController: refreshViews connected={ wifi data } level=2 combinedSignalIconId=0x7f02064a/com.android.systemui:drawable/stat_sys_wifi_signal_3 mobileLabel=Verizon Wireless wifiLabel="AiHiWiFi" emergencyOnly=false combinedLabel="AiHiWiFi" mAirplaneMode=false mDataActivity=0 mPhoneSignalIconId=0x7f020779/com.android.systemui:drawable/tw_stat_sys_5_level_signal_2_auto_rotate mQSPhoneSignalIconId=0x7f02015b/com.android.systemui:drawable/ic_qs_signal_2 mDataDirectionIconId=0x0/(null) mDataSignalIconId=0x7f020779/com.android.systemui:drawable/tw_stat_sys_5_level_signal_2_auto_rotate mDataTypeIconId=0x7f02040c/com.android.systemui:drawable/stat_sys_data_connected_disabled_1x mQSDataTypeIconId=0x0/(null) mNoSimIconId=0x0/(null) mWifiIconId=0x7f02064a/com.android.systemui:drawable/stat_sys_wifi_signal_3 mQSWifiIconId=0x7f020329/com.android.systemui:drawable/qs_tile_wifi_signal_3 mWifiActivityIconId=0x7f0205fe/com.android.systemui:drawable/stat_sys_signal_no_inout mBluetoothTetherIconId=0x7f020624/com.android.systemui:drawable/stat_sys_tether_bluetooth
03-22 14:42:41.280  1361  1361 D StatusBar.NetworkController: refreshNwBoosterIndicator - setNWBoosterIndicators(false)
03-22 14:42:41.280  1361  1361 D StatusBar.NetworkController: applyVZW
03-22 14:42:41.280   798   959 I libsuspend: !@suspend_thread_func: release sem
03-22 14:42:41.290  1361  1361 D StatusBar.NetworkController: applyVZW : mDataTypeDisabledIconIdcom.android.systemui:drawable/stat_sys_data_connected_disabled_1x
03-22 14:42:41.290  1361  1361 D StatusBar.NetworkController: refreshNwBoosterIndicator - setNWBoosterIndicators(false)
03-22 14:42:41.290  1361  1361 D StatusBar.NetworkController: applyVZW
03-22 14:42:41.290  1361  1361 D StatusBar.NetworkController: applyVZW : mDataTypeDisabledIconIdcom.android.systemui:drawable/stat_sys_data_connected_disabled_1x
03-22 14:42:41.290  1361  1361 D StatusBar.NetworkController: refreshNwBoosterIndicator - setNWBoosterIndicators(false)
03-22 14:42:41.290  1361  1361 D StatusBar.NetworkController: applyVZW
03-22 14:42:41.290  1361  1361 D StatusBar.NetworkController: applyVZW : mDataTypeDisabledIconIdcom.android.systemui:drawable/stat_sys_data_connected_disabled_1x
03-22 14:42:41.290  1361  1361 D StatusBar.NetworkController: refreshNwBoosterIndicator - setNWBoosterIndicators(false)
03-22 14:42:41.290  1361  1361 D StatusBar.NetworkController: applyVZW
03-22 14:42:41.290  1361  1361 D StatusBar.NetworkController: applyVZW : mDataTypeDisabledIconIdcom.android.systemui:drawable/stat_sys_data_connected_disabled_1x
03-22 14:42:41.380   798   959 I libsuspend: !@suspend_thread_func: read wakeup_count
03-22 14:42:41.380   798   959 I libsuspend: !@suspend_thread_func: wait
03-22 14:42:41.380   798   959 I libsuspend: !@suspend_thread_func: write 9500
03-22 14:42:41.380   798   959 I libsuspend: 
03-22 14:42:41.380   798   959 I libsuspend:  to wakeup_count
03-22 14:42:41.380   798   959 I libsuspend: !@suspend_thread_func: write mem to /sys/power/state
03-22 14:43:20.164   315   576 I qdhwcomposer: handle_blank_event: dpy:0 panel power state: 0
03-22 14:43:20.194   798   959 I libsuspend: !@suspend_thread_func: release sem
03-22 14:43:20.294   798   959 I libsuspend: !@suspend_thread_func: read wakeup_count
03-22 14:43:20.294   798   959 I libsuspend: !@suspend_thread_func: wait
03-22 14:43:20.294   798   959 I libsuspend: !@suspend_thread_func: write 9508
03-22 14:43:20.294   798   959 I libsuspend: 
03-22 14:43:20.294   798   959 I libsuspend:  to wakeup_count
03-22 14:43:20.294   798   959 I libsuspend: !@suspend_thread_func: write mem to /sys/power/state
03-22 14:43:45.774   315   576 I qdhwcomposer: handle_blank_event: dpy:0 panel power state: 0
03-22 14:43:45.804   798   959 I libsuspend: !@suspend_thread_func: release sem
03-22 14:43:45.824   798  1307 D WifiStateMachine:  ConnectedState CMD_GET_LINK_LAYER_STATS  rt=13960730/66759524 0 0
03-22 14:43:45.824   798  1307 D WifiStateMachine:  L2ConnectedState CMD_GET_LINK_LAYER_STATS  rt=13960730/66759525 0 0
03-22 14:43:45.824   798  1307 D WifiStateMachine:  ConnectModeState CMD_GET_LINK_LAYER_STATS  rt=13960730/66759525 0 0
03-22 14:43:45.824   798   908 D BluetoothAdapter: STATE_ON
03-22 14:43:45.824   798  1307 D WifiStateMachine:  DriverStartedState CMD_GET_LINK_LAYER_STATS  rt=13960731/66759526 0 0
03-22 14:43:45.824   798  1307 D WifiStateMachine:  SupplicantStartedState CMD_GET_LINK_LAYER_STATS  rt=13960731/66759526 0 0
03-22 14:43:45.824  2032  2275 D bt_vendor: op for 7
03-22 14:43:45.824  2032  2275 D bt_upio : upio_set : pio 0 action 2, polarity 1
03-22 14:43:45.834  2032  2275 D bt_upio : upio_start_stop_timer : timer_settime success
03-22 14:43:45.834  2032  2275 D bt_upio : upio_set: proc btwrite assertion, buffer: 1, timer_armed 1 1
03-22 14:43:45.834  1361  1361 D KeyguardUpdateMonitor: received broadcast android.intent.action.BATTERY_CHANGED
03-22 14:43:45.834  1361  1361 I PERF    : received broadcast android.intent.action.BATTERY_CHANGED
03-22 14:43:45.834  1361  1361 D KeyguardUpdateMonitor: handleBatteryUpdate
03-22 14:43:45.834  1817  1817 D BatteryMonitor: new battery level: 95
03-22 14:43:45.834  1726  1726 D PhoneApp: PhoneAppBroadcastReceiver onReceive android.intent.action.BATTERY_CHANGED
03-22 14:43:45.844  2032  2032 V HeadsetService: HeadsetService - Received Intent.ACTION_BATTERY_CHANGED
03-22 14:43:45.844  2032  2470 D HeadsetStateMachine: Disconnected process message: 10, size: 0
03-22 14:43:45.844 22338 22338 D SMUSIC-SV: mSystemReceiver - batteryLevel: 95 batteryStatus: 3
03-22 14:43:45.844  1726  1726 D TelephonyExtension: Not stopping low battery tone
03-22 14:43:45.904   798   959 I libsuspend: !@suspend_thread_func: read wakeup_count
03-22 14:43:46.094  1465  1465 V TaskManager:TaskManagerRemoteService: case SEND_BROADCAST_ACTIVE_APPS
03-22 14:43:46.094  1465  1465 I TaskManager:PackageInfo: getRunningAppPackageList()
03-22 14:43:46.254  1361  1361 D KeyguardUpdateMonitor: received broadcast android.intent.action.TIME_TICK
03-22 14:43:46.254  1361  1361 I PERF    : received broadcast android.intent.action.TIME_TICK
03-22 14:43:46.254  1361  1361 D KeyguardUpdateMonitor: handleTimeUpdate
03-22 14:43:46.274  1361  1361 D SecKeyguardClockView: onTimeChanged() : mShouldShowDualClock - false, isDualClockSet() -false
03-22 14:43:46.284  1361  1361 D DateView: regionalDateFormat = h:mm a isRTLlanguage = false returnDateFormat = E, d MMMM
03-22 14:43:46.284  1361  1361 D DateView: regionalDateFormat = h:mm a isRTLlanguage = false returnDateFormat = E, d MMMM
03-22 14:43:46.284  1361  1361 D DateView: regionalDateFormat = h:mm a isRTLlanguage = false returnDateFormat = E, d MMMM
03-22 14:43:46.284  1361  1361 D DateView: regionalDateFormat = h:mm a isRTLlanguage = false returnDateFormat = E, d MMMM
03-22 14:43:46.284  1361  1361 D DateView: regionalDateFormat = h:mm a isRTLlanguage = false returnDateFormat = E, d MMMM
03-22 14:43:46.284  1361  1361 D DateView: regionalDateFormat = h:mm a isRTLlanguage = false returnDateFormat = E, d MMMM
03-22 14:43:46.284  1361  1361 D SecKeyguardStatusUtils: regionalDateFormat = h:mm a isRTLlanguage = false returnDateFormat = E, d MMMM
03-22 14:43:46.344  1465  1465 I TaskManager:PackageInfo: RunningApp[Hidden Pkg] - pkg:com.android.contacts
03-22 14:43:46.344  1465  1465 I TaskManager:PackageInfo: RunningApp[Hidden Pkg] - pkg:com.android.settings
03-22 14:43:46.344  1465  1465 I TaskManager:PackageInfo: RunningApp[Hidden Pkg] - pkg:com.android.systemui
03-22 14:43:46.344  1465  1465 I TaskManager:PackageInfo: RunningApp[Service] - pkg:com.android.bluetooth
03-22 14:43:46.344  1465  1465 I TaskManager:PackageInfo: RunningApp[Service] - pkg:com.sec.android.app.bluetoothtest
03-22 14:43:46.344  1465  1465 I TaskManager:PackageInfo: RunningApp[Service] - pkg:com.qualcomm.atfwd
03-22 14:43:46.344  1465  1465 I TaskManager:PackageInfo: RunningApp[Service] - pkg:com.verizon.messaging.vzmsgs
03-22 14:43:46.344  1465  1465 I TaskManager:PackageInfo: RunningApp[Service] - pkg:com.sec.android.daemonapp
03-22 14:43:46.344  1465  1465 I TaskManager:PackageInfo: RunningApp[Service] - pkg:com.vcast.mediamanager
03-22 14:43:46.344  1465  1465 I TaskManager:PackageInfo: RunningApp[Service] - pkg:com.qualcomm.embms
03-22 14:43:46.344  1465  1465 I TaskManager:PackageInfo: RunningApp[Service] - pkg:com.sec.android.app.taskmanager
03-22 14:43:46.344  1465  1465 I TaskManager:PackageInfo: RunningApp[Service] - pkg:com.sec.android.app.videoplayer
03-22 14:43:46.344  1465  1465 I TaskManager:PackageInfo: RunningApp[Service] - pkg:com.google.android.gms
03-22 14:43:46.344  1465  1465 I TaskManager:PackageInfo: RunningApp[Service] - pkg:com.dsi.ant.server
03-22 14:43:46.344  1465  1465 I TaskManager:PackageInfo: RunningApp[Service] - pkg:com.sec.imsservice
03-22 14:43:46.344  1465  1465 I TaskManager:PackageInfo: RunningApp[Service] - pkg:com.sec.android.app.samsungapps
03-22 14:43:46.344  1465  1465 I TaskManager:PackageInfo: RunningApp[Service] - pkg:com.samsung.sec.android.application.csc
03-22 14:43:46.344  1465  1465 I TaskManager:PackageInfo: RunningApp[Service] - pkg:com.sec.sve
03-22 14:43:46.344  1465  1465 I TaskManager:PackageInfo: RunningApp[Service] - pkg:tv.peel.smartremote
03-22 14:43:46.344  1465  1465 I TaskManager:PackageInfo: RunningApp[Service] - pkg:com.sec.android.pagebuddynotisvc
03-22 14:43:46.344  1465  1465 I TaskManager:PackageInfo: RunningApp[Service] - pkg:com.telecomsys.directedsms.android.SCG
03-22 14:43:46.344  1465  1465 I TaskManager:PackageInfo: RunningApp[Service] - pkg:com.android.server.telecom
03-22 14:43:46.344  1465  1465 I TaskManager:PackageInfo: RunningApp[Service] - pkg:com.android.stk
03-22 14:43:46.344  1465  1465 I TaskManager:PackageInfo: RunningApp[Service] - pkg:com.vzw.apnservice
03-22 14:43:46.344  1465  1465 I TaskManager:PackageInfo: RunningApp[Service] - pkg:android
03-22 14:43:46.344  1465  1465 I TaskManager:PackageInfo: RunningApp[Service] - pkg:com.google.android.apps.maps
03-22 14:43:46.344  1465  1465 I TaskManager:PackageInfo: RunningApp[Service] - pkg:com.ipsec.service
03-22 14:43:46.344  1465  1465 I TaskManager:PackageInfo: RunningApp[Service] - pkg:com.samsung.android.providers.context
03-22 14:43:46.344  1465  1465 I TaskManager:PackageInfo: RunningApp[Service] - pkg:com.asurion.android.verizon.vms
03-22 14:43:46.344  1465  1465 I TaskManager:PackageInfo: RunningApp[Service] - pkg:com.samsung.android.beaconmanager
03-22 14:43:46.344  1465  1465 I TaskManager:PackageInfo: RunningApp[Service] - pkg:com.samsung.accessory
03-22 14:43:46.344  1465  1465 I TaskManager:PackageInfo: RunningApp[Service] - pkg:com.android.phone
03-22 14:43:46.344  1465  1465 V TaskManager:TaskManagerRemoteService: calcCPUUsage() packageName:org.test.myapp usage:0.0
03-22 14:43:46.344  1465  1465 V TaskManager:TaskManagerRemoteService: calcCPUUsage() packageName:com.sec.android.app.myfiles usage:0.11876485
03-22 14:43:46.344  1465  1465 V TaskManager:TaskManagerRemoteService: calcCPUUsage() packageName:com.android.chrome usage:0.4750594
03-22 14:43:46.344  1465  1465 V TaskManager:TaskManagerRemoteService: calcCPUUsage() packageName:com.sec.android.app.music usage:0.2375297
03-22 14:43:46.354  1465  1465 V TaskManager:TaskManagerRemoteService: PrevCount : 4 , RunningCount : 4
03-22 14:43:46.354  1465  1465 V TaskManager:TaskManagerRemoteService: Sending new running_count : 4
03-22 14:43:46.394  1361  1361 D SecKeyguardStatusUtils: regionalDateFormat = h:mm a isRTLlanguage = false returnDateFormat = E, d MMMM
03-22 14:43:46.404 13266 13266 V TaskCloserActivity: TaskCloserActivity onReceive() - com.sec.android.app.controlpanel.service.RUNNING_COUNT
03-22 14:43:46.634  2032  2444 D bt_upio : ..proc_btwrite_timeout..
03-22 14:43:46.634  2032  2444 D bt_upio : upio_set : pio 0 action 1, polarity 1
03-22 14:43:47.334  2032  2275 D bt_vendor: op for 7
03-22 14:43:47.334  2032  2275 D bt_upio : upio_set : pio 0 action 1, polarity 1
03-22 14:43:47.334  2032  2275 D bt_upio : BT_WAKE is de-asserted already
03-22 14:43:47.354 17249  1897 I System.out: (HTTPLog)-Static: isSBSettingEnabled false
03-22 14:43:47.354 17249  1897 I System.out: (HTTPLog)-Static: isSBSettingEnabled false
03-22 14:43:48.334   798   959 I libsuspend: !@suspend_thread_func: wait
03-22 14:43:48.334   798   959 I libsuspend: !@suspend_thread_func: write 9536
03-22 14:43:48.334   798   959 I libsuspend: 
03-22 14:43:48.334   798   959 I libsuspend:  to wakeup_count
03-22 14:43:48.334   798   959 I libsuspend: !@suspend_thread_func: write mem to /sys/power/state
03-22 14:43:48.504   315   576 I qdhwcomposer: handle_blank_event: dpy:0 panel power state: 0
03-22 14:43:48.534   798   959 I libsuspend: !@suspend_thread_func: release sem
03-22 14:43:48.634   798   959 I libsuspend: !@suspend_thread_func: read wakeup_count
03-22 14:43:48.994   798   959 I libsuspend: !@suspend_thread_func: wait
03-22 14:43:48.994   798   959 I libsuspend: !@suspend_thread_func: write 9546
03-22 14:43:48.994   798   959 I libsuspend: 
03-22 14:43:48.994   798   959 I libsuspend:  to wakeup_count
03-22 14:43:48.994   798   959 I libsuspend: !@suspend_thread_func: write mem to /sys/power/state
03-22 14:43:58.603   798   959 I libsuspend: !@suspend_thread_func: release sem
03-22 14:43:58.603   315   576 I qdhwcomposer: handle_blank_event: dpy:0 panel power state: 0
03-22 14:43:58.703   798   959 I libsuspend: !@suspend_thread_func: read wakeup_count
03-22 14:43:58.703   798   959 I libsuspend: !@suspend_thread_func: wait
03-22 14:43:58.703   798   959 I libsuspend: !@suspend_thread_func: write 9555
03-22 14:43:58.703   798   959 I libsuspend: 
03-22 14:43:58.703   798   959 I libsuspend:  to wakeup_count
03-22 14:43:58.703   798   959 I libsuspend: !@suspend_thread_func: write mem to /sys/power/state
03-22 14:44:03.345   315   576 I qdhwcomposer: handle_blank_event: dpy:0 panel power state: 0
03-22 14:44:03.355   798   959 I libsuspend: !@suspend_thread_func: release sem
03-22 14:44:03.455   798   959 I libsuspend: !@suspend_thread_func: read wakeup_count
03-22 14:44:03.945 17882 18050 W Icing   : App history upload skipped 72 0 0
03-22 14:44:03.965   798   959 I libsuspend: !@suspend_thread_func: wait
03-22 14:44:03.965   798   959 I libsuspend: !@suspend_thread_func: write 9568
03-22 14:44:03.965   798   959 I libsuspend: 
03-22 14:44:03.965   798   959 I libsuspend:  to wakeup_count
03-22 14:44:03.965   798   959 I libsuspend: !@suspend_thread_func: write mem to /sys/power/state
03-22 14:44:16.218   315   576 I qdhwcomposer: handle_blank_event: dpy:0 panel power state: 0
03-22 14:44:16.248   798   959 I libsuspend: !@suspend_thread_func: release sem
03-22 14:44:16.348   798   959 I libsuspend: !@suspend_thread_func: read wakeup_count
03-22 14:44:16.348   798   959 I libsuspend: !@suspend_thread_func: wait
03-22 14:44:16.348   798   959 I libsuspend: !@suspend_thread_func: write 9575
03-22 14:44:16.348   798   959 I libsuspend: 
03-22 14:44:16.348   798   959 I libsuspend:  to wakeup_count
03-22 14:44:16.348   798   959 I libsuspend: !@suspend_thread_func: write mem to /sys/power/state
03-22 14:44:57.516   315   576 I qdhwcomposer: handle_blank_event: dpy:0 panel power state: 0
03-22 14:44:57.536   798   959 I libsuspend: !@suspend_thread_func: release sem
03-22 14:44:57.636   798   959 I libsuspend: !@suspend_thread_func: read wakeup_count
03-22 14:44:57.636   798   959 I libsuspend: !@suspend_thread_func: wait
03-22 14:44:57.636   798   959 I libsuspend: !@suspend_thread_func: write 9582
03-22 14:44:57.636   798   959 I libsuspend: 
03-22 14:44:57.636   798   959 I libsuspend:  to wakeup_count
03-22 14:44:57.636   798   959 I libsuspend: !@suspend_thread_func: write mem to /sys/power/state
03-22 14:45:09.497   315   576 I qdhwcomposer: handle_blank_event: dpy:0 panel power state: 0
03-22 14:45:09.517   798   959 I libsuspend: !@suspend_thread_func: release sem
03-22 14:45:09.617   798   959 I libsuspend: !@suspend_thread_func: read wakeup_count
03-22 14:45:09.987   798   959 I libsuspend: !@suspend_thread_func: wait
03-22 14:45:09.987   798   959 I libsuspend: !@suspend_thread_func: write 9592
03-22 14:45:09.987   798   959 I libsuspend: 
03-22 14:45:09.987   798   959 I libsuspend:  to wakeup_count
03-22 14:45:09.987   798   959 I libsuspend: !@suspend_thread_func: write mem to /sys/power/state
03-22 14:45:44.764   315   576 I qdhwcomposer: handle_blank_event: dpy:0 panel power state: 0
03-22 14:45:44.794   798   959 I libsuspend: !@suspend_thread_func: release sem
03-22 14:45:44.814  1465  1465 V TaskManager:TaskManagerRemoteService: case SEND_BROADCAST_ACTIVE_APPS
03-22 14:45:44.814  1465  1465 I TaskManager:PackageInfo: getRunningAppPackageList()
03-22 14:45:44.894   798   959 I libsuspend: !@suspend_thread_func: read wakeup_count
03-22 14:45:44.894  1465  1465 I TaskManager:PackageInfo: RunningApp[Hidden Pkg] - pkg:com.android.contacts
03-22 14:45:44.894  1465  1465 I TaskManager:PackageInfo: RunningApp[Hidden Pkg] - pkg:com.android.settings
03-22 14:45:44.894  1465  1465 I TaskManager:PackageInfo: RunningApp[Hidden Pkg] - pkg:com.android.systemui
03-22 14:45:44.894  1465  1465 I TaskManager:PackageInfo: RunningApp[Service] - pkg:com.android.bluetooth
03-22 14:45:44.894  1465  1465 I TaskManager:PackageInfo: RunningApp[Service] - pkg:com.sec.android.app.bluetoothtest
03-22 14:45:44.894  1465  1465 I TaskManager:PackageInfo: RunningApp[Service] - pkg:com.qualcomm.atfwd
03-22 14:45:44.894  1465  1465 I TaskManager:PackageInfo: RunningApp[Service] - pkg:com.verizon.messaging.vzmsgs
03-22 14:45:44.894  1465  1465 I TaskManager:PackageInfo: RunningApp[Service] - pkg:com.sec.android.daemonapp
03-22 14:45:44.894  1465  1465 I TaskManager:PackageInfo: RunningApp[Service] - pkg:com.vcast.mediamanager
03-22 14:45:44.894  1465  1465 I TaskManager:PackageInfo: RunningApp[Service] - pkg:com.qualcomm.embms
03-22 14:45:44.894  1465  1465 I TaskManager:PackageInfo: RunningApp[Service] - pkg:com.sec.android.app.taskmanager
03-22 14:45:44.894  1465  1465 I TaskManager:PackageInfo: RunningApp[Service] - pkg:com.sec.android.app.videoplayer
03-22 14:45:44.894  1465  1465 I TaskManager:PackageInfo: RunningApp[Service] - pkg:com.google.android.gms
03-22 14:45:44.894  1465  1465 I TaskManager:PackageInfo: RunningApp[Service] - pkg:com.dsi.ant.server
03-22 14:45:44.894  1465  1465 I TaskManager:PackageInfo: RunningApp[Service] - pkg:com.sec.imsservice
03-22 14:45:44.894  1465  1465 I TaskManager:PackageInfo: RunningApp[Service] - pkg:com.sec.android.app.samsungapps
03-22 14:45:44.894  1465  1465 I TaskManager:PackageInfo: RunningApp[Service] - pkg:com.samsung.sec.android.application.csc
03-22 14:45:44.894  1465  1465 I TaskManager:PackageInfo: RunningApp[Service] - pkg:com.sec.sve
03-22 14:45:44.894  1465  1465 I TaskManager:PackageInfo: RunningApp[Service] - pkg:tv.peel.smartremote
03-22 14:45:44.894  1465  1465 I TaskManager:PackageInfo: RunningApp[Service] - pkg:com.sec.android.pagebuddynotisvc
03-22 14:45:44.894  1465  1465 I TaskManager:PackageInfo: RunningApp[Service] - pkg:com.telecomsys.directedsms.android.SCG
03-22 14:45:44.894  1465  1465 I TaskManager:PackageInfo: RunningApp[Service] - pkg:com.android.server.telecom
03-22 14:45:44.894  1465  1465 I TaskManager:PackageInfo: RunningApp[Service] - pkg:com.android.stk
03-22 14:45:44.894  1465  1465 I TaskManager:PackageInfo: RunningApp[Service] - pkg:com.vzw.apnservice
03-22 14:45:44.894  1465  1465 I TaskManager:PackageInfo: RunningApp[Service] - pkg:android
03-22 14:45:44.894  1465  1465 I TaskManager:PackageInfo: RunningApp[Service] - pkg:com.google.android.apps.maps
03-22 14:45:44.894  1465  1465 I TaskManager:PackageInfo: RunningApp[Service] - pkg:com.ipsec.service
03-22 14:45:44.894  1465  1465 I TaskManager:PackageInfo: RunningApp[Service] - pkg:com.samsung.android.providers.context
03-22 14:45:44.894  1465  1465 I TaskManager:PackageInfo: RunningApp[Service] - pkg:com.asurion.android.verizon.vms
03-22 14:45:44.894  1465  1465 I TaskManager:PackageInfo: RunningApp[Service] - pkg:com.samsung.android.beaconmanager
03-22 14:45:44.894  1465  1465 I TaskManager:PackageInfo: RunningApp[Service] - pkg:com.samsung.accessory
03-22 14:45:44.894  1465  1465 I TaskManager:PackageInfo: RunningApp[Service] - pkg:com.android.phone
03-22 14:45:44.894  1465  1465 V TaskManager:TaskManagerRemoteService: calcCPUUsage() packageName:org.test.myapp usage:0.0999001
03-22 14:45:44.894  1465  1465 V TaskManager:TaskManagerRemoteService: calcCPUUsage() packageName:com.sec.android.app.myfiles usage:0.0
03-22 14:45:44.894  1465  1465 V TaskManager:TaskManagerRemoteService: calcCPUUsage() packageName:com.android.chrome usage:0.2997003
03-22 14:45:44.894  1465  1465 V TaskManager:TaskManagerRemoteService: calcCPUUsage() packageName:com.sec.android.app.music usage:0.1998002
03-22 14:45:44.904  1465  1465 V TaskManager:TaskManagerRemoteService: PrevCount : 4 , RunningCount : 4
03-22 14:45:44.904  1465  1465 V TaskManager:TaskManagerRemoteService: Sending new running_count : 4
03-22 14:45:44.914 13266 13266 V TaskCloserActivity: TaskCloserActivity onReceive() - com.sec.android.app.controlpanel.service.RUNNING_COUNT
03-22 14:45:45.084  1361  1361 D KeyguardUpdateMonitor: received broadcast android.intent.action.TIME_TICK
03-22 14:45:45.084  1361  1361 I PERF    : received broadcast android.intent.action.TIME_TICK
03-22 14:45:45.084  1361  1361 D KeyguardUpdateMonitor: handleTimeUpdate
03-22 14:45:45.104  1361  1361 D SecKeyguardClockView: onTimeChanged() : mShouldShowDualClock - false, isDualClockSet() -false
03-22 14:45:45.134  1361  1361 D DateView: regionalDateFormat = h:mm a isRTLlanguage = false returnDateFormat = E, d MMMM
03-22 14:45:45.134  1361  1361 D DateView: regionalDateFormat = h:mm a isRTLlanguage = false returnDateFormat = E, d MMMM
03-22 14:45:45.134  1361  1361 D DateView: regionalDateFormat = h:mm a isRTLlanguage = false returnDateFormat = E, d MMMM
03-22 14:45:45.134  1361  1361 D DateView: regionalDateFormat = h:mm a isRTLlanguage = false returnDateFormat = E, d MMMM
03-22 14:45:45.134  1361  1361 D DateView: regionalDateFormat = h:mm a isRTLlanguage = false returnDateFormat = E, d MMMM
03-22 14:45:45.134  1361  1361 D DateView: regionalDateFormat = h:mm a isRTLlanguage = false returnDateFormat = E, d MMMM
03-22 14:45:45.134  1361  1361 D SecKeyguardStatusUtils: regionalDateFormat = h:mm a isRTLlanguage = false returnDateFormat = E, d MMMM
03-22 14:45:45.244  1361  1361 D SecKeyguardStatusUtils: regionalDateFormat = h:mm a isRTLlanguage = false returnDateFormat = E, d MMMM
03-22 14:45:45.274   798  3081 D EPDG -- [MODEM]: message length is  134
03-22 14:45:45.274   798  3081 D EPDG -- [MODEM]: countRead is 132 offset is 132remaining is 0
03-22 14:45:45.274   798  3081 D EPDG -- EpdgIpcMessageFactory: ipcMainCmd: 13
03-22 14:45:45.274   798  3081 D EPDG -- [UTILS]: isUSerBinary: true
03-22 14:45:45.274   798  3081 D EPDG -- [RILRECEIVER]: [Rx]: Main: IPC_GPRS_CMD Sub: IPC_GPRS_DEFINE_PDP_CONTEXT
03-22 14:45:45.274   798  3081 D EPDG -- [RILRECEIVER]: [Rx]: Param: Suppressed
03-22 14:45:45.274   798  3081 D EPDG -- [RILSHAREDDATA]: getIWlanState(): returning state 3for cid 0
03-22 14:45:45.274   798  3081 D EPDG -- [UTILS]: getApnTypeByName() epdgApnName: VZWIMS apnType: ims
03-22 14:45:45.274   798  3081 D EPDG -- [UTILS]:  getNetworkTypeByApnType() apnType: ims
03-22 14:45:45.274   798  3081 D EPDG -- [UTILS]:  getNetworkTypeByApnType() apnType: ims
03-22 14:45:45.274   798  3081 D EPDG -- [RILSHAREDDATA]: getIWlanState(): returning state 3for cid 0
03-22 14:45:45.274   798  3081 E EPDG -- [RILRECEIVER]: RX [IPC_GPRS_DEFINE_PDP_CONTEXT] -- RESPONSE -- false-- (Invalid IWlan state : 3) (cid : 1)
03-22 14:45:45.274   798  3081 D EPDG -- [UTILS]: isUSerBinary: true
03-22 14:45:45.274   798  3081 D EPDG -- [IPCDISPATCHER]: [Tx]: Main: IPC_GEN_CMD Sub: IPC_GEN_PHONE_RES Cmd Type: IPC_CMD_RESP
03-22 14:45:45.274   798  3081 D EPDG -- [IPCDISPATCHER]: [Tx]: Param: 0D 01 03 05 80 
03-22 14:45:45.274   798  3081 D EPDG -- [MODEM]: EpdgModem instance already exists !
03-22 14:45:45.284   798  3080 D EPDG -- [MODEM]: Successfully written to RIL
03-22 14:45:45.284   798   959 I libsuspend: !@suspend_thread_func: wait
03-22 14:45:45.284   798   959 I libsuspend: !@suspend_thread_func: write 9602
03-22 14:45:45.284   798   959 I libsuspend: 
03-22 14:45:45.284   798   959 I libsuspend:  to wakeup_count
03-22 14:45:45.284   798   959 I libsuspend: !@suspend_thread_func: write mem to /sys/power/state
03-22 14:45:45.314  1726  1726 D PhoneApp: PhoneAppBroadcastReceiver onReceive android.intent.action.ANY_DATA_STATE
03-22 14:45:45.314  1726  1726 D FileWriteThread_Telephony: FileWriteThread : threadType = 3
03-22 14:45:45.604   798   959 I libsuspend: !@suspend_thread_func: release sem
03-22 14:45:45.704   798   959 I libsuspend: !@suspend_thread_func: read wakeup_count
03-22 14:45:45.704   798   959 I libsuspend: !@suspend_thread_func: wait
03-22 14:45:45.704   798   959 I libsuspend: !@suspend_thread_func: write 9604
03-22 14:45:45.704   798   959 I libsuspend: 
03-22 14:45:45.704   798   959 I libsuspend:  to wakeup_count
03-22 14:45:45.704   798   959 I libsuspend: !@suspend_thread_func: write mem to /sys/power/state
03-22 14:45:50.646   315   576 I qdhwcomposer: handle_blank_event: dpy:0 panel power state: 0
03-22 14:45:50.676   798   959 I libsuspend: !@suspend_thread_func: release sem
03-22 14:45:50.686  1361  1361 D StatusBar.NetworkController: onSignalStrengthsChanged signalStrength=SignalStrength: 99 99 -97 -130 -120 -1 -1 99 2147483647 2147483647 2147483647 -1 2147483647 0x20 cdma level=2
03-22 14:45:50.686  1361  1361 D StatusBar.NetworkController: updateTelephonySignalStrength: hasService=true ss=SignalStrength: 99 99 -97 -130 -120 -1 -1 99 2147483647 2147483647 2147483647 -1 2147483647 0x20 cdma
03-22 14:45:50.686  1361  1361 D StatusBar.NetworkController: updateTelephonySignalStrength: iconLevel=2
03-22 14:45:50.686  2032  2032 D HeadsetPhoneState: Signal level : previous=2 curr=2
03-22 14:45:50.686  1361  1361 D StatusBar.NetworkController: updateTelephonySignalStrength, No signal level. mPhoneSignalIconId = com.android.systemui:drawable/tw_stat_sys_5_level_signal_2_auto_rotate mDataSignalIconId = com.android.systemui:drawable/tw_stat_sys_5_level_signal_2_auto_rotate mQSPhoneSignalIconId = com.android.systemui:drawable/ic_qs_signal_2 mContentDescriptionPhoneSignal = Two bars of phone signal
03-22 14:45:50.696   798  1316 D EPDG -- [SMARTWIFI]: onSignalStrengthsChanged: Received signal strength change, phone type is: 2
03-22 14:45:50.706   798  3085 D EPDG -- [SMARTWIFI]: lastLteRSRP is 2147483647currentLteRSRP is 2147483647
03-22 14:45:50.706   798  3085 D EPDG -- [SMARTWIFI]: lastCdmaDb is -6currentCdmaDb is -13
03-22 14:45:50.706   798  3085 V EPDG -- [SMARTWIFI]: Radio oldest entry removed
03-22 14:45:50.706   798  3085 V EPDG -- [SMARTWIFI]: New entry : (SignalStrength: 99 99 -97 -130 -120 -1 -1 99 2147483647 2147483647 2147483647 -1 2147483647 0x20 cdma : 0 )
03-22 14:45:50.706   798  3085 V EPDG -- [SMARTWIFI]: Radio entry added
03-22 14:45:50.706   798  3085 D EPDG -- [SMARTWIFI]: Cdma Ec/IO is -13 mCdmaTh -12 posting mRunnableCdmaOff
03-22 14:45:50.706   798  1316 D EPDG -- [EPDGService]: Cdma NOT available
03-22 14:45:50.776   798   959 I libsuspend: !@suspend_thread_func: read wakeup_count
03-22 14:45:50.776   798   959 I libsuspend: !@suspend_thread_func: wait
03-22 14:45:50.776   798   959 I libsuspend: !@suspend_thread_func: write 9615
03-22 14:45:50.776   798   959 I libsuspend: 
03-22 14:45:50.776   798   959 I libsuspend:  to wakeup_count
03-22 14:45:50.776   798   959 I libsuspend: !@suspend_thread_func: write mem to /sys/power/state
03-22 14:45:50.796  1361  1361 D StatusBar.NetworkController: Invisible Data Activity Icon
03-22 14:45:50.796  1361  1361 D StatusBar.NetworkController: refreshViews connected={ wifi data } level=2 combinedSignalIconId=0x7f02064a/com.android.systemui:drawable/stat_sys_wifi_signal_3 mobileLabel=Verizon Wireless wifiLabel="AiHiWiFi" emergencyOnly=false combinedLabel="AiHiWiFi" mAirplaneMode=false mDataActivity=0 mPhoneSignalIconId=0x7f020779/com.android.systemui:drawable/tw_stat_sys_5_level_signal_2_auto_rotate mQSPhoneSignalIconId=0x7f02015b/com.android.systemui:drawable/ic_qs_signal_2 mDataDirectionIconId=0x0/(null) mDataSignalIconId=0x7f020779/com.android.systemui:drawable/tw_stat_sys_5_level_signal_2_auto_rotate mDataTypeIconId=0x7f02040c/com.android.systemui:drawable/stat_sys_data_connected_disabled_1x mQSDataTypeIconId=0x0/(null) mNoSimIconId=0x0/(null) mWifiIconId=0x7f02064a/com.android.systemui:drawable/stat_sys_wifi_signal_3 mQSWifiIconId=0x7f020329/com.android.systemui:drawable/qs_tile_wifi_signal_3 mWifiActivityIconId=0x7f0205fe/com.android.systemui:drawable/stat_sys_signal_no_inout mBluetoothTetherIconId=0x7f020624/com.android.systemui:drawable/stat_sys_tether_bluetooth
03-22 14:45:50.796  1361  1361 D StatusBar.NetworkController: refreshNwBoosterIndicator - setNWBoosterIndicators(false)
03-22 14:45:50.796  1361  1361 D StatusBar.NetworkController: applyVZW
03-22 14:45:50.796   798  1316 D EPDG -- [EPDGService]: sendEpdgRegisterBroadcast with cdmaAvailability: false
03-22 14:45:53.631   315   576 I qdhwcomposer: handle_blank_event: dpy:0 panel power state: 0
03-22 14:45:53.661   798   959 I libsuspend: !@suspend_thread_func: release sem
03-22 14:45:53.671  1361  1361 D StatusBar.NetworkController: applyVZW : mDataTypeDisabledIconIdcom.android.systemui:drawable/stat_sys_data_connected_disabled_1x
03-22 14:45:53.671  1361  1361 D StatusBar.NetworkController: refreshNwBoosterIndicator - setNWBoosterIndicators(false)
03-22 14:45:53.671  1361  1361 D StatusBar.NetworkController: applyVZW
03-22 14:45:53.681   798  1316 D EPDG -- [EPDGService]: getIsAirplaneMode: returning: false
03-22 14:45:53.681   798  1316 D EPDG -- [EPDGTimers]: TEPDG1X timer started
03-22 14:45:53.681  1361  1361 D StatusBar.NetworkController: applyVZW : mDataTypeDisabledIconIdcom.android.systemui:drawable/stat_sys_data_connected_disabled_1x
03-22 14:45:53.681  1361  1361 D StatusBar.NetworkController: refreshNwBoosterIndicator - setNWBoosterIndicators(false)
03-22 14:45:53.681  1361  1361 D StatusBar.NetworkController: applyVZW
03-22 14:45:53.681  1361  1361 D StatusBar.NetworkController: applyVZW : mDataTypeDisabledIconIdcom.android.systemui:drawable/stat_sys_data_connected_disabled_1x
03-22 14:45:53.681  1361  1361 D StatusBar.NetworkController: refreshNwBoosterIndicator - setNWBoosterIndicators(false)
03-22 14:45:53.681  1361  1361 D StatusBar.NetworkController: applyVZW
03-22 14:45:53.681  1361  1361 D StatusBar.NetworkController: applyVZW : mDataTypeDisabledIconIdcom.android.systemui:drawable/stat_sys_data_connected_disabled_1x
03-22 14:45:53.761   798   959 I libsuspend: !@suspend_thread_func: read wakeup_count
03-22 14:45:53.781  1817  1817 D RegistrationManagerBase: EpdgEventReceiver, epdg cellular availability : false
03-22 14:45:53.781   798  1316 D EPDG -- [EPDGService]:  mWifiRssiA :-65 mWifiRssiB:-80 mWifiRssiC:-85 mWifiRssiRoveInWifiOnly:0 mWifiRssiRoveOutWifiOnly:0 mLteRsrp1:-112 mLteRsrp2:-115 mLteRsrp3:-100
03-22 14:45:53.781   798  1316 D EPDG -- [EPDGService]:  mLteThGood:-100 mLteThLow:-112 mCdmaTh:-12 mCdmaProfilingStarted : true Last reported Cdma Ec/Io : -13 mLteProfilingStarted : false Last reported Lte RSRP: 2147483647 mWifiGoodDbValue: -65 mWifiBadDbValue: -80 Current Wifi RSSI Value: -64 Last Known Wifi RSSI Value: -64
03-22 14:45:53.781   798  1316 D EPDG -- [EPDGService]: TimerStatus :
03-22 14:45:53.781   798  1316 D EPDG -- [EPDGService]: Epdg TimerType: TEPDG1X Running
03-22 14:45:53.781  1817  1849 D ResipRegistrationManager: handleMessage(): 123
03-22 14:45:53.781  1817  1849 D RegistrationManagerBase: handleMessage: what 123
03-22 14:45:53.781  1817  1849 D RegistrationManagerBase: onVowifiServiceSettingChanged:
03-22 14:45:53.781   798  1316 D EPDG -- [UTILS]:  getNetworkTypeByApnType() apnType: ims
03-22 14:45:53.781   798  1316 D EPDG -- [EPDGService]: retryL2WHandoverIfRequired(): apnType: ims networkType: 11
03-22 14:45:53.781   798  1316 I EPDG -- [UTILS]: isAlwaysOnApn(): result is: true
03-22 14:45:53.781   798  1316 D EPDG -- [EPDGService]: getIsAirplaneMode: returning: false
03-22 14:45:53.781   798  1316 D EPDG -- [MAPCON]: checkIsRuleforApn: appStr is: idle apnType is: ims
03-22 14:45:53.781   798  1316 D EPDG -- [MAPCON]: apn :ims
03-22 14:45:53.781   798  1316 I EPDG -- [PolicyMgr]: isL2WRecommended: LTE (false) CS (false) VoWIFI (false) call (idle)
03-22 14:45:53.791   798  1316 I EPDG -- [MAPCON]: isIwlanPreceedsCs - meet IWLAN first
03-22 14:45:53.791   798  1316 I EPDG -- [PolicyMgr]: isL2WRecommended: No LTE idle should go to WLAN
03-22 14:45:53.791   798  1316 I EPDG -- [PolicyMgr]: isL2WRecommended(): result is: true
03-22 14:45:53.791   798  1316 D EPDG -- [EPDGService]: Firing L2W handover
03-22 14:45:53.791   798  1316 D EPDG -- [HANDOFF]: Cannot trigger L2W HO: (PDN Not active on other RAT) : 11 networkInfo:[type: MOBILE_IMS[] - MOBILE_IMS, state: DISCONNECTED/DISCONNECTED, reason: (unspecified), extra: (none), roaming: false, failover: false, isAvailable: true]
03-22 14:45:53.791   798  1316 D EPDG -- [EPDGTimers]: TEPDG1X timer tick
03-22 14:45:53.791  1817  1849 D VolteServiceModule: onVoWiFiSwitched:
03-22 14:45:53.821  1817  1849 E OmcCode : OMC is empty
03-22 14:45:53.821  1817  1849 E OmcCode : salesCode is loaded :VZW
03-22 14:45:53.821  1817  1849 D Mno     : fromSim: operator=311480
03-22 14:45:53.821  1817  1849 D Mno     : getCountryCode: mcc=310
03-22 14:45:53.821  1817  1849 D Mno     : choose mno : 311, 480, Verizon Wirelss, us
03-22 14:45:53.841  1817  1849 D ImsSettingsProvider: query Uri: content://com.sec.ims.settings/nvstorage/omadm/
03-22 14:45:53.841  1817  1849 D ImsSettingsProvider: match 15
03-22 14:45:53.841  1817  1849 V ImsSettingsProvider: query Uri[content://com.sec.ims.settings/nvstorage/omadm/], selection [null]
03-22 14:45:53.841  1817  1849 D NvStorage: query: omadm,[omadm/./3GPP_IMS/VOLTE_ENABLED]
03-22 14:45:53.901  1817  1849 D RCS_CONFIG: DmConfigHelper.read,110:omadm/./3GPP_IMS/VOLTE_ENABLED : 0
03-22 14:45:53.901  1817  1849 D RCS_CONFIG: ServiceSwitchDmReader.readBool,46:mmtel use read value(0, false)
03-22 14:45:53.901  1817  1849 D ImsSettingsProvider: query Uri: content://com.sec.ims.settings/nvstorage/omadm/
03-22 14:45:53.901  1817  1849 D ImsSettingsProvider: match 15
03-22 14:45:53.901  1817  1849 V ImsSettingsProvider: query Uri[content://com.sec.ims.settings/nvstorage/omadm/], selection [null]
03-22 14:45:53.901  1817  1849 D NvStorage: query: omadm,[omadm/./3GPP_IMS/VOLTE_ENABLED]
03-22 14:45:53.911  1817  1849 D RCS_CONFIG: DmConfigHelper.read,110:omadm/./3GPP_IMS/VOLTE_ENABLED : 0
03-22 14:45:53.911  1817  1849 D RCS_CONFIG: ServiceSwitchDmReader.readBool,46:mmtel use read value(0, false)
03-22 14:45:54.461   798   959 I libsuspend: !@suspend_thread_func: wait
03-22 14:45:54.461   798   959 I libsuspend: !@suspend_thread_func: write 9629
03-22 14:45:54.461   798   959 I libsuspend: 
03-22 14:45:54.461   798   959 I libsuspend:  to wakeup_count
03-22 14:45:54.461   798   959 I libsuspend: !@suspend_thread_func: write mem to /sys/power/state
03-22 14:45:54.643   315   576 I qdhwcomposer: handle_blank_event: dpy:0 panel power state: 0
03-22 14:45:54.673   798   959 I libsuspend: !@suspend_thread_func: release sem
03-22 14:45:54.683  2032  2032 D HeadsetPhoneState: Signal level : previous=2 curr=2
03-22 14:45:54.683  1361  1361 D StatusBar.NetworkController: onSignalStrengthsChanged signalStrength=SignalStrength: 99 99 -97 -80 -120 -1 -1 99 2147483647 2147483647 2147483647 -1 2147483647 0x20 cdma level=2
03-22 14:45:54.683  1361  1361 D StatusBar.NetworkController: updateTelephonySignalStrength: hasService=true ss=SignalStrength: 99 99 -97 -80 -120 -1 -1 99 2147483647 2147483647 2147483647 -1 2147483647 0x20 cdma
03-22 14:45:54.683  1361  1361 D StatusBar.NetworkController: updateTelephonySignalStrength: iconLevel=2
03-22 14:45:54.683  1361  1361 D StatusBar.NetworkController: updateTelephonySignalStrength, No signal level. mPhoneSignalIconId = com.android.systemui:drawable/tw_stat_sys_5_level_signal_2_auto_rotate mDataSignalIconId = com.android.systemui:drawable/tw_stat_sys_5_level_signal_2_auto_rotate mQSPhoneSignalIconId = com.android.systemui:drawable/ic_qs_signal_2 mContentDescriptionPhoneSignal = Two bars of phone signal
03-22 14:45:54.693   798  1316 D EPDG -- [SMARTWIFI]: onSignalStrengthsChanged: Received signal strength change, phone type is: 2
03-22 14:45:54.693   798  3085 D EPDG -- [SMARTWIFI]: lastLteRSRP is 2147483647currentLteRSRP is 2147483647
03-22 14:45:54.693   798  3085 D EPDG -- [SMARTWIFI]: lastCdmaDb is -13currentCdmaDb is -8
03-22 14:45:54.693   798  3085 V EPDG -- [SMARTWIFI]: Radio oldest entry removed
03-22 14:45:54.693   798  3085 V EPDG -- [SMARTWIFI]: New entry : (SignalStrength: 99 99 -97 -80 -120 -1 -1 99 2147483647 2147483647 2147483647 -1 2147483647 0x20 cdma : 0 )
03-22 14:45:54.693   798  3085 V EPDG -- [SMARTWIFI]: Radio entry added
03-22 14:45:54.693   798  3085 D EPDG -- [SMARTWIFI]: Cdma Ec/IO is -8 mCdmaTh -12 posting mRunnableCdmaOn
03-22 14:45:54.693   798  1316 D EPDG -- [EPDGService]: Cdma available
03-22 14:45:54.693   798  1316 D EPDG -- [EPDGTimers]: TEPDG1X timer is running
03-22 14:45:54.773   798   959 I libsuspend: !@suspend_thread_func: read wakeup_count
03-22 14:45:54.773   798   959 I libsuspend: !@suspend_thread_func: wait
03-22 14:45:54.773   798   959 I libsuspend: !@suspend_thread_func: write 9640
03-22 14:45:54.773   798   959 I libsuspend: 
03-22 14:45:54.773   798   959 I libsuspend:  to wakeup_count
03-22 14:45:54.773   798   959 I libsuspend: !@suspend_thread_func: write mem to /sys/power/state
03-22 14:46:13.952   315   576 I qdhwcomposer: handle_blank_event: dpy:0 panel power state: 0
03-22 14:46:13.962  1361  1361 D StatusBar.NetworkController: Invisible Data Activity Icon
03-22 14:46:13.962  1361  1361 D StatusBar.NetworkController: refreshViews connected={ wifi data } level=2 combinedSignalIconId=0x7f02064a/com.android.systemui:drawable/stat_sys_wifi_signal_3 mobileLabel=Verizon Wireless wifiLabel="AiHiWiFi" emergencyOnly=false combinedLabel="AiHiWiFi" mAirplaneMode=false mDataActivity=0 mPhoneSignalIconId=0x7f020779/com.android.systemui:drawable/tw_stat_sys_5_level_signal_2_auto_rotate mQSPhoneSignalIconId=0x7f02015b/com.android.systemui:drawable/ic_qs_signal_2 mDataDirectionIconId=0x0/(null) mDataSignalIconId=0x7f020779/com.android.systemui:drawable/tw_stat_sys_5_level_signal_2_auto_rotate mDataTypeIconId=0x7f02040c/com.android.systemui:drawable/stat_sys_data_connected_disabled_1x mQSDataTypeIconId=0x0/(null) mNoSimIconId=0x0/(null) mWifiIconId=0x7f02064a/com.android.systemui:drawable/stat_sys_wifi_signal_3 mQSWifiIconId=0x7f020329/com.android.systemui:drawable/qs_tile_wifi_signal_3 mWifiActivityIconId=0x7f0205fe/com.android.systemui:drawable/stat_sys_signal_no_inout mBluetoothTetherIconId=0x7f020624/com.android.systemui:drawable/stat_sys_tether_bluetooth
03-22 14:46:13.962  1361  1361 D StatusBar.NetworkController: refreshNwBoosterIndicator - setNWBoosterIndicators(false)
03-22 14:46:13.962  1361  1361 D StatusBar.NetworkController: applyVZW
03-22 14:46:13.972   798   959 I libsuspend: !@suspend_thread_func: release sem
03-22 14:46:13.982  1361  1361 D StatusBar.NetworkController: applyVZW : mDataTypeDisabledIconIdcom.android.systemui:drawable/stat_sys_data_connected_disabled_1x
03-22 14:46:13.982  1361  1361 D StatusBar.NetworkController: refreshNwBoosterIndicator - setNWBoosterIndicators(false)
03-22 14:46:13.982  1361  1361 D StatusBar.NetworkController: applyVZW
03-22 14:46:13.982  1361  1361 D StatusBar.NetworkController: applyVZW : mDataTypeDisabledIconIdcom.android.systemui:drawable/stat_sys_data_connected_disabled_1x
03-22 14:46:13.982  1361  1361 D StatusBar.NetworkController: refreshNwBoosterIndicator - setNWBoosterIndicators(false)
03-22 14:46:13.982  1361  1361 D StatusBar.NetworkController: applyVZW
03-22 14:46:13.982  1361  1361 D StatusBar.NetworkController: applyVZW : mDataTypeDisabledIconIdcom.android.systemui:drawable/stat_sys_data_connected_disabled_1x
03-22 14:46:13.982  1361  1361 D StatusBar.NetworkController: refreshNwBoosterIndicator - setNWBoosterIndicators(false)
03-22 14:46:13.982  1361  1361 D StatusBar.NetworkController: applyVZW
03-22 14:46:13.982  1361  1361 D StatusBar.NetworkController: applyVZW : mDataTypeDisabledIconIdcom.android.systemui:drawable/stat_sys_data_connected_disabled_1x
03-22 14:46:14.082   798   959 I libsuspend: !@suspend_thread_func: read wakeup_count
03-22 14:46:14.082   798   959 I libsuspend: !@suspend_thread_func: wait
03-22 14:46:14.082   798   959 I libsuspend: !@suspend_thread_func: write 9648
03-22 14:46:14.082   798   959 I libsuspend: 
03-22 14:46:14.082   798   959 I libsuspend:  to wakeup_count
03-22 14:46:14.082   798   959 I libsuspend: !@suspend_thread_func: write mem to /sys/power/state
03-22 14:46:16.272   315   576 I qdhwcomposer: handle_blank_event: dpy:0 panel power state: 0
03-22 14:46:16.282   798   959 I libsuspend: !@suspend_thread_func: release sem
03-22 14:46:16.382   798   959 I libsuspend: !@suspend_thread_func: read wakeup_count
03-22 14:46:16.842   798   959 I libsuspend: !@suspend_thread_func: wait
03-22 14:46:16.842   798   959 I libsuspend: !@suspend_thread_func: write 9660
03-22 14:46:16.842   798   959 I libsuspend: 
03-22 14:46:16.842   798   959 I libsuspend:  to wakeup_count
03-22 14:46:16.842   798   959 I libsuspend: !@suspend_thread_func: write mem to /sys/power/state
03-22 14:46:17.398   315   576 I qdhwcomposer: handle_blank_event: dpy:0 panel power state: 0
03-22 14:46:17.428   798   959 I libsuspend: !@suspend_thread_func: release sem
03-22 14:46:17.528   798   959 I libsuspend: !@suspend_thread_func: read wakeup_count
03-22 14:46:17.878   798   959 I libsuspend: !@suspend_thread_func: wait
03-22 14:46:17.878   798   959 I libsuspend: !@suspend_thread_func: write 9671
03-22 14:46:17.878   798   959 I libsuspend: 
03-22 14:46:17.878   798   959 I libsuspend:  to wakeup_count
03-22 14:46:17.878   798   959 I libsuspend: !@suspend_thread_func: write mem to /sys/power/state
03-22 14:46:21.294   315   576 I qdhwcomposer: handle_blank_event: dpy:0 panel power state: 0
03-22 14:46:21.324   798   959 I libsuspend: !@suspend_thread_func: release sem
03-22 14:46:21.424   798   959 I libsuspend: !@suspend_thread_func: read wakeup_count
03-22 14:46:21.774   798   959 I libsuspend: !@suspend_thread_func: wait
03-22 14:46:21.774   798   959 I libsuspend: !@suspend_thread_func: write 9681
03-22 14:46:21.774   798   959 I libsuspend: 
03-22 14:46:21.774   798   959 I libsuspend:  to wakeup_count
03-22 14:46:21.774   798   959 I libsuspend: !@suspend_thread_func: write mem to /sys/power/state
03-22 14:46:55.230   315   576 I qdhwcomposer: handle_blank_event: dpy:0 panel power state: 0
03-22 14:46:55.260   798   959 I libsuspend: !@suspend_thread_func: release sem
--------- beginning of system
03-22 14:46:55.320   798  1305 D NetworkPolicy: isUidForegroundLocked: 10004, mScreenOn: false, uidstate: 3, mProxSensorScreenOff: false
03-22 14:46:55.360   798   959 I libsuspend: !@suspend_thread_func: read wakeup_count
03-22 14:46:55.360   798   959 I libsuspend: !@suspend_thread_func: wait
03-22 14:46:55.360   798   959 I libsuspend: !@suspend_thread_func: write 9688
03-22 14:46:55.360   798   959 I libsuspend: 
03-22 14:46:55.360   798   959 I libsuspend:  to wakeup_count
03-22 14:46:55.360   798   959 I libsuspend: !@suspend_thread_func: write mem to /sys/power/state
03-22 14:47:48.018   315   576 I qdhwcomposer: handle_blank_event: dpy:0 panel power state: 0
03-22 14:47:48.038   798   959 I libsuspend: !@suspend_thread_func: release sem
03-22 14:47:48.068  1465  1465 V TaskManager:TaskManagerRemoteService: case SEND_BROADCAST_ACTIVE_APPS
03-22 14:47:48.068  1465  1465 I TaskManager:PackageInfo: getRunningAppPackageList()
03-22 14:47:48.128  1465  1465 I TaskManager:PackageInfo: RunningApp[Hidden Pkg] - pkg:com.android.contacts
03-22 14:47:48.128  1465  1465 I TaskManager:PackageInfo: RunningApp[Hidden Pkg] - pkg:com.android.settings
03-22 14:47:48.128  1465  1465 I TaskManager:PackageInfo: RunningApp[Hidden Pkg] - pkg:com.android.systemui
03-22 14:47:48.128  1465  1465 I TaskManager:PackageInfo: RunningApp[Service] - pkg:com.android.bluetooth
03-22 14:47:48.128  1465  1465 I TaskManager:PackageInfo: RunningApp[Service] - pkg:com.sec.android.app.bluetoothtest
03-22 14:47:48.128  1465  1465 I TaskManager:PackageInfo: RunningApp[Service] - pkg:com.qualcomm.atfwd
03-22 14:47:48.128  1465  1465 I TaskManager:PackageInfo: RunningApp[Service] - pkg:com.verizon.messaging.vzmsgs
03-22 14:47:48.128  1465  1465 I TaskManager:PackageInfo: RunningApp[Service] - pkg:com.sec.android.daemonapp
03-22 14:47:48.128  1465  1465 I TaskManager:PackageInfo: RunningApp[Service] - pkg:com.vcast.mediamanager
03-22 14:47:48.128  1465  1465 I TaskManager:PackageInfo: RunningApp[Service] - pkg:com.qualcomm.embms
03-22 14:47:48.128  1465  1465 I TaskManager:PackageInfo: RunningApp[Service] - pkg:com.sec.android.app.taskmanager
03-22 14:47:48.128  1465  1465 I TaskManager:PackageInfo: RunningApp[Service] - pkg:com.sec.android.app.videoplayer
03-22 14:47:48.128  1465  1465 I TaskManager:PackageInfo: RunningApp[Service] - pkg:com.google.android.gms
03-22 14:47:48.128  1465  1465 I TaskManager:PackageInfo: RunningApp[Service] - pkg:com.dsi.ant.server
03-22 14:47:48.128  1465  1465 I TaskManager:PackageInfo: RunningApp[Service] - pkg:com.sec.imsservice
03-22 14:47:48.128  1465  1465 I TaskManager:PackageInfo: RunningApp[Service] - pkg:com.sec.android.app.samsungapps
03-22 14:47:48.128  1465  1465 I TaskManager:PackageInfo: RunningApp[Service] - pkg:com.samsung.sec.android.application.csc
03-22 14:47:48.128  1465  1465 I TaskManager:PackageInfo: RunningApp[Service] - pkg:com.sec.sve
03-22 14:47:48.128  1465  1465 I TaskManager:PackageInfo: RunningApp[Service] - pkg:tv.peel.smartremote
03-22 14:47:48.128  1465  1465 I TaskManager:PackageInfo: RunningApp[Service] - pkg:com.sec.android.pagebuddynotisvc
03-22 14:47:48.128  1465  1465 I TaskManager:PackageInfo: RunningApp[Service] - pkg:com.telecomsys.directedsms.android.SCG
03-22 14:47:48.128  1465  1465 I TaskManager:PackageInfo: RunningApp[Service] - pkg:com.android.server.telecom
03-22 14:47:48.128  1465  1465 I TaskManager:PackageInfo: RunningApp[Service] - pkg:com.android.stk
03-22 14:47:48.128  1465  1465 I TaskManager:PackageInfo: RunningApp[Service] - pkg:com.vzw.apnservice
03-22 14:47:48.128  1465  1465 I TaskManager:PackageInfo: RunningApp[Service] - pkg:android
03-22 14:47:48.128  1465  1465 I TaskManager:PackageInfo: RunningApp[Service] - pkg:com.google.android.apps.maps
03-22 14:47:48.128  1465  1465 I TaskManager:PackageInfo: RunningApp[Service] - pkg:com.ipsec.service
03-22 14:47:48.128  1465  1465 I TaskManager:PackageInfo: RunningApp[Service] - pkg:com.samsung.android.providers.context
03-22 14:47:48.128  1465  1465 I TaskManager:PackageInfo: RunningApp[Service] - pkg:com.asurion.android.verizon.vms
03-22 14:47:48.128  1465  1465 I TaskManager:PackageInfo: RunningApp[Service] - pkg:com.samsung.android.beaconmanager
